11-12 20:16:15.300 25633  2916 I fwkit_CountryUtil: [I/fwkit/fwkit_CountryUtil 25633:76098 CountryUtil.java:74] getCountryCode end, issue_countrycode =  CN
11-12 20:16:15.300 25633  2910 I fwkit_date_utils: [I/fwkit/fwkit_date_utils 25633:76094 DateUtil.java:29] init threadLocal
11-12 20:16:15.300 25633  2910 I fwkit_HmsProfiler: [I/fwkit/fwkit_HmsProfiler 25633:76094 HmsProfiler.java:533] traceApiEvent input : com.xingin.xhs
11-12 20:16:15.301 25633  2910 I fwkit_profiler_util: [I/fwkit/fwkit_profiler_util 25633:76094 ProfilerUtil.java:297] sample upload state has been exist:false
11-12 20:16:15.301 25633  2910 I AIDLResponseImpl: [I/HMSCore/AIDLResponseImpl 25633:76094 SourceFile:10] Response, uri: push.gettoken, statusCode: 0, errorCode: 0
11-12 20:16:15.302 25633  2910 I fwkit_profiler_util: [I/fwkit/fwkit_profiler_util 25633:76094 ProfilerUtil.java:297] sample upload state has been exist:false
11-12 20:16:15.302 25633  2911 I fwkit_CountryUtil: [I/fwkit/fwkit_CountryUtil 25633:76095 CountryUtil.java:69] getCountryCode start.
11-12 20:16:15.303 25633  2911 I fwkit_CountryUtil: [I/fwkit/fwkit_CountryUtil 25633:76095 CountryUtil.java:74] getCountryCode end, issue_countrycode =  CN
11-12 20:16:15.303 25633  2910 I HMSPushLog60200301: [I/PushKit/HMSPushLog60200301 25633:76094 null:8] Apply hms token within 24h, not allowed apply hms token.
11-12 20:16:15.303  2420  2444 I chatty  : uid=10759(com.xingin.xhs) Binder:2420_1 expire 1 line
11-12 20:16:15.303 25633  2910 I fwkit_msg_aidl_request: [I/fwkit/fwkit_msg_aidl_request 25633:76094 AIDLRequest.java:145] onRequest end, uri: push.gettoken transactionId: 010194368ttoken20211112201613221340536 elapsedTime: 24ms
11-12 20:16:15.304 25633 27525 I FormalHASDK: HiAnalyticsInstance==> HiAnalyticsInstance.onEvent(int type, String eventId, Map<String, String> mapValue) is execute.TAG: HmsProfiler,TYPE: 1,eventId: HMS_APK_CORE_AIDL_CALLED
11-12 20:16:15.304   676  1259 W /system/bin/netd: A binder object at 0x7cd6c93d00 is being transacted on, however, this object is in the same process as its proxy. Transacting with this binder is expensive compared to just calling the corresponding functionality in the same process.
11-12 20:16:15.304   676  1259 I PreDnsController: CanPreDnsQuery,persist.sys.predns is false!
11-12 20:16:15.304 27894 27994 I HwOUC   : [A_NORMAL_Hota-71867]getNewVersionFromServer status: 200(RequestNewVersion:14)
11-12 20:16:15.306 27894 27994 I HwOUC   : [A_NORMAL_Hota-71867]NewVersionRequest retrieve newVersionInfo.xml: {"status":"0","blVersionCheckResults":[{"cooperativeFeatureSupported":"true","upgradePathId":757924670488970004,"mccId":0,"pollingPeriod":"1","updatePackages":[{"versionId":"b6526e05fec14680a00f7a35177a2ddd","versionPackageType":2,"packageIndex":1},{"versionId":"8576ce305ff2491b894f262b0643d4ad","versionPackageType":3,"packageIndex":2}],"blVersionInfo":{"updateAction":"upgrade","laneId":542729201279567488,"laneName":"HotaLane_ELE-AL00_all_cn_C00_R1","targetBlVersionNumber":"ELE-AL00 102.0.0.209(C00E205R1P4)","currentBlVersionId":683174007712776960,"currentBlVersionNumber":"ELE-AL00 102.0.0.165(C00E160R1P4)","targetBlVersionId":739919004495251072,"blVersionType":1,"transactionId":"7d50a6e0-6978-40cf-baed-37958fa60fbe"},"ruleGroupId":757924670505747206,"currentVersionMatchType":1,"cooperativeUpgradeStatus":"0","targetBlComponents":[{"versionPackageType":2,"displayVersionNumber":"ELE-LGRP1-CHN 2.0.0.209","versionNumber":"ELE-LGRP1-CHN 102.0.0.209"},{"versionPackageType":3,"displayVersionNumber":"ELE-AL00-CUST 2.0.0.205(C00)","versionNumber":"ELE-AL00-CUST 102.0.0.205(C00)"},{"versionPackageType":4,"displayVersionNumber":"ELE-AL00-PRELOAD 2.0.0.4(C00R1)","versionNumber":"ELE-AL00-PRELOAD 102.0.0.4(C00R1)"}],"descriptPackageId":"dc5e71021e5c42fdb3704611828d6c98","updatePathAttr":"","userType":"2","dynamicAttr":{"softwarePlatMSVersion":"HarmonyOS 2.0","moduleVersion":"20000000000964"},"blVersionType":1,"status":"0","releaseRuleAttr":""},{"cooperativeFeatureSupported":"true","upgradePathId":750010458311754502,"mccId":0,"pollingPeriod":"1","updatePackages":[{"versionId":"26565171fb5b470292c866997c7b8f24","versionPackageType":8,"packageIndex":1}],"blVersionInfo":{"updateAction":"upgrade","laneId":547515056712058496,"laneName":"PatchLane_ELE-LGRP1-CHN","targetBlVersionNumber":"ELE-LGRP1-CHN 102.0.0.209(patch01)","currentBlVersionId":1,"currentBlVersionNumber":"ELE-LGRP1-CHN 102.0.0.209","targetBlVersionId":747960499848611456,"blVersionType":3,"transactionId":"7d50a6e0-6978-40cf-baed-37958fa60fbe"},"ruleGroupId":750010458328531716,"currentVersionMatchType":0,"cooperativeUpgradeStatus":"0","targetBlComponents":[{"versionPackageType":2,"displayVersionNumber":"ELE-LGRP1-CHN 102.0.0.209","versionNumber":"ELE-LGRP1-CHN 102.0.0.209"},{"versionPackageType":8,"displayVersionNumber":"patch01","versionNumber":"patch01"}],"descriptPackageId":"3f38bb3a411c414883d33a9e795bc621","updatePathAttr":"","userType":"2","dynamicAttr":{},"blVersionType":3,"status":"0","releaseRuleAttr":""}],"versionList":[{"versionId":"b6526e05fec14680a00f7a35177a2ddd","versionNumber":"ELE-LGRP1-CHN 102.0.0.209","url":"","reserveUrl":"","storageType":1},{"versionId":"8576ce305ff2491b894f262b0643d4ad","versionNumber":"ELE-AL00-CUST 102.0.0.205(C00)","url":"","reserveUrl":"","storageType":1},{"versionId":"dc5e71021e5c42fdb3704611828d6c98","versionNumber":"254429561","url":"","reserveUrl":"","storageType":1},{"versionId":"26565171fb5b470292c866997c7b8f24","versionNumber":"patch01","url":"","reserveUrl":"","storageType":1},{"versionId":"3f38bb3a411c414883d33a9e795bc621","versionNumber":"254521801","url":"","reserveUrl":"","storageType":1}],"cotaInfo":{"vendorCota":"UNKNOWN","country":"UNKNOWN","vendorExpiredTime":"1637324174744"},"allSceneVersionQueryStatus":"0"}(RequestNewVersion:20)
11-12 20:16:15.310 27894  2517 I HOTA_OUC: [A_NORMAL-72148]has not install enterprise, isAllowHotaUpgrade return true(HotaCheck:9)
11-12 20:16:15.311 27894 28049 I AS_OUC  : [A_NORMAL_Hota-71870]isSupportUDID true(UDIDUtil:2)
11-12 20:16:15.325 27894 28049 I HwOUC   : [A_NORMAL_Hota-71870]set https(NetworkRequest:7)
11-12 20:16:15.326 27894 28049 I SecurityComp10105306: SecureX509TrustManager: loadBksCA
11-12 20:16:15.326 27894 28049 I SecurityComp10105306: BksUtil: getFilesBksIS 
11-12 20:16:15.326 27894 28049 I SecurityComp10105306: SecureX509TrustManager: get bks not from assets
11-12 20:16:15.331  5320  5600 I PushLog110107300: [SocketRead_19:21:43-244]enter cancelAlarm(Action=com.huawei.android.push.intent.RESPONSE_FAIL
11-12 20:16:15.331  1684  5910 I AlarmManager: remove alarm:Alarm{811c499 type 0 when 1636719405291 PendingIntent{7c762fd: PendingIntentRecord{74d0d41 android broadcastIntent}}android procName com.huawei.android.pushagent.PushService} according to operation:8025d11
11-12 20:16:15.335  5320  5600 I PushLog110107300: [SocketRead_19:21:43-244]process cmdid to receive from pushSrv:49, subCmdId:FF
11-12 20:16:15.336  1684  3405 D HwConnectivityServiceEx: set 10759 NULL value false
11-12 20:16:15.336  5320  5600 I PushLog110107300: [SocketRead_19:21:43-244]dispatchIntent over
11-12 20:16:15.337  5320  5392 I PushLog110107300: [ReceiverDispatcher-225]process push message cmdid from pushSrv:49, subCmdId:FF
11-12 20:16:15.337  5320  5392 I PushLog110107300: [ReceiverDispatcher-225]enter AlarmTools:setInexactAlarm(intent action: com.huawei.action.push.intent.CHECK_CHANNEL_CYCLE interval:1200000ms
11-12 20:16:15.339  1684  5910 I AlarmManager: remove alarm:Alarm{79a655f type 1 when 1636720464097 PendingIntent{7d22ad1: PendingIntentRecord{79858d5 android broadcastIntent}}android procName com.huawei.android.pushagent.PushService} according to operation:7753c71
11-12 20:16:15.346  1684  2722 I chatty  : uid=1000(system) Binder:1684_E expire 8 lines
11-12 20:16:15.349 27894  2918 I HwOUC   : [Thread-101-72156]/data/user/0/com.huawei.android.hwouc/files/bugtrace_log has been set label(FileUtils:22)
11-12 20:16:15.364 30720 30720 I chatty  : uid=10759 com.xingin.xhs:longlink expire 1 line
11-12 20:16:15.365 30720 31672 D HwCustConnectivityManagerImpl: isBlockNetworkRequestByNonAis, INVALID_SUBSCRIPTION_ID
11-12 20:16:15.365 30720 31672 I chatty  : uid=10759(com.xingin.xhs) Binder:30720_5 expire 1 line
11-12 20:16:15.367 30720  2919 I chatty  : uid=10759(com.xingin.xhs) default expire 4 lines
11-12 20:16:15.367  1684  2722 I ConnectivityService: requestNetwork for uid/pid:10759/30720 NetworkRequest [ REQUEST id=9618, [ Transports: CELLULAR|WIFI|BLUETOOTH|ETHERNET|VPN|WIFI_AWARE|LOWPAN Capabilities: NOT_METERED&NOT_RESTRICTED&TRUSTED&NOT_VPN Uid: 10759 DNN:  SSCMODE: 0 SNSSAI:  PduSessionType: 0 RouteBitmap: 0] ]
11-12 20:16:15.368  1684  2115 I ConnectivityService: rematching NetworkAgentInfo [WIFI () - 627]
11-12 20:16:15.370 25633 26203 I PushKitAppLogManager: PrintWorker poll timeout, shutdown.
11-12 20:16:15.370 30720  2928 I chatty  : uid=10759 com.xingin.xhs:longlink expire 2 lines
11-12 20:16:15.371 25633 26203 I PushKitAppLogManager: PrintWorker poll timeout, shutdown.
11-12 20:16:15.377 25633 26203 I PushKitAppLogManager: PrintWorker poll timeout, shutdown.
11-12 20:16:15.377  1684  2115 I ConnectivityService: CS = 0, NS = 60
11-12 20:16:15.377  1684  2115 I ConnectivityService: rematch for NetworkAgentInfo [WIFI () - 627]
11-12 20:16:15.378  3174  3174 D PhoneSwitcherNetworkRequstListener: got request NetworkRequest [ REQUEST id=9618, [ Transports: CELLULAR|WIFI|BLUETOOTH|ETHERNET|VPN|WIFI_AWARE|LOWPAN Capabilities: NOT_METERED&NOT_RESTRICTED&TRUSTED&NOT_VPN Uid: 10759 DNN:  SSCMODE: 0 SNSSAI:  PduSessionType: 0 RouteBitmap: 0] ] with score 60 and serial -1
11-12 20:16:15.379  1684  2115 I ConnectivityService: NetworkAgentInfo [WIFI () - 627] NC all is: 32 9604 9581 43 9595 41 40 9377 10 9165 9369 9082 9614 9376 53 9589 9601 15 9580 9392 9187 9556 9245 4 23 9433 9562 9 6478 9603 9365 9590 6479 9609 9564 9080 9596 11 12 9612 1 9539 
11-12 20:16:15.379  3174  3174 D PhoneSwitcherNetworkRequstListener: got request NetworkRequest [ REQUEST id=9618, [ Transports: CELLULAR|WIFI|BLUETOOTH|ETHERNET|VPN|WIFI_AWARE|LOWPAN Capabilities: NOT_METERED&NOT_RESTRICTED&TRUSTED&NOT_VPN Uid: 10759 DNN:  SSCMODE: 0 SNSSAI:  PduSessionType: 0 RouteBitmap: 0] ] with score 60 and serial -1
11-12 20:16:15.381  1684  2115 I ConnectivityService: rematching NetworkAgentInfo [MOBILE (LTE) - 626]
11-12 20:16:15.381  1684  2115 I ConnectivityService: CS = 60, NS = 50
11-12 20:16:15.381   870   870 I aptouch_daemon: update_work_mode, tsa thinks afe should in work mode. thp_afe_force_exit_idle, ret=[0]
11-12 20:16:15.381   870   870 I aptouch_daemon: handle_tsa_output_ctrl, thp_afe_start_calibration, ret=[0]
11-12 20:16:15.382  1684  2115 I chatty  : uid=1000(system) ConnectivitySer identical 38 lines
11-12 20:16:15.382  1684  2115 I ConnectivityService: CS = 60, NS = 50
11-12 20:16:15.382  1684  2115 I ConnectivityService: NetworkAgentInfo [MOBILE (LTE) - 626] NC all is: 6887 
11-12 20:16:15.384 25633 26203 I PushKitAppLogManager: PrintWorker poll timeout, shutdown.
11-12 20:16:15.386 25633 26203 I PushKitAppLogManager: PrintWorker poll timeout, shutdown.
11-12 20:16:15.386  2420  2926 I chatty  : uid=10759(com.xingin.xhs) expire 9 lines
11-12 20:16:15.391  1684  5910 I JobServiceContext: APP response end time startJob.
11-12 20:16:15.403  1684  3405 E WifiPermissionsUtil: isAppOpAllowed is false and uid 10759 coarseForTargetSdkLessThanQ true isTargetSdkLessThanQ false
11-12 20:16:15.403  1684  3405 I chatty  : uid=1000(system) Binder:1684_1B expire 2 lines
11-12 20:16:15.408   870   870 I aptouch_daemon: check_idle_status, idle out.
11-12 20:16:15.415  1684  5910 I JobScheduler: APP response end time, Completed JobStatus{704a443 #u0a759/1902131808 com.xingin.xhs/com.xingin.cupid.getui.GeTuiIntentService u=0 s=10759 TIME=none:-2s993ms READY}, reschedule=false
11-12 20:16:15.416   770  1214 D AudioPolicyService: getUidState(10759) !cacheIter->second.first, return PROCESS_STATE_UNKNOWN
11-12 20:16:15.418  1684  1684 I JobScheduler: isComponentUsable: 7a6c209 #u0a21/2009362604 DispatchAlarm:com.google.android.gms component not present
11-12 20:16:15.418  1684  1684 I JobScheduler: isComponentUsable: 778e809 #1001/10 com.huawei.hwvoipservice/.statistical.EventHandler$UploadStaticsJob component not present
11-12 20:16:15.419  1684  1684 I JobScheduler: isComponentUsable: 778e809 #1001/10 com.huawei.hwvoipservice/.statistical.EventHandler$UploadStaticsJob component not present
11-12 20:16:15.419  1684  1684 I JobScheduler: isComponentUsable: 77b6f2b #1000/10101001 com.huawei.hiview/com.huawei.lcagent.service.process.nps.NpsDailyJobService component not present
11-12 20:16:15.419  1684  1684 I JobScheduler: isComponentUsable: 77b6f2b #1000/10101001 com.huawei.hiview/com.huawei.lcagent.service.process.nps.NpsDailyJobService component not present
11-12 20:16:15.419   676  1259 W /system/bin/netd: A binder object at 0x7cd6c93d00 is being transacted on, however, this object is in the same process as its proxy. Transacting with this binder is expensive compared to just calling the corresponding functionality in the same process.
11-12 20:16:15.419   676  1259 I PreDnsController: CanPreDnsQuery,persist.sys.predns is false!
11-12 20:16:15.425  1684  5910 I AlarmManager: remove alarm:Alarm{811c409 type 2 when 1202932329 PendingIntent{7fa1759: PendingIntentRecord{803d409 com.xingin.xhs broadcastIntent}}com.xingin.xhs procName com.xingin.xhs:longlink} according to operation:7e12f51
11-12 20:16:15.433 29866 30034 W imsdk   : TIM: 63    2021-11-12 20:16:15.433/W/29866-30034     /Network     -channel.cpp.177  OnSendStatus                              /send packet status|channel id:8|seq:1089450014|cmd:Heartbeat.Alive|status:send timeout|size:256|sent:0
11-12 20:16:15.434 29866 30034 I imsdk   : TIM: 64    2021-11-12 20:16:15.434/I/29866-30034     /Network     -connmonitor.cpp.235  StopCheckNetwork                      /stop check network|cur_net_id: 1:"dftt_office_5.8G":1
11-12 20:16:15.434 29866 30034 I imsdk   : TIM: 65    2021-11-12 20:16:15.434/I/29866-30034     /Common      -imcore_manager.cpp.958  OnConnecting                       /OnConnecting
11-12 20:16:15.434 29866 30034 I imsdk   : TIM: 66    2021-11-12 20:16:15.434/I/29866-30034     /IMSDK       -NativeManager.0                                            /onNetworkStatusChanged Enter; type:2 code:0 errMsg:
11-12 20:16:15.435 19112 19337 D JIGUANG-JCore: [JCoreTCPManager] Action - restartNetworkingClient, pid:19112
11-12 20:16:15.436  1684  2722 V BroadcastQueue: Finished with ordered broadcast BroadcastRecord{7b98ddd u0 com.xingin.xhs.cmd_msg}
11-12 20:16:15.437 29866 30034 I imsdk   : TIM: 67    2021-11-12 20:16:15.437/I/29866-30034     /IMSDK       -BaseManager.0                                              /onConnecting
11-12 20:16:15.438 29866 30034 I imsdk   : TIM: 68    2021-11-12 20:16:15.438/I/29866-30034     /Network     -ipswitcher.cpp.50  SelectBestChannel                       /choose best channel|net_type:WIFI|net_id:1:"dftt_office_5.8G":1|prior_ip_src:http dns|reason:no connection to send
11-12 20:16:15.439 29866 30034 W imsdk   : TIM: 69    2021-11-12 20:16:15.439/W/29866-30034     /Network     -channel.cpp.249  CheckPacketTimeoutInternal                /packet timeout(send)|channel id:8|seq:1089450014|cmd:Heartbeat.Alive|status:send timeout|retry count:1
11-12 20:16:15.439 29866 30034 I imsdk   : TIM: 70    2021-11-12 20:16:15.439/I/29866-30034     /Network     -connmonitor.cpp.251  operator()                            /network change ping|code:9519|errMsg:packet in queue but no available channel to send
11-12 20:16:15.439 29866 30034 W imsdk   : TIM: 71    2021-11-12 20:16:15.439/W/29866-30034     /Network     -channel.cpp.177  OnSendStatus                              /send packet status|channel id:8|seq:1089450015|cmd:Heartbeat.Alive|status:send timeout|size:256|sent:0
11-12 20:16:15.439 29866 30034 W imsdk   : TIM: 72    2021-11-12 20:16:15.439/W/29866-30034     /Network     -channel.cpp.249  CheckPacketTimeoutInternal                /packet timeout(send)|channel id:8|seq:1089450015|cmd:Heartbeat.Alive|status:send timeout|retry count:1
11-12 20:16:15.439 29866 30034 I imsdk   : TIM: 73    2021-11-12 20:16:15.439/I/29866-30034     /Network     -connmonitor.cpp.251  operator()                            /network change ping|code:9519|errMsg:packet in queue but no available channel to send
11-12 20:16:15.451 30720  2936 I chatty  : uid=10759 com.xingin.xhs:longlink expire 2 lines
11-12 20:16:15.457  1684  5910 V ActivityManager: Successfully start provider ContentProviderRecord{7dcc8ea u0 com.sohu.newsclient/.storage.database.provider.SettingProvider} launchingApp=null caller pid= 19112
11-12 20:16:15.458   770  1214 D AudioPolicyService: getUidState(10759) !cacheIter->second.first, return PROCESS_STATE_UNKNOWN
11-12 20:16:15.464  1684  2722 D HwConnectivityServiceEx: set 11596 wlan0 value false
11-12 20:16:15.473 15730 15860 I cr.sandbox.render: RenderMainThread heartbeat, interval/index: 30/50, render/gpu: 11/1
11-12 20:16:15.473 15730 15866 I cr.sandbox.render: RenderIOThread heartbeat, interval/index: 60/27, render/gpu: 11/1
11-12 20:16:15.475  2420  2420 I chatty  : uid=10759(com.xingin.xhs) expire 1 line
11-12 20:16:15.481  1684  3405 E WifiPermissionsUtil: isAppOpAllowed is false and uid 10759 coarseForTargetSdkLessThanQ true isTargetSdkLessThanQ false
11-12 20:16:15.482  2420  2583 I chatty  : uid=10759(com.xingin.xhs) expire 2 lines
11-12 20:16:15.483  1684  3405 W ProcBatteryStats: timer is running , not start, name: com.xingin.xhs, uid: 10759, tag: Mars::MicroMsg.WakerLock
11-12 20:16:15.484  1684  3405 W ProcBatteryStats: timer is running , not start, name: com.xingin.xhs, uid: 10759, tag: Mars::MicroMsg.WakerLock
11-12 20:16:15.499  2420  2926 I chatty  : uid=10759(com.xingin.xhs) expire 5 lines
11-12 20:16:15.506  1684  3405 I AlarmManager: remove alarm:Alarm{811c529 type 2 when 1202332959 PendingIntent{7383c09: PendingIntentRecord{7407565 com.xingin.xhs broadcastIntent}}com.xingin.xhs procName com.xingin.xhs:longlink} according to operation:7383c5d
11-12 20:16:15.511   676  1259 W /system/bin/netd: A binder object at 0x7cd6c93d00 is being transacted on, however, this object is in the same process as its proxy. Transacting with this binder is expensive compared to just calling the corresponding functionality in the same process.
11-12 20:16:15.511   676  1259 I PreDnsController: CanPreDnsQuery,persist.sys.predns is false!
11-12 20:16:15.515  1684  5910 I ActivityManager: App 10759/com.xingin.xhs targets O+, restricted
11-12 20:16:15.515  1684  5910 W ActivityManager: Background start not allowed: service Intent { cmp=com.xingin.xhs/com.xingin.cupid.jpush.JPushJCommonService } to com.xingin.xhs/com.xingin.cupid.jpush.JPushJCommonService from pid=2420 uid=10759 pkg=com.xingin.xhs startFg?=false
11-12 20:16:15.532 19112  2954 I JIGUANG-JCore: [NetworkingClient] Begin to run in ConnectingThread - id:73904
11-12 20:16:15.569 29866 30034 I imsdk   : TIM: 74    2021-11-12 20:16:15.569/I/29866-30034     /Network     -ipswitcher.cpp.334  operator()                             /httpdns|code:200|iplist size:10
11-12 20:16:15.570 29866 30034 I imsdk   : TIM: 75    2021-11-12 20:16:15.569/I/29866-30034     /Network     -ipswitcher.cpp.581  PrintIPList                            /iplist by http dns[180.102.111.55:8080,180.102.111.55:80,114.221.151.221:8080,114.221.151.221:80,114.221.151.180:8080,114.221.151.180:80,114.222.114.248:8080,114.222.114.248:80,117.62.241.202:8080,117.62.241.202:80]
11-12 20:16:15.570 29866 30034 I imsdk   : TIM: 76    2021-11-12 20:16:15.570/I/29866-30034     /Network     -ipswitcher.cpp.581  PrintIPList                            /iplist by push[117.62.241.202:8080,221.238.41.110:8080,14.22.9.69:8080,119.147.179.231:80,42.81.176.234:14000,42.81.179.216:443,180.102.111.55:80,114.221.151.180:80]
11-12 20:16:15.571 29866 30034 I imsdk   : TIM: 77    2021-11-12 20:16:15.571/I/29866-30034     /Network     -channel.cpp.312  Connect                                   /channel connect|channel id:17|ip:180.102.111.55:8080
11-12 20:16:15.573 29866 30034 I imsdk   : TIM: 78    2021-11-12 20:16:15.573/I/29866-30034     /Network     -channel.cpp.312  Connect                                   /channel connect|channel id:18|ip:180.102.111.55:80
11-12 20:16:15.574 29866 30034 I imsdk   : TIM: 79    2021-11-12 20:16:15.574/I/29866-30034     /Network     -channel.cpp.312  Connect                                   /channel connect|channel id:19|ip:114.221.151.221:8080
11-12 20:16:15.576 30720 30720 I chatty  : uid=10759 com.xingin.xhs:longlink expire 1 line
11-12 20:16:15.577 30720  2957 I chatty  : uid=10759(com.xingin.xhs) default expire 2 lines
11-12 20:16:15.579 29866 30034 I imsdk   : TIM: 80    2021-11-12 20:16:15.579/I/29866-30034     /Network     -channel.cpp.312  Connect                                   /channel connect|channel id:20|ip:114.221.151.221:80
11-12 20:16:15.580 29866 30034 I imsdk   : TIM: 81    2021-11-12 20:16:15.580/I/29866-30034     /Network     -channel.cpp.312  Connect                                   /channel connect|channel id:21|ip:114.221.151.180:8080
11-12 20:16:15.581 29866 30034 I imsdk   : TIM: 82    2021-11-12 20:16:15.581/I/29866-30034     /Network     -channel.cpp.312  Connect                                   /channel connect|channel id:22|ip:114.221.151.180:80
11-12 20:16:15.605  2420  2926 I chatty  : uid=10759(com.xingin.xhs) expire 8 lines
11-12 20:16:15.611 29866 30034 I imsdk   : TIM: 83    2021-11-12 20:16:15.611/I/29866-30034     /Network     -channel.cpp.312  Connect                                   /channel connect|channel id:23|ip:114.222.114.248:8080
11-12 20:16:15.613 29866 30034 I imsdk   : TIM: 84    2021-11-12 20:16:15.612/I/29866-30034     /Network     -channel.cpp.312  Connect                                   /channel connect|channel id:24|ip:114.222.114.248:80
11-12 20:16:15.615  2420  2924 I chatty  : uid=10759(com.xingin.xhs) expire 1 line
11-12 20:16:15.615  2420  2923 I chatty  : uid=10759(com.xingin.xhs) expire 1 line
11-12 20:16:15.615  2420  2925 I chatty  : uid=10759(com.xingin.xhs) expire 1 line
11-12 20:16:15.623  2420  2926 I chatty  : uid=10759(com.xingin.xhs) expire 9 lines
11-12 20:16:15.627  2525  4616 I chatty  : uid=1000(system) JNITID-4616 expire 10 lines
11-12 20:16:15.629  2525  2849 D NpdcpAliveManager: ro.odm.npdcp_alive_cfg_enable is false
11-12 20:16:15.631  2525  3034 I chatty  : uid=1000(system) EmcomThread expire 6 lines
11-12 20:16:15.631  1684  2239 I chatty  : uid=1000(system) wifipro_feature expire 8 lines
11-12 20:16:15.632  1684  2722 I AlarmManager: remove alarm:Alarm{811c409 type 2 when 1202542601 PendingIntent{7fa167d: PendingIntentRecord{803d54d com.xingin.xhs broadcastIntent}}com.xingin.xhs procName com.xingin.xhs:longlink} according to operation:7fa1671
11-12 20:16:15.642   676  1259 W /system/bin/netd: A binder object at 0x7cd6c93d00 is being transacted on, however, this object is in the same process as its proxy. Transacting with this binder is expensive compared to just calling the corresponding functionality in the same process.
11-12 20:16:15.642   676  1259 I PreDnsController: CanPreDnsQuery,persist.sys.predns is false!
11-12 20:16:15.643 29866 30034 I imsdk   : TIM: 85    2021-11-12 20:16:15.643/I/29866-30034     /Network     -channel.cpp.312  Connect                                   /channel connect|channel id:25|ip:117.62.241.202:8080
11-12 20:16:15.644  1684  2722 I AlarmManager: remove alarm:Alarm{811c5ef type 2 when 1202932404 PendingIntent{7fa1739: PendingIntentRecord{803d5e9 com.xingin.xhs broadcastIntent}}com.xingin.xhs procName com.xingin.xhs:longlink} according to operation:772d26d
11-12 20:16:15.646  2420  2552 I chatty  : uid=10759(com.xingin.xhs) expire 2 lines
11-12 20:16:15.647  2420  2856 I chatty  : uid=10759(com.xingin.xhs) expire 1 line
11-12 20:16:15.652  1684  3396 I AlarmManager: remove alarm:Alarm{811c499 type 2 when 1202340598 PendingIntent{7fa17d9: PendingIntentRecord{803d4c9 com.xingin.xhs broadcastIntent}}com.xingin.xhs procName com.xingin.xhs:longlink} according to operation:7ccaa61
11-12 20:16:15.664  1684  3396 I AlarmManager: remove alarm:Alarm{811c409 type 2 when 1202542612 PendingIntent{7d6c179: PendingIntentRecord{8032141 com.xingin.xhs broadcastIntent}}com.xingin.xhs procName com.xingin.xhs:longlink} according to operation:7c28c45
11-12 20:16:15.671 29866 30034 I imsdk   : TIM: 86    2021-11-12 20:16:15.671/I/29866-30034     /Network     -channel.cpp.312  Connect                                   /channel connect|channel id:26|ip:117.62.241.202:80
11-12 20:16:15.675  2420  2923 I chatty  : uid=10759(com.xingin.xhs) expire 4 lines
11-12 20:16:15.676  1684  3396 I AlarmManager: remove alarm:Alarm{811c409 type 2 when 1202542645 PendingIntent{75d6ec5: PendingIntentRecord{7407415 com.xingin.xhs broadcastIntent}}com.xingin.xhs procName com.xingin.xhs:longlink} according to operation:7974b9d
11-12 20:16:15.676  2420  2924 I chatty  : uid=10759(com.xingin.xhs) expire 4 lines
11-12 20:16:15.677  2420  2925 I chatty  : uid=10759(com.xingin.xhs) expire 4 lines
11-12 20:16:15.677 19112  3010 D JIGUANG-JCore: [ConnTask] Open connection with ip=/122.9.126.21, port:7001
11-12 20:16:15.683 29866 30034 I imsdk   : TIM: 87    2021-11-12 20:16:15.683/I/29866-30034     /Network     -channel.cpp.312  Connect                                   /channel connect|channel id:27|ip:221.238.41.110:8080
11-12 20:16:15.684 29866 30034 I imsdk   : TIM: 88    2021-11-12 20:16:15.684/I/29866-30034     /Network     -channel.cpp.312  Connect                                   /channel connect|channel id:28|ip:14.22.9.69:8080
11-12 20:16:15.685 29866 30034 I imsdk   : TIM: 89    2021-11-12 20:16:15.685/I/29866-30034     /Network     -channel.cpp.312  Connect                                   /channel connect|channel id:29|ip:119.147.179.231:80
11-12 20:16:15.687  1684  3396 I AlarmManager: remove alarm:Alarm{811c529 type 2 when 1202542656 PendingIntent{7632a65: PendingIntentRecord{7407499 com.xingin.xhs broadcastIntent}}com.xingin.xhs procName com.xingin.xhs:longlink} according to operation:7aa6561
11-12 20:16:15.687  1684  2722 V ActivityManager: Successfully start provider ContentProviderRecord{7d9767e u0 com.xingin.xhs/cn.jpush.android.service.DataProvider} launchingApp=null caller pid= 2420
11-12 20:16:15.695  2420  2956 I chatty  : uid=10759(com.xingin.xhs) hw-bc#1 expire 11 lines
11-12 20:16:15.707 29866 30034 I imsdk   : TIM: 90    2021-11-12 20:16:15.707/I/29866-30034     /Network     -channel.cpp.312  Connect                                   /channel connect|channel id:30|ip:42.81.176.234:14000
11-12 20:16:15.711  1020  3031 D keymaster_worker: Keystore getKey
11-12 20:16:15.711  1020  3031 D keymaster_worker: Keystore getKey end
11-12 20:16:15.711  1684  1838 I ActivityManager: App 10759/com.xingin.xhs targets O+, restricted
11-12 20:16:15.718   676  1259 W /system/bin/netd: A binder object at 0x7cd6c93d00 is being transacted on, however, this object is in the same process as its proxy. Transacting with this binder is expensive compared to just calling the corresponding functionality in the same process.
11-12 20:16:15.718   676  1259 I PreDnsController: CanPreDnsQuery,persist.sys.predns is false!
11-12 20:16:15.720 29866 30034 I imsdk   : TIM: 91    2021-11-12 20:16:15.720/I/29866-30034     /Network     -channel.cpp.312  Connect                                   /channel connect|channel id:31|ip:42.81.179.216:443
11-12 20:16:15.723   770  1214 D AudioPolicyService: getUidState(10759) !cacheIter->second.first, return PROCESS_STATE_UNKNOWN
11-12 20:16:15.725 19112  3010 I JIGUANG-JCore: [ConnTask] Succeed to open connection - ip:/122.9.126.21, port:7001
11-12 20:16:15.735  1020  3037 D keymaster_worker: Keystore begin
11-12 20:16:15.735  1020  3037 D keymaster_worker: Keystore begin hidl
11-12 20:16:15.735   586   586 I HisiKeyMaster: HisiKmBegin start
11-12 20:16:15.735   586   586 I HisiKeyMaster: Disable the enhanced crypto!
11-12 20:16:15.741   586   586 I HisiKeyMaster: out_params_buffer_len = 4096
11-12 20:16:15.741   586   586 I HisiKeyMaster: HisiKmBegin success
11-12 20:16:15.741 27894 28049 I SecurityComp10105306: SecureSSLSocketFactory: createSocket s host port autoClose
11-12 20:16:15.741  1020  3037 D keymaster_worker: Keystore begin hidl end
11-12 20:16:15.741  1020  3037 D keymaster_worker: Keystore begin end
11-12 20:16:15.741 27894 28049 I SecurityComp10105306: SecureSSLSocketFactory: set default protocols
11-12 20:16:15.741 27894 28049 I SecurityComp10105306: SecureSSLSocketFactory: set default cipher suites
11-12 20:16:15.745  1020  3043 D keymaster_worker: Keystore update
11-12 20:16:15.745  1020  3043 D keymaster_worker: Keystore update hidl
11-12 20:16:15.745   586   586 I HisiKeyMaster: HisiKmUpdate start
11-12 20:16:15.745   586   586 I HisiKeyMaster: Disable the enhanced crypto!
11-12 20:16:15.750   586   586 I HisiKeyMaster: HisiKmUpdate success
11-12 20:16:15.750  1020  3043 D keymaster_worker: Keystore update hidl end
11-12 20:16:15.750  1020  3043 D keymaster_worker: Keystore update end
11-12 20:16:15.751  1020  3054 D keymaster_worker: Keystore finish
11-12 20:16:15.751  1020  3054 D keymaster_worker: Keystore finish hidl
11-12 20:16:15.752   586   586 I HisiKeyMaster: HisiKmFinish start
11-12 20:16:15.752   586   586 I HisiKeyMaster: Disable the enhanced crypto!
11-12 20:16:15.757   586   586 I HisiKeyMaster: output data size=0
11-12 20:16:15.757   586   586 I HisiKeyMaster: HisiKmFinish success
11-12 20:16:15.758  1020  3054 D keymaster_worker: Keystore finish hidl end
11-12 20:16:15.758  1020  3054 D keymaster_worker: Keystore finish end
11-12 20:16:15.767 29866 30034 I imsdk   : TIM: 92    2021-11-12 20:16:15.766/I/29866-30034     /Network     -channel.cpp.117  operator()                                /channel ping success|channel id:26|connectCostTime:50ms|pingCostTime:45ms|errCode:0|errMsg:
11-12 20:16:15.767 29866 30034 I imsdk   : TIM: 93    2021-11-12 20:16:15.767/I/29866-30034     /Network     -channel.cpp.352  Close                                     /close channel|channel id:17|reason:close by self
11-12 20:16:15.767 29866 30034 I imsdk   : TIM: 94    2021-11-12 20:16:15.767/I/29866-30034     /Network     -channel.cpp.352  Close                                     /close channel|channel id:18|reason:close by self
11-12 20:16:15.777 29866 30034 I imsdk   : TIM: 95    2021-11-12 20:16:15.767/I/29866-30034     /Network     -channel.cpp.352  Close                                     /close channel|channel id:22|reason:close by self
11-12 20:16:15.777 29866 30034 I imsdk   : TIM: 96    2021-11-12 20:16:15.777/I/29866-30034     /Network     -channel.cpp.352  Close                                     /close channel|channel id:19|reason:close by self
11-12 20:16:15.778 29866 30034 I imsdk   : TIM: 97    2021-11-12 20:16:15.778/I/29866-30034     /Network     -channel.cpp.352  Close                                     /close channel|channel id:20|reason:close by self
11-12 20:16:15.778 29866 30034 I imsdk   : TIM: 98    2021-11-12 20:16:15.778/I/29866-30034     /Network     -channel.cpp.352  Close                                     /close channel|channel id:21|reason:close by self
11-12 20:16:15.778 29866 30034 I imsdk   : TIM: 99    2021-11-12 20:16:15.778/I/29866-30034     /Network     -channel.cpp.352  Close                                     /close channel|channel id:23|reason:close by self
11-12 20:16:15.778 29866 30034 I imsdk   : TIM: 100   2021-11-12 20:16:15.778/I/29866-30034     /Network     -channel.cpp.352  Close                                     /close channel|channel id:24|reason:close by self
11-12 20:16:15.779 29866 30034 I imsdk   : TIM: 101   2021-11-12 20:16:15.779/I/29866-30034     /Network     -channel.cpp.352  Close                                     /close channel|channel id:25|reason:close by self
11-12 20:16:15.779 29866 30034 I imsdk   : TIM: 102   2021-11-12 20:16:15.779/I/29866-30034     /Network     -channel.cpp.352  Close                                     /close channel|channel id:27|reason:close by self
11-12 20:16:15.779 29866 30034 I imsdk   : TIM: 103   2021-11-12 20:16:15.779/I/29866-30034     /Network     -channel.cpp.352  Close                                     /close channel|channel id:28|reason:close by self
11-12 20:16:15.779 29866 30034 I imsdk   : TIM: 104   2021-11-12 20:16:15.779/I/29866-30034     /Network     -channel.cpp.352  Close                                     /close channel|channel id:29|reason:close by self
11-12 20:16:15.779 29866 30034 I imsdk   : TIM: 105   2021-11-12 20:16:15.779/I/29866-30034     /Network     -channel.cpp.352  Close                                     /close channel|channel id:30|reason:close by self
11-12 20:16:15.780 29866 30034 I imsdk   : TIM: 106   2021-11-12 20:16:15.780/I/29866-30034     /Network     -channel.cpp.352  Close                                     /close channel|channel id:31|reason:close by self
11-12 20:16:15.782 19112  3033 D JIGUANG-JCore: [ConnectingHelper] udp Receiving...
11-12 20:16:15.783  2420  3030 I chatty  : uid=10759(com.xingin.xhs) mqt_js expire 2 lines
11-12 20:16:15.785 27894 28049 I SecurityComp10105306: SecureX509TrustManager: checkServerTrusted begin ,server ca chain size is : 2 ,auth type is : GENERIC
11-12 20:16:15.786 27894 28049 I SecurityComp10105306: SecureX509TrustManager: check server i : 0
11-12 20:16:15.786 27894 28049 I SecurityComp10105306: SecureX509TrustManager: client root ca size is : 32
11-12 20:16:15.799  1684  3396 D HwConnectivityServiceEx: set 10035 wlan0 value false
11-12 20:16:15.831 29866 30034 I imsdk   : TIM: 107   2021-11-12 20:16:15.780/I/29866-30034     /Network     -ipswitcher.cpp.225  OnChannelConnected                     /choose best channel|net_type:WIFI|net_id:1:"dftt_office_5.8G":1|prior_ip_src:http dns|reason:no connection to send|iplist by http dns[180.102.111.55:8080,180.102.111.55:80,114.221.151.221:8080,114.221.151.221:80,114.221.151.180:8080,114.221.151.180:80,114.222.114.248:8080,114.222.114.248:80,117.62.241.202:8080,117.62.241.202:80]|iplist by push[117.62.241.202:8080,221.238.41.110:8080,14.22.9.69:8080,119.147.179.231:80,42.81.176.234:14000,42.81.179.216:443,180.102.111.55:80,114.221.151.180:80]|successful ip :117.62.241.202:80
11-12 20:16:15.832 29866 30034 I imsdk   : TIM: 108   2021-11-12 20:16:15.832/I/29866-30034     /Network     -imlongconnection.cpp.90  OnChannelSelected                 /choose best channel completed|channel id:26|ip_src:http dns|ip:117.62.241.202:80|code:0|errMsg:
11-12 20:16:15.832 29866 30034 I imsdk   : TIM: 109   2021-11-12 20:16:15.832/I/29866-30034     /Network     -connmonitor.cpp.206  StartCheckNetwork                     /start check network|cur_net_id: 1:"dftt_office_5.8G":1
11-12 20:16:15.832 29866 30034 I imsdk   : TIM: 110   2021-11-12 20:16:15.832/I/29866-30034     /Common      -imcore_manager.cpp.968  OnConnected                        /OnConnected
11-12 20:16:15.832 29866 30034 I imsdk   : TIM: 111   2021-11-12 20:16:15.832/I/29866-30034     /IMSDK       -NativeManager.0                                            /onNetworkStatusChanged Enter; type:1 code:0 errMsg:
11-12 20:16:15.833 29866 30034 I imsdk   : TIM: 112   2021-11-12 20:16:15.833/I/29866-30034     /IMSDK       -BaseManager.0                                              /onConnected
11-12 20:16:15.833 29866 30034 E imsdk   : TIM: 113   2021-11-12 20:16:15.833/E/29866-30034     /Network     -socket.cpp.873  CheckAsyncConnected                        /socket GetSocketError failed|fd:-1|error:9, Bad file descriptor
11-12 20:16:15.833 29866 30034 E imsdk   : TIM: 114   2021-11-12 20:16:15.833/E/29866-30034     /Network     -socket.cpp.873  CheckAsyncConnected                        /socket GetSocketError failed|fd:-1|error:9, Bad file descriptor
11-12 20:16:15.841  2420  3048 I chatty  : uid=10759(com.xingin.xhs) mqt_native_modu expire 18 lines
11-12 20:16:15.843  2420  3050 I chatty  : uid=10759(com.xingin.xhs) mqt_native_modu expire 26 lines
11-12 20:16:15.855  2420  3051 I chatty  : uid=10759(com.xingin.xhs) mqt_native_modu expire 18 lines
11-12 20:16:15.856  2525  2525 I chatty  : uid=1000(system) com.huawei.systemserver expire 4 lines
11-12 20:16:15.857  2420  3049 I chatty  : uid=10759(com.xingin.xhs) mqt_native_modu expire 31 lines
11-12 20:16:15.883 30835 30835 W .huawei.meetim: Accessing hidden method Landroid/telephony/SignalStrength;->getWcdmaRscp()I (greylist-max-o, reflection, denied)
11-12 20:16:15.901   870   870 I aptouch_daemon: tsa_set_ctrlflag, set TSA_CTRL_FREQ_HOPPED
11-12 20:16:15.901   870   870 I aptouch_daemon: check_afe_status, afe[238 120 X6] [ctrl:X40030 ftr:X140] dif[21 -43] raw[32876 32717] [exp:X0 aN:0 lo:0]
11-12 20:16:15.974  1684  3396 I chatty  : uid=1000(system) Binder:1684_17 expire 4 lines
11-12 20:16:16.011 27894 28049 I SecurityComp10105306: SecureX509TrustManager: checkServerTrusted succeed ,root ca issuer is : CN=GlobalSign, O=GlobalSign, OU=GlobalSign Root CA - R3
11-12 20:16:16.031  2388  2388 I bms_soc : start after wait 5 seconds
11-12 20:16:16.031  2388  2388 I bms_property: get property ro.bootmode=normal len=64
11-12 20:16:16.126  1684  3396 E WifiPermissionsUtil: getUidPermission is DENIED and permissionType android.permission.ACCESS_FINE_LOCATIONuid 11596
11-12 20:16:16.163  1684  3396 W ProcBatteryStats: timer is not running , not stop, name: com.xingin.xhs, uid: 10759, tag: Mars::MicroMsg.WakerLock
11-12 20:16:16.169   676  1259 W /system/bin/netd: A binder object at 0x7cd6c93d00 is being transacted on, however, this object is in the same process as its proxy. Transacting with this binder is expensive compared to just calling the corresponding functionality in the same process.
11-12 20:16:16.169   676  1259 I PreDnsController: CanPreDnsQuery,persist.sys.predns is false!
11-12 20:16:16.212  3056  3056 W mount   : type=1400 audit(0.0:1803717): avc: denied { getattr } for pid=3056 path="/mnt/hisee_fs" dev="sdd29" ino=2 scontext=u:r:untrusted_app:s0:c247,c258,c512,c768 tcontext=u:object_r:hisee_data_file:s0 tclass=dir permissive=0
11-12 20:16:16.216  3056  3056 W mount   : type=1400 audit(0.0:1803718): avc: denied { getattr } for pid=3056 name="/" dev="sdd29" ino=2 scontext=u:r:untrusted_app:s0:c247,c258,c512,c768 tcontext=u:object_r:hisee_data_file:s0 tclass=filesystem permissive=0
11-12 20:16:16.216  3056  3056 W mount   : type=1400 audit(0.0:1803719): avc: denied { search } for pid=3056 name="modem" dev="tmpfs" ino=21544 scontext=u:r:untrusted_app:s0:c247,c258,c512,c768 tcontext=u:object_r:mnt_modem_file:s0 tclass=dir permissive=0
11-12 20:16:16.216  3056  3056 W mount   : type=1400 audit(0.0:1803720): avc: denied { search } for pid=3056 name="modem" dev="tmpfs" ino=21544 scontext=u:r:untrusted_app:s0:c247,c258,c512,c768 tcontext=u:object_r:mnt_modem_file:s0 tclass=dir permissive=0
11-12 20:16:16.217  4347  5310 D DFS     : MountManager-operator(): get event from fd 7
11-12 20:16:16.217  4347  5310 I DFS     : MountManager-HandleFuseRequest: request 3, ino 1, size 56, caller 3056
11-12 20:16:16.217  4347  5310 I DFS     : DaemonFuseHandle-FuseGetAttr: ino 1
11-12 20:16:16.217  4347  5310 I DFS     : MountManager-EpollFdOfMountPoint: start to epoll fd 7 & kdfs fd 8
11-12 20:16:16.224  2593  2488 D HwCustConnectivityManagerImpl: isBlockNetworkRequestByNonAis, INVALID_SUBSCRIPTION_ID
11-12 20:16:16.225  1027  1027 E Thermal-daemon:hw_thermal: [pa_0] tempNew :38  tempOld :37
11-12 20:16:16.226  1027  1027 E Thermal-daemon:hw_thermal: Report temperature: [pa_0] temp :38  reportThreshold:1
11-12 20:16:16.227  1684  3396 I ConnectivityService: listenForNetwork for uid/pid:10035/2593 NetworkRequest [ LISTEN id=9619, [ Capabilities: INTERNET&NOT_RESTRICTED&TRUSTED&NOT_VPN&FOREGROUND Uid: 10035 DNN:  SSCMODE: 0 SNSSAI:  PduSessionType: 0 RouteBitmap: 0] ]
11-12 20:16:16.228  1684  2115 I ConnectivityService: rematching NetworkAgentInfo [WIFI () - 627]
11-12 20:16:16.228  1684  2115 I ConnectivityService: NetworkAgentInfo [WIFI () - 627] NC all is: 32 9604 9581 43 9595 41 40 9377 10 9165 9369 9082 9614 9376 53 9589 9601 15 9580 9392 9187 9556 9245 4 23 9433 9562 9 6478 9603 9365 9590 6479 9609 9618 9564 9080 9596 11 12 9612 1 9539 
11-12 20:16:16.230  1684  2115 I ConnectivityService: rematching NetworkAgentInfo [MOBILE (LTE) - 626]
11-12 20:16:16.230  1684  2115 I ConnectivityService: CS = 60, NS = 50
11-12 20:16:16.231  1684  2115 I chatty  : uid=1000(system) ConnectivitySer identical 21 lines
11-12 20:16:16.231  1684  2722 E WifiPermissionsUtil: getUidPermission is DENIED and permissionType android.permission.ACCESS_FINE_LOCATIONuid 10035
11-12 20:16:16.231  1684  2115 I ConnectivityService: CS = 60, NS = 50
11-12 20:16:16.231  1684  2115 I ConnectivityService: CS = 60, NS = 50
11-12 20:16:16.232  1684  2115 I chatty  : uid=1000(system) ConnectivitySer identical 11 lines
11-12 20:16:16.232  1684  2115 I ConnectivityService: CS = 60, NS = 50
11-12 20:16:16.233  1684  2722 E WifiPermissionsUtil: getUidPermission is DENIED and permissionType android.permission.ACCESS_FINE_LOCATIONuid 10035
11-12 20:16:16.233  1684  2115 I ConnectivityService: CS = 60, NS = 50
11-12 20:16:16.234  1684  2115 I chatty  : uid=1000(system) ConnectivitySer identical 2 lines
11-12 20:16:16.234  1684  2115 I ConnectivityService: CS = 60, NS = 50
11-12 20:16:16.234  1684  2115 I ConnectivityService: NetworkAgentInfo [MOBILE (LTE) - 626] NC all is: 6887 
11-12 20:16:16.235  2683  8128 I chatty  : uid=1000(system) iAwareNRT expire 1 line
11-12 20:16:16.238  1684  3396 E WifiPermissionsUtil: getUidPermission is DENIED and permissionType android.permission.ACCESS_FINE_LOCATIONuid 10035
11-12 20:16:16.239  1684  2722 E WifiPermissionsUtil: getUidPermission is DENIED and permissionType android.permission.ACCESS_FINE_LOCATIONuid 10035
11-12 20:16:16.268  1684  2885 E AdbDebuggingManager: Caught an exception opening the socket: java.io.IOException: No such file or directory
11-12 20:16:16.268  4347  5310 D DFS     : MountManager-operator(): get event from fd 7
11-12 20:16:16.268  4347  5310 I DFS     : MountManager-HandleFuseRequest: request 17, ino 1, size 40, caller 3056
11-12 20:16:16.268  4347  5310 I DFS     : DaemonFuseHandle-FuseStatFs: ino 1
11-12 20:16:16.269  4347  5310 I DFS     : MountManager-EpollFdOfMountPoint: start to epoll fd 7 & kdfs fd 8
11-12 20:16:16.283  2420  2882 I chatty  : uid=10759(com.xingin.xhs) expire 2 lines
11-12 20:16:16.299  2420  2765 I chatty  : uid=10759(com.xingin.xhs) expire 1 line
11-12 20:16:16.389  2420  2820 I chatty  : uid=10759(com.xingin.xhs) expire 4 lines
11-12 20:16:16.414  1684  2722 E WifiPermissionsUtil: getUidPermission is DENIED and permissionType android.permission.ACCESS_FINE_LOCATIONuid 10035
11-12 20:16:16.416  2683  8686 I chatty  : uid=1000(system) Binder:2683_F expire 6 lines
11-12 20:16:16.431  2593  2488 I NetworkKit_ConfigManager: RepTaskHandler|null|com.huawei.hms.network.embedded.h0|b|44|netdiag_enable_report_qoe, use the default value
11-12 20:16:16.463 27894 28049 I HwOUC   : [A_NORMAL_Hota-71870]revocationVerification isRevoked:false(SecureX509TrustManagerEx:3)
11-12 20:16:16.467  2593  2488 I NetworkKit_OkRequestTask: RepTaskHandler|null|com.huawei.hms.network.embedded.d4|execute|4|the request has used the okhttp!
11-12 20:16:16.471  2420  3093 I chatty  : uid=10759(com.xingin.xhs) expire 1 line
11-12 20:16:16.472  1684  2722 E WifiPermissionsUtil: getUidPermission is DENIED and permissionType android.permission.ACCESS_FINE_LOCATIONuid 10035
11-12 20:16:16.502  1684  2722 D CountryDetector: isValidCountryIso: CN
11-12 20:16:16.509   676  1259 W /system/bin/netd: A binder object at 0x7cd6c93d00 is being transacted on, however, this object is in the same process as its proxy. Transacting with this binder is expensive compared to just calling the corresponding functionality in the same process.
11-12 20:16:16.510   676  1259 I PreDnsController: CanPreDnsQuery,persist.sys.predns is false!
11-12 20:16:16.565  2593  2214 I NetworkKit_NetDetectAndPolicy: RepTaskHandler -->NetworkKit_netdiag_submit_task_0|null|com.huawei.hms.network.embedded.m6|b|50|the time count will reset!
11-12 20:16:16.566  1684  3396 E WifiPermissionsUtil: getUidPermission is DENIED and permissionType android.permission.ACCESS_FINE_LOCATIONuid 10035
11-12 20:16:16.570  2593  2687 I NetworkKit_HianalyticsHelper: RepTaskHandler -->NetworkKit_report_ha_0|null|com.huawei.hms.framework.common.hianalytics.HianalyticsHelper|isEnableReportNoSeed|15|user experience involved needs to be opened
11-12 20:16:16.571  2593  2687 I NetworkKit_DefaultRCEventListener: RepTaskHandler -->NetworkKit_report_ha_0|null|com.huawei.hms.network.embedded.n3|reportData|26|HianalyticsHelper report disable
11-12 20:16:16.572  1684  2722 E WifiPermissionsUtil: getUidPermission is DENIED and permissionType android.permission.ACCESS_FINE_LOCATIONuid 10035
11-12 20:16:16.579  2683  3304 I chatty  : uid=1000(system) AppResMgrHandle expire 2 lines
11-12 20:16:16.582 19112  2954 I JIGUANG-JCore: [ConnectingHelper] Login with - juid:47582335716, appKey:b2ab864dadd444f1ba676369, sdkVersion:196608|262912, pluginPlatformType:0
11-12 20:16:16.589 27894 28049 I HwOUC   : [A_NORMAL_Hota-71870]getFileListXmlFromServer statusCode: 200(RequestFileList:22)
11-12 20:16:16.590 27894 28049 I HwOUC   : [A_NORMAL_Hota-71870]retrieve filelist.xml: 
11-12 20:16:16.590 27894 28049 I HwOUC   : <?xml version="1.0" encoding="utf-8"?>
11-12 20:16:16.590 27894 28049 I HwOUC   : <root>
11-12 20:16:16.590 27894 28049 I HwOUC   : <component>
11-12 20:16:16.590 27894 28049 I HwOUC   : <name>TCPU</name>
11-12 20:16:16.590 27894 28049 I HwOUC   : <compress>0</compress>
11-12 20:16:16.590 27894 28049 I HwOUC   : </component>
11-12 20:16:16.590 27894 28049 I HwOUC   : <maxStashInfo>270761984</maxStashInfo>
11-12 20:16:16.590 27894 28049 I HwOUC   : <supportPKI>1</supportPKI>
11-12 20:16:16.590 27894 28049 I HwOUC   : <preAdjustFeature>false</preAdjustFeature>
11-12 20:16:16.590 27894 28049 I HwOUC   : <vendorInfo logfile="changelog_base.xml" name="base" package="update_base.zip" precut_size="272986496" subpath=""/>
11-12 20:16:16.590 27894 28049 I HwOUC   : <GROUP version="G4.0"/>
11-12 20:16:16.590 27894 28049 I HwOUC   : <GBC>
11-12 20:16:16.590 27894 28049 I HwOUC   : <GBCINFO name="other" version="NA"/>
11-12 20:16:16.590 27894 28049 I HwOUC   : </GBC>
11-12 20:16:16.590 27894 28049 I HwOUC   : <GBP>
11-12 20:16:16.590 27894 28049 I HwOUC   : <GBPINFO name="other" version="NA"/>
11-12 20:16:16.590 27894 28049 I HwOUC   : </GBP>
11-12 20:16:16.590 27894 28049 I HwOUC   : <userlicense language="default" version="202011"/>
11-12 20:16:16.590 27894 28049 I HwOUC   : <files>
11-12 20:16:16.590 27894 28049 I HwOUC   : <file>
11-12 20:16:16.590 27894 28049 I HwOUC   : <spath>changelog_base.xml</spath>
11-12 20:16:16.590 27894 28049 I HwOUC   : <dpath>changelog_base.xml</dpath>
11-12 20:16:16.590 27894 28049 I HwOUC   : <operation>c</operation>
11-12 20:16:16.590 27894 28049 I HwOUC   : <md5>574218BADE5B9478A483E36526085B2E</md5>
11-12 20:16:16.590 27894 28049 I HwOUC   : <sha256>880403990F365BE4E57800F099752B6E94F8EAD7D79BC94140CD892032ED79FB</sha256>
11-12 20:16:16.590 27894 28049 I HwOUC   : <size>83608</size>
11-12 20:16:16.590 27894 28049 I HwOUC   : </file>
11-12 20:16:16.590 27894 28049 I HwOUC   : <file>
11-12 20:16:16.590 27894 28049 I HwOUC   : <spath>update_base.zip</spath>
11-12 20:16:16.590 27894 28049 I HwOUC   : <dpath>update_base.zip</dpath>
11-12 20:16:16.590 27894 28049 I HwOUC   : <operation>c</operation>
11-12 20:16:16.590 27894 28049 I HwOUC   : <md5>63A52CA621B15B40FE3F59A82C4D920A</md5>
11-12 20:16:16.590 27894 28049 I HwOUC   : <sha256>FD21B4E8024138AD2B7636FF7FE44CEF1368ADE2E89E107403E53AA87355DCF7</sha256>
11-12 20:16:16.590 27894 28049 I HwOUC   : <size>931302255</size>
11-12 20:16:16.590 27894 28049 I HwOUC   : </file>
11-12 20:16:16.590 27894 28049 I HwOUC   : </files>
11-12 20:16:16.590 27894 28049 I HwOUC   : </root>
11-12 20:16:16.590 27894 28049 I HwOUC   : (RequestFileList:24)
11-12 20:16:16.590 27894 28049 I AS_OUC  : [A_NORMAL_Hota-71870]isSupportUDID true(UDIDUtil:2)
11-12 20:16:16.592  3086  3086 I chatty  : uid=10759(com.xingin.xhs) getprop expire 1 line
11-12 20:16:16.616    47    47 W migration/6: type=1400 audit(0.0:1803875): avc: granted { setsched } for pid=47 scontext=u:r:kernel:s0 tcontext=u:r:kernel:s0 tclass=process
11-12 20:16:16.620    53    53 W migration/7: type=1400 audit(0.0:1803876): avc: granted { setsched } for pid=53 scontext=u:r:kernel:s0 tcontext=u:r:kernel:s0 tclass=process
11-12 20:16:16.645  1684  2722 I AlarmManager: remove alarm:Alarm{7d967a7 type 0 when 1636719540179 PendingIntent{77a386d: PendingIntentRecord{83176d5 com.xingin.xhs broadcastIntent}}com.xingin.xhs procName com.xingin.xhs:pushservice} according to operation:7e02075
11-12 20:16:16.651  2525  2849 D NpdcpAliveManager: ro.odm.npdcp_alive_cfg_enable is false
11-12 20:16:16.658  2683  3379 I chatty  : uid=1000(system) actions handler expire 1 line
11-12 20:16:16.664 19112  2954 D JIGUANG-JCommon: [JCommonInterface] onEvent action:get_loc_info
11-12 20:16:16.684 27894 28049 I HwOUC   : [A_NORMAL_Hota-71870]set https(NetworkRequest:7)
11-12 20:16:16.684 27894 28049 I SecurityComp10105306: SecureX509TrustManager: loadBksCA
11-12 20:16:16.684 27894 28049 I SecurityComp10105306: BksUtil: getFilesBksIS 
11-12 20:16:16.685 27894 28049 I SecurityComp10105306: SecureX509TrustManager: get bks not from assets
11-12 20:16:16.706  1684  2722 D CountryDetector: isValidCountryIso: CN
11-12 20:16:16.717 19112  2954 D JIGUANG-JCore: [ConnectingHelper] login with cC:CN
11-12 20:16:16.723  2420  3008 I chatty  : uid=10759(com.xingin.xhs) expire 1 line
