11-12 20:16:13.378  2330  2330 D PluginInstanceManager: startListening
11-12 20:16:13.378  2330  2595 D PluginInstanceManager: Found 0 plugins
11-12 20:16:13.378  2330  2595 D PluginInstanceManager: queryAll com.android.systemui.action.PLUGIN_NOTIFICATION_MENU_ROW
11-12 20:16:13.378  2330  2595 D PluginInstanceManager: Found 0 plugins
11-12 20:16:13.390  2420  2579 I chatty  : uid=10759(com.xingin.xhs) expire 4 lines
11-12 20:16:13.404 27894  2517 D encrypt_JNI: encryptData success!
11-12 20:16:13.405  2420  2420 I chatty  : uid=10759(com.xingin.xhs) expire 91 lines
11-12 20:16:13.407  1684  2459 V ActivityManager: Successfully start provider ContentProviderRecord{7ab2248 u0 com.huawei.magazine/com.huawei.keyguard.database.MagazineDBProvider} launchingApp=ProcessRecord{7eb9a5d 31970:com.huawei.magazine:data/u0a38} caller pid= 27894
11-12 20:16:13.413  1684  2459 V ActivityManager: Successfully start provider ContentProviderRecord{788283f u0 com.android.systemui/com.huawei.keyguard.database.MagazineProvider} launchingApp=null caller pid= 31970
11-12 20:16:13.422 27894  2517 D WindowManagerEx: getWindowCKInfo value is 00000000000000000000000000000000000000000000000000000000000000000000000000000000000000000000000000000000000000000000000000000000000000000000000000000000000000000000000000000000000000000000000000000000000000000000000000000000000000000E000000000000000000000000000000000000000000000000000000000000000000000000000000000000000000000000000000
11-12 20:16:13.423 27894  2517 I HwOUC   : [A_NORMAL-72148]firstEncryptInfo 108(PsiInfo:4)
11-12 20:16:13.424 27894  2517 I HwOUC   : [A_NORMAL-72148]secondEncryptInfo 1202330377|0|00000000000002010200040404020403020004040202020403000000010000010100000600040005020000050005030200000000000002020300000604020300000504030402040300000000000000010104000403000502000000000702030003000000000102020300000500040400040004020203000000000000000A01010001020301010201010101030203040200000000000002020201010202000401010103010000050000000000000000000000000000000000000000000000000000000000000000000000000000000000000000000000000000000000000000000000000000000000000000000000000000000000000000000000000000000000000000000000000000000000000000000000000000000000000000000E000000000000000000000000000000000000000000000000000000000000000000000000000000000000000000000000000000|*|46001(PsiInfo:5)
11-12 20:16:13.440  2420  2420 W pool-4-thread-1: type=1400 audit(0.0:1803541): avc: denied { read } for pid=2420 name="version" dev="proc" ino=4026532157 scontext=u:r:untrusted_app:s0:c247,c258,c512,c768 tcontext=u:object_r:proc_version:s0 tclass=file permissive=0
11-12 20:16:13.468  2589  2589 I chatty  : uid=10759(com.xingin.xhs) mount expire 2 lines
11-12 20:16:13.472  4347  5310 D DFS     : MountManager-operator(): get event from fd 7
11-12 20:16:13.472  4347  5310 I DFS     : MountManager-HandleFuseRequest: request 3, ino 1, size 56, caller 2589
11-12 20:16:13.473  4347  5310 I DFS     : DaemonFuseHandle-FuseGetAttr: ino 1
11-12 20:16:13.473  4347  5310 I DFS     : MountManager-EpollFdOfMountPoint: start to epoll fd 7 & kdfs fd 8
11-12 20:16:13.473  4347  5310 D DFS     : MountManager-operator(): get event from fd 7
11-12 20:16:13.473  4347  5310 I DFS     : MountManager-HandleFuseRequest: request 17, ino 1, size 40, caller 2589
11-12 20:16:13.473  4347  5310 I DFS     : DaemonFuseHandle-FuseStatFs: ino 1
11-12 20:16:13.473  4347  5310 I DFS     : MountManager-EpollFdOfMountPoint: start to epoll fd 7 & kdfs fd 8
11-12 20:16:13.479  2420  2594 I chatty  : uid=10759(com.xingin.xhs) expire 5 lines
11-12 20:16:13.499 27894  2517 E HwOUC   : [A_NORMAL-72148]readProfileToByte error!!(BetaUtil:10)
11-12 20:16:13.499 27894  2517 E HwOUC   : [A_NORMAL-72148]getUnsignedProfile Exception(ProfileVerifier:11)
11-12 20:16:13.504 27894  2517 I HwOUC   : [A_NORMAL-72148]isPrivacyVersionUpdate savedVersion : 1.0metaVersion : 1.0(BetaUtil:3)
11-12 20:16:13.505 27894  2517 I HwOUC   : [A_NORMAL-72148]getBetaProfileSubGroup beta profile is invalid(BetaUtil:2)
11-12 20:16:13.505 27894  2517 E HwOUC   : [A_NORMAL-72148]readProfileToByte error!!(BetaUtil:10)
11-12 20:16:13.505 27894  2517 E HwOUC   : [A_NORMAL-72148]getUnsignedProfile Exception(ProfileVerifier:11)
11-12 20:16:13.506 27894  2517 I HwOUC   : [A_NORMAL-72148]isPrivacyVersionUpdate savedVersion : 1.0metaVersion : 1.0(BetaUtil:3)
11-12 20:16:13.506 27894  2517 I HwOUC   : [A_NORMAL-72148]getBetaProfileVersionGroup beta profile is invalid(BetaUtil:2)
11-12 20:16:13.507 27894  2517 I HwOUC   : [A_NORMAL-72148]Start check, mode is NORMAL(CheckManager:7)
11-12 20:16:13.507 27894  2517 I HwOUC   : [A_NORMAL-72148]updateCloudRomListOemInfo(OemInfoUtil:22)
11-12 20:16:13.508 27894 28123 I HwOUC   : [pool-1-thread-11-71897]already done cam otp checked, no need to do again(CamOtpManager:3)
11-12 20:16:13.509 27894 28123 I HwOUC   : [pool-1-thread-11-71897]no need to query new version(CamOtpManager:7)
11-12 20:16:13.522 27894 14327 I HwOUC   : [A_NORMAL_Patch-71928]set https(NetworkRequest:7)
11-12 20:16:13.523 27894 14327 I SecurityComp10105306: SecureX509TrustManager: loadBksCA
11-12 20:16:13.523 27894 14327 I SecurityComp10105306: BksUtil: getFilesBksIS 
11-12 20:16:13.523 27894 14327 I SecurityComp10105306: SecureX509TrustManager: get bks not from assets
11-12 20:16:13.547  2420  2552 I chatty  : uid=10759(com.xingin.xhs) expire 2 lines
11-12 20:16:13.557   676 20994 I netd    : trafficSwapActiveStatsMap() <13.64ms>
11-12 20:16:13.579  2525  4616 I chatty  : uid=1000(system) JNITID-4616 expire 9 lines
11-12 20:16:13.580  2525  2849 D NpdcpAliveManager: ro.odm.npdcp_alive_cfg_enable is false
11-12 20:16:13.580   676  1259 W /system/bin/netd: A binder object at 0x7cd6c93d00 is being transacted on, however, this object is in the same process as its proxy. Transacting with this binder is expensive compared to just calling the corresponding functionality in the same process.
11-12 20:16:13.581   676  1259 I PreDnsController: CanPreDnsQuery,persist.sys.predns is false!
11-12 20:16:13.626 27894 14327 I SecurityComp10105306: SecureSSLSocketFactory: createSocket s host port autoClose
11-12 20:16:13.626 27894 14327 I SecurityComp10105306: SecureSSLSocketFactory: set default protocols
11-12 20:16:13.626 27894 14327 I SecurityComp10105306: SecureSSLSocketFactory: set default cipher suites
11-12 20:16:13.627 27894 27916 I i.android.hwou: Waiting for a blocking GC ProfileSaver
11-12 20:16:13.637 27894 27916 I i.android.hwou: WaitForGcToComplete blocked ProfileSaver on HeapTrim for 9.470ms
11-12 20:16:13.662 27894 14327 I SecurityComp10105306: SecureX509TrustManager: checkServerTrusted begin ,server ca chain size is : 2 ,auth type is : ECDHE_RSA
11-12 20:16:13.662 27894 14327 I SecurityComp10105306: SecureX509TrustManager: check server i : 0
11-12 20:16:13.662 27894 14327 I SecurityComp10105306: SecureX509TrustManager: client root ca size is : 32
11-12 20:16:13.674 27894 14327 I SecurityComp10105306: SecureX509TrustManager: checkServerTrusted succeed ,root ca issuer is : CN=GlobalSign, O=GlobalSign, OU=GlobalSign Root CA - R3
11-12 20:16:13.683  1015  1160 D dubaid  : [BufferedLogServer.cpp] ReceiveMessage# Received buffered log from DubaiService-5
11-12 20:16:13.737  2420  2633 D HwCustConnectivityManagerImpl: isBlockNetworkRequestByNonAis, INVALID_SUBSCRIPTION_ID
11-12 20:16:13.737  2420  2633 I chatty  : uid=10759(com.xingin.xhs) CronetInit expire 1 line
11-12 20:16:13.737   676 20994 I netd    : trafficSwapActiveStatsMap() <52.74ms>
11-12 20:16:13.741  1684  5910 I ConnectivityService: requestNetwork for uid/pid:10759/2420 NetworkRequest [ TRACK_DEFAULT id=9614, [ Capabilities: INTERNET&NOT_RESTRICTED&TRUSTED Uid: 10759 DNN:  SSCMODE: 0 SNSSAI:  PduSessionType: 0 RouteBitmap: 0] ]
11-12 20:16:13.742 27894 14327 I HwOUC   : [A_NORMAL_Patch-71928]revocationVerification isRevoked:false(SecureX509TrustManagerEx:3)
11-12 20:16:13.743  1684  2115 I ConnectivityService: rematching NetworkAgentInfo [WIFI () - 627]
11-12 20:16:13.743  2420  2633 D HwCustConnectivityManagerImpl: isBlockNetworkRequestByNonAis, INVALID_SUBSCRIPTION_ID
11-12 20:16:13.743  1684  2115 I ConnectivityService: CS = 0, NS = 60
11-12 20:16:13.743  1684  2115 I ConnectivityService: rematch for NetworkAgentInfo [WIFI () - 627]
11-12 20:16:13.745  1684  3396 I ConnectivityService: listenForNetwork for uid/pid:10759/2420 NetworkRequest [ LISTEN id=9615, [ Capabilities: INTERNET&NOT_RESTRICTED&TRUSTED Uid: 10759 DNN:  SSCMODE: 0 SNSSAI:  PduSessionType: 0 RouteBitmap: 0] ]
11-12 20:16:13.747  3174  3174 D PhoneSwitcherNetworkRequstListener: got request NetworkRequest [ TRACK_DEFAULT id=9614, [ Capabilities: INTERNET&NOT_RESTRICTED&TRUSTED Uid: 10759 DNN:  SSCMODE: 0 SNSSAI:  PduSessionType: 0 RouteBitmap: 0] ] with score 60 and serial -1
11-12 20:16:13.750  1684  2236 I chatty  : uid=1000(system) EthernetService expire 2 lines
11-12 20:16:13.750  2525  2849 I chatty  : uid=1000(system) OllieAwareThrea expire 3 lines
11-12 20:16:13.751  1684  2115 I ConnectivityService: NetworkAgentInfo [WIFI () - 627] NC all is: 32 9604 9581 43 9595 41 40 9377 10 9165 9369 9082 9376 53 9589 9601 15 9580 9392 9187 9556 9245 4 23 9433 9562 9 6478 9603 9365 9590 6479 9609 9564 9080 9596 11 12 9612 1 9539 
11-12 20:16:13.751  1684  2722 D HwConnectivityServiceEx: set 10759 rmnet0 value true
11-12 20:16:13.751  1684  2722 I ConnectivityService: B uid 10759
11-12 20:16:13.752  1684  2115 I ConnectivityService: rematching NetworkAgentInfo [MOBILE (LTE) - 626]
11-12 20:16:13.753  1684  2115 I ConnectivityService: CS = 60, NS = 50
11-12 20:16:13.754  3174  3174 D PhoneSwitcherNetworkRequstListener: got request NetworkRequest [ TRACK_DEFAULT id=9614, [ Capabilities: INTERNET&NOT_RESTRICTED&TRUSTED Uid: 10759 DNN:  SSCMODE: 0 SNSSAI:  PduSessionType: 0 RouteBitmap: 0] ] with score 60 and serial -1
11-12 20:16:13.757  1684  2115 I chatty  : uid=1000(system) ConnectivitySer identical 38 lines
11-12 20:16:13.757  1684  2115 I ConnectivityService: CS = 60, NS = 50
11-12 20:16:13.757  1684  2115 I ConnectivityService: NetworkAgentInfo [MOBILE (LTE) - 626] NC all is: 6887 
11-12 20:16:13.758  1684  2115 I ConnectivityService: rematching NetworkAgentInfo [WIFI () - 627]
11-12 20:16:13.758  1684  2115 I ConnectivityService: NetworkAgentInfo [WIFI () - 627] NC all is: 32 9604 9581 43 9595 41 40 9377 10 9165 9369 9082 9614 9376 53 9589 9601 15 9580 9392 9187 9556 9245 4 23 9433 9562 9 6478 9603 9365 9590 6479 9609 9564 9080 9596 11 12 9612 1 9539 
11-12 20:16:13.759  1684  2115 I ConnectivityService: rematching NetworkAgentInfo [MOBILE (LTE) - 626]
11-12 20:16:13.759  1684  2115 I ConnectivityService: CS = 60, NS = 50
11-12 20:16:13.761  1684  2115 I chatty  : uid=1000(system) ConnectivitySer identical 38 lines
11-12 20:16:13.761  1684  2115 I ConnectivityService: CS = 60, NS = 50
11-12 20:16:13.761  1684  2115 I ConnectivityService: NetworkAgentInfo [MOBILE (LTE) - 626] NC all is: 6887 
11-12 20:16:13.763  1684  5910 I ConnectivityService: B uid 10759
11-12 20:16:13.763  1684  5910 I ConnectivityService: B uid 10759
11-12 20:16:13.783 30908 30933 I chatty  : uid=10759(com.xingin.xhs) FinalizerDaemon expire 2 lines
11-12 20:16:13.823  2420  2660 I chatty  : uid=10759(com.xingin.xhs) cpu-pool-Apm-4- expire 1 line
11-12 20:16:13.831   676  1259 W /system/bin/netd: A binder object at 0x7cd6c93d00 is being transacted on, however, this object is in the same process as its proxy. Transacting with this binder is expensive compared to just calling the corresponding functionality in the same process.
11-12 20:16:13.831   676  1259 I PreDnsController: CanPreDnsQuery,persist.sys.predns is false!
11-12 20:16:13.846 27894 14327 I HwOUC   : [A_NORMAL_Patch-71928]getNewVersionFromServer status: 200(RequestNewVersion:14)
11-12 20:16:13.847 27894 14327 I HwOUC   : [A_NORMAL_Patch-71928]NewVersionRequest retrieve newVersionInfo.xml: {"status":"1","blVersionCheckResults":[{"cooperativeFeatureSupported":"true","upgradePathId":0,"cooperativeUpgradeStatus":"0","mccId":0,"pollingPeriod":"1","userType":"2","blVersionInfo":{"updateAction":"patchCheck","laneId":542729201279567488,"laneName":"HotaLane_ELE-AL00_all_cn_C00_R1","currentBlVersionId":683174007712776960,"currentBlVersionNumber":"ELE-AL00 102.0.0.165(C00E160R1P4)","targetBlVersionId":0,"blVersionType":1,"transactionId":"e0409fbc-dca6-48d6-90ed-98e5e72f2930"},"ruleGroupId":0,"currentVersionMatchType":1,"blVersionType":1,"status":"1"},{"cooperativeFeatureSupported":"true","upgradePathId":0,"cooperativeUpgradeStatus":"0","mccId":0,"pollingPeriod":"1","userType":"2","blVersionInfo":{"updateAction":"patchCheck","laneId":547515056712058496,"laneName":"PatchLane_ELE-LGRP1-CHN","currentBlVersionId":695345002217210624,"currentBlVersionNumber":"ELE-LGRP1-CHN 102.0.0.165(patch02)","targetBlVersionId":0,"blVersionType":3,"transactionId":"e0409fbc-dca6-48d6-90ed-98e5e72f2930"},"ruleGroupId":0,"currentVersionMatchType":1,"blVersionType":3,"status":"1"}],"cotaInfo":{"vendorCota":"UNKNOWN","country":"UNKNOWN","vendorExpiredTime":"1637324173280"},"allSceneVersionQueryStatus":"0"}(RequestNewVersion:20)
11-12 20:16:13.851 27894  2517 I P_OUC   : [A_NORMAL-72148]check no new version.server response status:1(PatchCheck:31)
11-12 20:16:13.852 27894  2517 I HwOUC   : [A_NORMAL-72148]getNextCheckType ENTERPRISE_CHECK(NormalMode:2)
11-12 20:16:13.858  2683  8686 I chatty  : uid=1000(system) Binder:2683_F expire 14 lines
11-12 20:16:13.858  2683  3304 I chatty  : uid=1000(system) AppResMgrHandle expire 7 lines
11-12 20:16:13.859  2683  3379 I chatty  : uid=1000(system) actions handler expire 5 lines
11-12 20:16:13.860 27894  2681 I HwOUC   : [Thread-99-72151]/data/user/0/com.huawei.android.hwouc/files/bugtrace_log has been set label(FileUtils:22)
11-12 20:16:13.862 27894 14374 I HwOUC   : [A_NORMAL_Ecota-71931]set https(NetworkRequest:7)
11-12 20:16:13.862 27894 14374 I SecurityComp10105306: SecureX509TrustManager: loadBksCA
11-12 20:16:13.862 27894 14374 I SecurityComp10105306: BksUtil: getFilesBksIS 
11-12 20:16:13.862 27894 14374 I SecurityComp10105306: SecureX509TrustManager: get bks not from assets
11-12 20:16:13.870   498   498 E SELinux : avc:  denied  { find } for interface=vendor.huawei.hardware.sensors::ISensors sid=u:r:untrusted_app:s0:c247,c258,c512,c768 pid=2420 scontext=u:r:untrusted_app:s0:c247,c258,c512,c768 tcontext=u:object_r:default_hisi_hwservice:s0 tclass=hwservice_manager permissive=0
11-12 20:16:13.883  1039  1039 I SensorHub: Flush, handle = 5
11-12 20:16:13.884  1039  1114 I SensorHub: GetMetadDataEvent: handle = 5
11-12 20:16:13.884  2683  3060 I chatty  : uid=1000(system) core expire 6 lines
11-12 20:16:13.885  1039  1116 E Sensors@1.2-impl: Sensors::batch: sensorHandle: 7, samplingPeriodNs: 20000000, maxReportLatencyNs: 0
11-12 20:16:13.885  1039  1116 I Sensors@1.2-impl: IsConfigParamNeedUpdate: service: 1684, sensor: 7, first set config, create it
11-12 20:16:13.885  1039  1116 I Sensors@1.2-impl: SetReportConfig: the sensor not find, create it
11-12 20:16:13.885  1039  1116 I Sensors@1.2-impl: GetSensorConfig: sensor: 7, Can't get param
11-12 20:16:13.885  1039  1116 I Sensors@1.2-impl: GetSensorConfig: sensor: 7, Can't get param
11-12 20:16:13.885  1039  1116 I Sensors@1.2-impl: JudgeOptimizeConfig: sensor: 7, oldPeriod: 0, initPeroid: 20000000
11-12 20:16:13.885  1039  1116 I Sensors@1.2-impl: SetOptimizeConfig: sensor: 7 first setconfig, create it
11-12 20:16:13.885  1039  1116 I Sensors@1.2-impl: GetSampleFifoConfig: sensor: 7, period: 20000000, reportDelay: 0
11-12 20:16:13.885  1039  1116 I SensorHub: batch called handle:7 sampleNs:20000000 latencyNs:0
11-12 20:16:13.885  1039  1116 I SensorHub: in Batch, handle = 7, flags = 0, periodNs = 20000000, timeout = 0
11-12 20:16:13.886  1039  1116 I Sensors@1.2-impl: activate-7 enabled-1 fwkOals-1 camOals-0 fwkOcolor-1 camOcolor-0 fwkOtof-0 camOtof-0
11-12 20:16:13.886  1039  1116 I Sensors@1.2-impl: GetTotalOpenCnt: The sensor haven't open
11-12 20:16:13.886  1039  1116 I Sensors@1.2-impl: IsOpenNeedUpdate: service: 1684, sensor: 7, open: 1, openCnt: 0
11-12 20:16:13.886  1039  1116 I SensorHub: Activate, handle: 7, enabled:1, err: 0
11-12 20:16:13.911   676  1259 W /system/bin/netd: A binder object at 0x7cd6c93d00 is being transacted on, however, this object is in the same process as its proxy. Transacting with this binder is expensive compared to just calling the corresponding functionality in the same process.
11-12 20:16:13.911   676  1259 I PreDnsController: CanPreDnsQuery,persist.sys.predns is false!
11-12 20:16:13.912  2420  2420 D HwCustConnectivityManagerImpl: isBlockNetworkRequestByNonAis, INVALID_SUBSCRIPTION_ID
11-12 20:16:13.914  1684  3405 I ConnectivityService: listenForNetwork for uid/pid:10759/2420 NetworkRequest [ LISTEN id=9616, [ Transports: CELLULAR|WIFI|BLUETOOTH|ETHERNET Capabilities: NOT_RESTRICTED&TRUSTED&NOT_VPN Uid: 10759 DNN:  SSCMODE: 0 SNSSAI:  PduSessionType: 0 RouteBitmap: 0] ]
11-12 20:16:13.915  1684  2115 I ConnectivityService: rematching NetworkAgentInfo [WIFI () - 627]
11-12 20:16:13.915  1684  2115 I ConnectivityService: NetworkAgentInfo [WIFI () - 627] NC all is: 32 9604 9581 43 9595 41 40 9377 10 9165 9369 9082 9614 9376 53 9589 9601 15 9580 9392 9187 9556 9245 4 23 9433 9562 9 6478 9603 9365 9590 6479 9609 9564 9080 9596 11 12 9612 1 9539 
11-12 20:16:13.916  1684  2115 I ConnectivityService: rematching NetworkAgentInfo [MOBILE (LTE) - 626]
11-12 20:16:13.916  1684  2115 I ConnectivityService: CS = 60, NS = 50
11-12 20:16:13.918  1684  2115 I chatty  : uid=1000(system) ConnectivitySer identical 38 lines
11-12 20:16:13.918  1684  2115 I ConnectivityService: CS = 60, NS = 50
11-12 20:16:13.918  1684  2115 I ConnectivityService: NetworkAgentInfo [MOBILE (LTE) - 626] NC all is: 6887 
11-12 20:16:13.932  2420  2717 D HwCustConnectivityManagerImpl: isBlockNetworkRequestByNonAis, INVALID_SUBSCRIPTION_ID
11-12 20:16:13.933  1684  3405 I ConnectivityService: listenForNetwork for uid/pid:10759/2420 NetworkRequest [ LISTEN id=9617, [ Capabilities: INTERNET&NOT_RESTRICTED&TRUSTED&NOT_VPN&NOT_CONGESTED&NOT_SUSPENDED Uid: 10759 DNN:  SSCMODE: 0 SNSSAI:  PduSessionType: 0 RouteBitmap: 0] ]
11-12 20:16:13.934  1684  2115 I ConnectivityService: rematching NetworkAgentInfo [WIFI () - 627]
11-12 20:16:13.935  1684  2115 I ConnectivityService: NetworkAgentInfo [WIFI () - 627] NC all is: 32 9604 9581 43 9595 41 40 9377 10 9165 9369 9082 9614 9376 53 9589 9601 15 9580 9392 9187 9556 9245 4 23 9433 9562 9 6478 9603 9365 9590 6479 9609 9564 9080 9596 11 12 9612 1 9539 
11-12 20:16:13.935  1684  2115 I ConnectivityService: rematching NetworkAgentInfo [MOBILE (LTE) - 626]
11-12 20:16:13.936  1684  2115 I ConnectivityService: CS = 60, NS = 50
11-12 20:16:13.937  1684  2115 I chatty  : uid=1000(system) ConnectivitySer identical 38 lines
11-12 20:16:13.937  1684  2115 I ConnectivityService: CS = 60, NS = 50
11-12 20:16:13.937  1684  2115 I ConnectivityService: NetworkAgentInfo [MOBILE (LTE) - 626] NC all is: 6887 
11-12 20:16:13.965 27894 14374 I SecurityComp10105306: SecureSSLSocketFactory: createSocket s host port autoClose
11-12 20:16:13.966 27894 14374 I SecurityComp10105306: SecureSSLSocketFactory: set default protocols
11-12 20:16:13.969 27894 14374 I SecurityComp10105306: SecureSSLSocketFactory: set default cipher suites
11-12 20:16:13.984  3174  4923 W TelephonyPermissions: reportAccessDeniedToReadIdentifiers:com.xingin.xhs:getSubscriberId:isPreinstalled=false:isPrivApp=false
11-12 20:16:13.990  3174  4923 W TelephonyPermissions: reportAccessDeniedToReadIdentifiers:com.xingin.xhs:getUniqueDeviceId:isPreinstalled=false:isPrivApp=false
11-12 20:16:14.016 27894 14374 I SecurityComp10105306: SecureX509TrustManager: checkServerTrusted begin ,server ca chain size is : 2 ,auth type is : ECDHE_RSA
11-12 20:16:14.016 27894 14374 I SecurityComp10105306: SecureX509TrustManager: check server i : 0
11-12 20:16:14.016 27894 14374 I SecurityComp10105306: SecureX509TrustManager: client root ca size is : 32
11-12 20:16:14.026 27894 14374 I SecurityComp10105306: SecureX509TrustManager: checkServerTrusted succeed ,root ca issuer is : CN=GlobalSign, O=GlobalSign, OU=GlobalSign Root CA - R3
11-12 20:16:14.039  1684  3405 E WifiPermissionsUtil: isAppOpAllowed is false and uid 10759 coarseForTargetSdkLessThanQ true isTargetSdkLessThanQ false
11-12 20:16:14.041  2420  2717 I chatty  : uid=10759(com.xingin.xhs) xyncc expire 2 lines
11-12 20:16:14.054  1684  3396 I NotificationService: enqueueNotificationInternal: pkg=com.android.settings id=1000002 notification=Notification(channel=SETTINGS_USB pri=1 contentView=null vibrate=null sound=null tick defaults=0x0 flags=0x2 color=0x00000000 vis=PRIVATE)
11-12 20:16:14.054  1684  3396 I NotificationService: enqueueNotificationInternal Channel Info : pkg=com.android.settings id=1000002 importance =1
11-12 20:16:14.063  2330  2330 I NotificationListener: onNotificationPosted: StatusBarNotification(pkg=com.android.settings user=UserHandle{0} id=1000002 tag=null key=0|com.android.settings|1000002|null|1000: Notification(channel=SETTINGS_USB pri=1 contentView=null vibrate=null sound=null tick defaults=0x0 flags=0x2 color=0x00000000 groupKey=ranker_group1000002 vis=PRIVATE)) important=1, post=1636719374055, when=1636719373294,showWhen=true, vis=0, userid=0, hasFullScreenIntent=false,style=null
11-12 20:16:14.065  2330  2330 I NotificationViewHierarchyManager: updateNotificationViews activeNotificationSize=4
11-12 20:16:14.066  2330  2330 I InterruptionStateProvider: No heads up: unimportant notification: 0|com.android.settings|1000002|null|1000
11-12 20:16:14.067  2330  2483 E HiEvent.Payload: new JsonPayload exception:Unterminated object at character 79 of {pkg:com.android.settings,id:1000002,tag:"null",channelid:" ",channelname:USB ,isOnGoing:"true",importance:1,isCustomNotification:"false",language:zh,style:"null",isFromPush:"false"}
11-12 20:16:14.073  1684  3396 E WifiPermissionsUtil: isAppOpAllowed is false and uid 10759 coarseForTargetSdkLessThanQ true isTargetSdkLessThanQ false
11-12 20:16:14.085  2420  2773 I chatty  : uid=10759(com.xingin.xhs) expire 11 lines
11-12 20:16:14.100   676  1259 W /system/bin/netd: A binder object at 0x7cd6c93d00 is being transacted on, however, this object is in the same process as its proxy. Transacting with this binder is expensive compared to just calling the corresponding functionality in the same process.
11-12 20:16:14.100   676  1259 I PreDnsController: CanPreDnsQuery,persist.sys.predns is false!
11-12 20:16:14.101   676  1259 W /system/bin/netd: A binder object at 0x7cd6c93d00 is being transacted on, however, this object is in the same process as its proxy. Transacting with this binder is expensive compared to just calling the corresponding functionality in the same process.
11-12 20:16:14.101   676  1259 I PreDnsController: CanPreDnsQuery,persist.sys.predns is false!
11-12 20:16:14.109  2420  2787 I chatty  : uid=10759(com.xingin.xhs) expire 1 line
11-12 20:16:14.109  2420  2782 I chatty  : uid=10759(com.xingin.xhs) expire 4 lines
11-12 20:16:14.113  1027  4330 E Thermal-daemon:ambient: UpdateAmbientInformation: devCurrent -109, last_avg_current -412, clear history input array
11-12 20:16:14.122  1684  3396 W ActivityManager: Unable to start service Intent { cmp=com.xingin.xhs/org.daemon.AliveService } U=0: not found
11-12 20:16:14.131 27894 14374 I HwOUC   : [A_NORMAL_Ecota-71931]revocationVerification isRevoked:false(SecureX509TrustManagerEx:3)
11-12 20:16:14.145  2420  2677 I chatty  : uid=10759(com.xingin.xhs) expire 1 line
11-12 20:16:14.147  2420  2767 I chatty  : uid=10759(com.xingin.xhs) ctcc-acc expire 2 lines
11-12 20:16:14.151   676  1259 W /system/bin/netd: A binder object at 0x7cd6c93d00 is being transacted on, however, this object is in the same process as its proxy. Transacting with this binder is expensive compared to just calling the corresponding functionality in the same process.
11-12 20:16:14.151   676  1259 I PreDnsController: CanPreDnsQuery,persist.sys.predns is false!
11-12 20:16:14.171  2420  2809 I chatty  : uid=10759(com.xingin.xhs) SDK Looper Thre expire 6 lines
11-12 20:16:14.217 27894 14374 I E_OUC   : [A_NORMAL_Ecota-71931]getEnterpriseIdFromServer status: 200(RequestEnterpriseId:9)
11-12 20:16:14.221 27894  2517 I E_OUC   : [A_NORMAL-72148]CheckEnterpriseId mEnterpriseId is empty(EnterpriseCheck:11)
11-12 20:16:14.232 27894 27971 I HwOUC   : [A_NORMAL_Module-71863]set https(NetworkRequest:7)
11-12 20:16:14.232 27894 27971 I SecurityComp10105306: SecureX509TrustManager: loadBksCA
11-12 20:16:14.233 27894 27971 I SecurityComp10105306: BksUtil: getFilesBksIS 
11-12 20:16:14.233 27894 27971 I SecurityComp10105306: SecureX509TrustManager: get bks not from assets
11-12 20:16:14.262  1684  3396 E WifiPermissionsUtil: isAppOpAllowed is false and uid 10759 coarseForTargetSdkLessThanQ true isTargetSdkLessThanQ false
11-12 20:16:14.263  1684  3396 E WifiPermissionsUtil: isAppOpAllowed is false and uid 10759 coarseForTargetSdkLessThanQ true isTargetSdkLessThanQ false
11-12 20:16:14.266  1684  2885 E AdbDebuggingManager: Caught an exception opening the socket: java.io.IOException: No such file or directory
11-12 20:16:14.267  2420  2765 I chatty  : uid=10759(com.xingin.xhs) expire 6 lines
11-12 20:16:14.295   676  1259 W /system/bin/netd: A binder object at 0x7cd6c93d00 is being transacted on, however, this object is in the same process as its proxy. Transacting with this binder is expensive compared to just calling the corresponding functionality in the same process.
11-12 20:16:14.295   676  1259 I PreDnsController: CanPreDnsQuery,persist.sys.predns is false!
11-12 20:16:14.369  2420  2800 I chatty  : uid=10759(com.xingin.xhs) api_net-5 expire 1 line
11-12 20:16:14.371  1684  5910 V ActivityManager: Successfully start provider ContentProviderRecord{761c59e u0 com.huawei.android.launcher/.LauncherProvider} launchingApp=ProcessRecord{79608b1 11614:com.huawei.android.launcher/u0a79} caller pid= 2420
11-12 20:16:14.372  2420  2778 I chatty  : uid=10759(com.xingin.xhs) api_net-4 expire 1 line
11-12 20:16:14.375 11614 12741 I HwLauncher: LauncherProvider launcher call - method:change_badge arg:null extras:[package=com.xingin.xhs][badgenumber=0][class=com.xingin.xhs.activity.SplashActivity] uid =10759 pid =2420
11-12 20:16:14.377  2420  2748 I chatty  : uid=10759(com.xingin.xhs) api_net-2 expire 1 line
11-12 20:16:14.380  2420  2756 I chatty  : uid=10759(com.xingin.xhs) api_net-3 expire 1 line
11-12 20:16:14.394  2420  2747 I chatty  : uid=10759(com.xingin.xhs) api_net-1 expire 1 line
11-12 20:16:14.441 27894 27971 I SecurityComp10105306: SecureSSLSocketFactory: createSocket s host port autoClose
11-12 20:16:14.441 27894 27971 I SecurityComp10105306: SecureSSLSocketFactory: set default protocols
11-12 20:16:14.441 27894 27971 I SecurityComp10105306: SecureSSLSocketFactory: set default cipher suites
11-12 20:16:14.452 29092 29092 D MouseWheelSynthesizer: mMoveStepInDp: 64, mMoveStepInPixel: 192, mUpTimeDelayed: 100
11-12 20:16:14.453 29092 29092 D ViewRootImpl: ViewRootImpl mIsInProductivePCDisplay: false
11-12 20:16:14.458 29092 29092 I DecorView[]: pkgName:com.android.settings old windowMode:1 new windoMode:1, isFixedSize:false
11-12 20:16:14.461  1684  5910 I WindowManager: addWindowToken: displayid:0 binder:android.os.BinderProxy@7e7eb61 token:WindowToken{7d2db4b android.os.BinderProxy@7e7eb61}
11-12 20:16:14.470  1684  5910 I WindowManager: Changing focus from Window{7d3dbb9 u0 com.shakeyou.app/com.shakeyou.app.main.ui.MainActivity} to Window{714ef29 u0 com.android.settings} displayId=0 Callers=com.android.server.wm.RootWindowContainer.updateFocusedWindowLocked:6663052 com.android.server.wm.WindowManagerService.updateFocusedWindowLocked:6662528 com.android.server.wm.WindowManagerService.addWindow:5407348 com.android.server.wm.HwWindowManagerService.addWindow:2061244 
11-12 20:16:14.471  1684  5910 I HwDisplayContentEx: currentFocus windowstate not null
11-12 20:16:14.472  1684  5910 I HwDisplayContentEx: trans currentFocus windowstate not null
11-12 20:16:14.472  1684  5910 I chatty  : uid=1000(system) Binder:1684_1F expire 3 lines
11-12 20:16:14.472  1684  5910 I WindowManager: addWindow: Window{714ef29 u0 com.android.settings} client:android.os.BinderProxy@7e7eb61 currentDisplayId:0 requestDisplayId:0 token:null
11-12 20:16:14.472  1684  1765 D StatusBarManagerService: win:Window{714ef29 u0 com.android.settings}mIsColorEnable:truelight:true
11-12 20:16:14.473  1684  1765 I StatusBarDisable: setFlags what=0 which=1 pkg=Window{714ef29 u0 com.android.settings}
11-12 20:16:14.474  2330 29758 D HwCommandQueue: CommandQueue, set Launcher StatusBar Color
11-12 20:16:14.480 27894 27971 I SecurityComp10105306: SecureX509TrustManager: checkServerTrusted begin ,server ca chain size is : 2 ,auth type is : ECDHE_RSA
11-12 20:16:14.481 27894 27971 I SecurityComp10105306: SecureX509TrustManager: check server i : 0
11-12 20:16:14.481 27894 27971 I SecurityComp10105306: SecureX509TrustManager: client root ca size is : 32
11-12 20:16:14.482  1684  2049 D HwActivityManagerServiceEx: notifyAppToTop pid:29092, enable:1
11-12 20:16:14.482 29092 29092 D InputEventReceiver: dispatchInputInterval 1000000
11-12 20:16:14.485 29092 29092 I RmeSchedManager: init Rme, version is: v1.0
11-12 20:16:14.486 29092 29092 I RtgSchedEvent: current pid:29092 AppType:255
11-12 20:16:14.490 29092  2854 I HiTouch_HiTouchSensor: HiTouch restricted: Sub windows restricted.
11-12 20:16:14.490 29092  2854 D HiTouch_PressGestureDetector: onAttached, package=com.android.settings, windowType=2003, mIsHiTouchRestricted=true
11-12 20:16:14.507  1684  1765 D StatusBarManagerService: win:Window{714ef29 u0 com.android.settings}mIsColorEnable:truelight:true
11-12 20:16:14.507  1684  1765 I StatusBarDisable: setFlags what=0 which=1 pkg=Window{714ef29 u0 com.android.settings}
11-12 20:16:14.507  2330 29753 D HwCommandQueue: CommandQueue, set Launcher StatusBar Color
11-12 20:16:14.508  1684  3396 I chatty  : uid=1000(system) Binder:1684_17 expire 1 line
11-12 20:16:14.519 29092 29153 D mali_winsys: EGLint new_window_surface(egl_winsys_display *, void *, EGLSurface, EGLConfig, egl_winsys_surface **, EGLBoolean) returns 0x3000
11-12 20:16:14.520    47    47 W migration/6: type=1400 audit(0.0:1803709): avc: granted { setsched } for pid=47 scontext=u:r:kernel:s0 tcontext=u:r:kernel:s0 tclass=process
11-12 20:16:14.563 29092 29153 D OpenGLRenderer: disableOutlineDraw is true
11-12 20:16:14.578  1684  1770 D HwAppTransitionImpl: windowAnimations = 2060168 dose not come from system, not to override it.
11-12 20:16:14.584    53    53 W migration/7: type=1400 audit(0.0:1803710): avc: granted { setsched } for pid=53 scontext=u:r:kernel:s0 tcontext=u:r:kernel:s0 tclass=process
11-12 20:16:14.584  1684  1770 I WindowManager: dispatchResized : win = Window{714ef29 u0 com.android.settings} drawState = HAS_DRAWN
11-12 20:16:14.590  1684  1765 D StatusBarManagerService: win:Window{714ef29 u0 com.android.settings}mIsColorEnable:truelight:false
11-12 20:16:14.591  1684  1765 I StatusBarDisable: setFlags what=0 which=1 pkg=Window{714ef29 u0 com.android.settings}
11-12 20:16:14.591  2330 29753 D HwCommandQueue: CommandQueue, set Launcher StatusBar Color
11-12 20:16:14.592   676  1259 W /system/bin/netd: A binder object at 0x7cd6c93d00 is being transacted on, however, this object is in the same process as its proxy. Transacting with this binder is expensive compared to just calling the corresponding functionality in the same process.
11-12 20:16:14.592   676  1259 I PreDnsController: CanPreDnsQuery,persist.sys.predns is false!
11-12 20:16:14.595  1684  1684 I chatty  : uid=1000(system) Binder:1684_1C expire 15 lines
11-12 20:16:14.596  2420  2604 I chatty  : uid=10759(com.xingin.xhs) expire 1 line
11-12 20:16:14.598 29260 29260 D DecorView: showOrHideHighlightView: hasFocus=false; winMode=1; isMrgNull=true
11-12 20:16:14.602  1684  5910 D HwConnectivityServiceEx: set 10759 wlan0 value false
11-12 20:16:14.604  2525  2849 D NpdcpAliveManager: ro.odm.npdcp_alive_cfg_enable is false
11-12 20:16:14.605  2525  3034 I chatty  : uid=1000(system) EmcomThread expire 3 lines
11-12 20:16:14.606  1684  2239 I chatty  : uid=1000(system) wifipro_feature expire 4 lines
11-12 20:16:14.612 27894 27971 I SecurityComp10105306: SecureX509TrustManager: checkServerTrusted succeed ,root ca issuer is : CN=GlobalSign, O=GlobalSign, OU=GlobalSign Root CA - R3
11-12 20:16:14.679  1684  2049 I chatty  : uid=1000(system) sManagerService expire 1 line
11-12 20:16:14.680  1684  2049 D HwActivityManagerServiceEx: notifyAppToTop pid:29260, enable:0
11-12 20:16:14.684 29260 29260 I RmeSchedManager: init Rme, version is: v1.0
11-12 20:16:14.704    53    53 W migration/7: type=1400 audit(0.0:1803711): avc: granted { setsched } for pid=53 scontext=u:r:kernel:s0 tcontext=u:r:kernel:s0 tclass=process
11-12 20:16:14.704    47    47 W migration/6: type=1400 audit(0.0:1803712): avc: granted { setsched } for pid=47 scontext=u:r:kernel:s0 tcontext=u:r:kernel:s0 tclass=process
11-12 20:16:14.719 27894 27971 I HwOUC   : [A_NORMAL_Module-71863]revocationVerification isRevoked:false(SecureX509TrustManagerEx:3)
11-12 20:16:14.741  1684  2105 I chatty  : uid=1000(system) WifiService expire 6 lines
11-12 20:16:14.797 27894 27971 I HwOUC   : [A_NORMAL_Module-71863]getNewVersionFromServer status: 200(RequestNewVersion:14)
11-12 20:16:14.797 27894 27971 I HwOUC   : [A_NORMAL_Module-71863]NewVersionRequest retrieve newVersionInfo.xml: {"status":"1","versionPackageCheckResults":[{"status":"1","versionPackageType":7}]}(RequestNewVersion:20)
11-12 20:16:14.799 27894  2517 I M_OUC   : [A_NORMAL-72148]check no new version(ModuleCheck:10)
11-12 20:16:14.804 27894  2517 I HwOUC   : [A_NORMAL-72148]getNextCheckType HOTA_CHECK(NormalMode:5)
11-12 20:16:14.805 27894  2860 I HwOUC   : [Thread-100-72154]/data/user/0/com.huawei.android.hwouc/files/bugtrace_log has been set label(FileUtils:22)
11-12 20:16:14.816 27894 27994 I HwOUC   : [A_NORMAL_Hota-71867]set https(NetworkRequest:7)
11-12 20:16:14.817 27894 27994 I SecurityComp10105306: SecureX509TrustManager: loadBksCA
11-12 20:16:14.817 27894 27994 I SecurityComp10105306: BksUtil: getFilesBksIS 
11-12 20:16:14.817 27894 27994 I SecurityComp10105306: SecureX509TrustManager: get bks not from assets
11-12 20:16:14.892  1684  3405 D HwConnectivityServiceEx: set 10080 wlan0 value false
11-12 20:16:14.931 27894 27994 I SecurityComp10105306: SecureSSLSocketFactory: createSocket s host port autoClose
11-12 20:16:14.932 27894 27994 I SecurityComp10105306: SecureSSLSocketFactory: set default protocols
11-12 20:16:14.932 27894 27994 I SecurityComp10105306: SecureSSLSocketFactory: set default cipher suites
11-12 20:16:14.968 27894 27994 I SecurityComp10105306: SecureX509TrustManager: checkServerTrusted begin ,server ca chain size is : 2 ,auth type is : ECDHE_RSA
11-12 20:16:14.969 27894 27994 I SecurityComp10105306: SecureX509TrustManager: check server i : 0
11-12 20:16:14.969 27894 27994 I SecurityComp10105306: SecureX509TrustManager: client root ca size is : 32
11-12 20:16:14.990  2420  2810 I chatty  : uid=10759(com.xingin.xhs) expire 3 lines
11-12 20:16:15.025 27894 27994 I SecurityComp10105306: SecureX509TrustManager: checkServerTrusted succeed ,root ca issuer is : CN=GlobalSign, O=GlobalSign, OU=GlobalSign Root CA - R3
11-12 20:16:15.077   770  1214 D AudioFlinger: setParameters(): io 0, keyvalue vibrator_state=off, calling pid 1684 calling uid 1000
11-12 20:16:15.077   770  1214 I         : [HH]HearHealth::setParameter start, the keyValues.length() is: 18.
11-12 20:16:15.077   770  1214 W         : [HH]Invalid argument
11-12 20:16:15.078   738 21727 I AudioModuleManager: [AudioModuleSetParameters:51]: list size: 11
11-12 20:16:15.080  1684  1684 I VibratorService: mSendVibratorStateOffRunnable vibrator_state off, acquire support false
11-12 20:16:15.120  1684  5910 E WifiPermissionsUtil: isAppOpAllowed is false and uid 11834 coarseForTargetSdkLessThanQ true isTargetSdkLessThanQ false
11-12 20:16:15.121  2525  2525 I chatty  : uid=1000(system) com.huawei.systemserver expire 2 lines
11-12 20:16:15.121 30835 30835 W .huawei.meetim: Accessing hidden method Landroid/telephony/SignalStrength;->getWcdmaRscp()I (greylist-max-o, reflection, denied)
11-12 20:16:15.122  1684  5910 E WifiPermissionsUtil: isAppOpAllowed is false and uid 11834 coarseForTargetSdkLessThanQ true isTargetSdkLessThanQ false
11-12 20:16:15.126  3174  5031 I LocationAccessPolicy: com.zhihu.android is aware of fine but the app-ops permission is specifically denied.
11-12 20:16:15.126  2330  2330 I MobileSignalController: copyFrom::dataConnected = false
11-12 20:16:15.126  2330  2330 I MobileSignalController: copyFrom::dataConnected = false
11-12 20:16:15.128  3174  5028 I LocationAccessPolicy: com.zhihu.android is aware of fine but the app-ops permission is specifically denied.
11-12 20:16:15.148  1684  2106 I chatty  : uid=1000(system) ClientModeImpl expire 4 lines
11-12 20:16:15.165  2420  2884 I chatty  : uid=10759(com.xingin.xhs) arch_disk_io_0 expire 4 lines
11-12 20:16:15.173  2420  2420 I ActivityThread: finishPreloaded preloadStatus 0
11-12 20:16:15.202  2420  2891 I chatty  : uid=10759(com.xingin.xhs) api_net-6 expire 1 line
11-12 20:16:15.208 27894 27994 I HwOUC   : [A_NORMAL_Hota-71867]revocationVerification isRevoked:false(SecureX509TrustManagerEx:3)
11-12 20:16:15.213   676  1259 W /system/bin/netd: A binder object at 0x7cd6c93d00 is being transacted on, however, this object is in the same process as its proxy. Transacting with this binder is expensive compared to just calling the corresponding functionality in the same process.
11-12 20:16:15.214   676  1259 I PreDnsController: CanPreDnsQuery,persist.sys.predns is false!
11-12 20:16:15.219  1684  1684 I JobServiceContext: APP response begin time, startJob due to preemption. jobid:1902131808
11-12 20:16:15.224  1684  3405 V BroadcastQueue: Finished with ordered broadcast BroadcastRecord{7b98c09 u0 cn.jpush.android.intent.CONNECTION}
11-12 20:16:15.226  1684  3405 I ActivityManager: App 10759/com.xingin.xhs targets O+, restricted
11-12 20:16:15.240  2420  2527 I chatty  : uid=10759(com.xingin.xhs) HuaweiApiManage expire 4 lines
11-12 20:16:15.240  2420  2420 I LoadedApk: We unbound before receiving the connection,name:ComponentInfo{com.google.android.gms/com.google.android.gms.ads.identifier.service.AdvertisingIdService}
11-12 20:16:15.243 25771  2898 I HiAdKit.OpenDeviceIdentifierServiceImpl:  get oaid from:com.xingin.xhs
11-12 20:16:15.246 25633  5410 I AIDLInvoke: [I/HMSCore/AIDLInvoke 25633:71648 SourceFile:4] Request, URI: push.gettoken
11-12 20:16:15.246 25771 21623 I HiAdKit.OpenDeviceIdentifierServiceImpl:  isOaidTrackLimited
11-12 20:16:15.247 25633  5410 I PackageUtils: [I/HMSCore/PackageUtils 25633:71648 SourceFile:12] uid:10759, packageName:com.xingin.xhs
11-12 20:16:15.248  2420  2820 I chatty  : uid=10759(com.xingin.xhs) expire 1 line
11-12 20:16:15.250 25633  5410 I AIDLInvoke: [I/HMSCore/AIDLInvoke 25633:71648 SourceFile:17] modifyAidlRouteInfo param,appId:10194368,SdkVersion:50003301
11-12 20:16:15.254 25633  2902 I AIDLInvoke: [I/HMSCore/AIDLInvoke 25633:76092 SourceFile:1] modify AdilRouteInfo begin,originApiName:push.gettoken
11-12 20:16:15.256 25633  2902 I fwkit_ApiRuleEngine: [I/fwkit/fwkit_ApiRuleEngine 25633:76092 ApiRuleEngine.java:201] input parameters: type: aidl apiName: push.gettoken appId: 10194368 packageName: com.xingin.xhs
11-12 20:16:15.256 25633  2902 I fwkit_ApiRuleEngine: [I/fwkit/fwkit_ApiRuleEngine 25633:76092 ApiRuleEngine.java:324] Business value is: Default
11-12 20:16:15.257 25633  2902 W fwkit_coresm: [W/fwkit/fwkit_coresm 25633:76092 CoreServiceManager.java:77] Get vr_system Service !but its binder is null!
11-12 20:16:15.258 25633  2902 E HwVrServiceManagerImpl: client service is not alive.
11-12 20:16:15.260 25633  2902 I fwkit_sdk_apiRouter: newApiName is push.gettoken
11-12 20:16:15.260 25633  2902 I RuleEngineService: [I/HMSCore/RuleEngineService 25633:76092 SourceFile:29] AIDLRequest modify route info,oldApiName:push.gettoken, newApiName:push.gettoken
11-12 20:16:15.260 25633  2902 I AIDLInvoke: [I/HMSCore/AIDLInvoke 25633:76092 SourceFile:6] after modify header newApiName:push.gettoken
11-12 20:16:15.261 25633  2902 I KpmsUtils: [I/HMSCore/KpmsUtils 25633:76092 SourceFile:5] getRealApiLevel:-1
11-12 20:16:15.261 25633  2902 I AIDLInvoke: [I/HMSCore/AIDLInvoke 25633:76092 SourceFile:90] push apiLevel: -1, request apiLevel: 1
11-12 20:16:15.261 25633  2902 I fwkit_sdk_kfd: getKitReq
11-12 20:16:15.261 25633  2902 I fwkit_sdk_fd: createRequestFromMessageCenter uri: push.gettoken
11-12 20:16:15.262 25633  2902 I fwkit_kims_apidispatcher: [I/fwkit/fwkit_kims_apidispatcher 25633:76092 APIDispatcher.java:124] getAIDLRequest called!
11-12 20:16:15.262   676  1259 W /system/bin/netd: A binder object at 0x7cd6c93d00 is being transacted on, however, this object is in the same process as its proxy. Transacting with this binder is expensive compared to just calling the corresponding functionality in the same process.
11-12 20:16:15.262   676  1259 I PreDnsController: CanPreDnsQuery,persist.sys.predns is false!
11-12 20:16:15.262 25633  2902 I fwkit_kims_apidispatcher_fdi: [I/fwkit/fwkit_kims_apidispatcher_fdi 25633:76092 DispatcherImpl.java:108] messageCenter uri: push.gettoken appId: 10194368 hostAppId: 10194368 apiLevel: 1
11-12 20:16:15.263 25633  2902 W fwkit_kit_breaker: [W/fwkit/fwkit_kit_breaker 25633:76092 KitBreaker.java:346] isNeedBreaker kitBreakerInfos is null or empty
11-12 20:16:15.263 25633  2902 I fwkit_kims_apidispatcher_fdi: [I/fwkit/fwkit_kims_apidispatcher_fdi 25633:76092 DispatcherImpl.java:145] runtime api level: 24
11-12 20:16:15.263 25633  2902 I fwkit_kims_RequestFactory: [I/fwkit/fwkit_kims_RequestFactory 25633:76092 RequestFactory.java:37] No uri matched, choose proxy request as default.
11-12 20:16:15.264 25633  2902 I KitMessageCenter: [I/HMSCore/KitMessageCenter 25633:76092 SourceFile:17] Find makeRequest uri:push.gettoken cost time: 3ms
11-12 20:16:15.264 25633  2902 I AIDLInvoke: [I/HMSCore/AIDLInvoke 25633:76092 SourceFile:16] Request, URI: push.gettoken, clientId: {appId: 10194368, hostAppID: 10194368, packageName: com.xingin.xhs, sdkVersion: 50003301, uid: 10759, transactionId: 010194368ttoken20211112201613221340536, apiLevel: 1, uri: push.gettoken, kitSdkVersion: 50002300}
11-12 20:16:15.266  1684  3405 D HwConnectivityServiceEx: set 10075 wlan0 value false
11-12 20:16:15.268 25633 27525 I FormalHASDK: HiAnalyticsInstance==> HiAnalyticsInstance.onEvent(int type, String eventId, Map<String, String> mapValue) is execute.TAG: HmsProfiler,TYPE: 0,eventId: HMS_API_CALLED
11-12 20:16:15.268 25633  2902 I fwkit_kams_scheduler: [I/fwkit/fwkit_kams_scheduler 25633:76092 ProcessScheduler.java:406] getStubProcessNameByComponent: ComponentInfo{ name: null, packageName: com.huawei.hms.push, processName: null } isComponent: false
11-12 20:16:15.268 25633  2902 I fwkit_kams_scheduler: [I/fwkit/fwkit_kams_scheduler 25633:76092 ProcessScheduler.java:410] getStubProcessNameByComponent: RemoteConfig assign: com.huawei.hwid.core
11-12 20:16:15.268 25633  2902 I fwkit_kams: [I/fwkit/fwkit_kams 25633:76092 KAMSServiceController.java:1171] [getKcsForAIDLRequest] Assign com.huawei.hwid.core for push aidl request: 1ms
11-12 20:16:15.269 25633  2902 I fwkit_kams_scheduler: [I/fwkit/fwkit_kams_scheduler 25633:76092 ProcessScheduler.java:406] getStubProcessNameByComponent: ComponentInfo{ name: null, packageName: com.huawei.hms.push, processName: null } isComponent: false
11-12 20:16:15.269 25633 27525 I FormalHASDK: HiAnalyticsInstance==> HiAnalyticsInstance.onEvent(int type, String eventId, Map<String, String> mapValue) is execute.TAG: HmsProfiler,TYPE: 1,eventId: HMS_APK_CORE_AIDL_CALLED
11-12 20:16:15.269 25633  2902 I fwkit_kams_scheduler: [I/fwkit/fwkit_kams_scheduler 25633:76092 ProcessScheduler.java:410] getStubProcessNameByComponent: RemoteConfig assign: com.huawei.hwid.core
11-12 20:16:15.269 25633  2902 I fwkit_msg_request_proxy: [I/fwkit/fwkit_msg_request_proxy 25633:76092 AIDLRequestLocalProxy.java:108] onRequest mRequestId: 1a49d896-f56c-4a1c-ad68-1df1d6e181ce,mUri: push.gettoken
11-12 20:16:15.272 25633  2910 I fwkit_msg_invoke_remote: [I/fwkit/fwkit_msg_invoke_remote 25633:76094 AIDLInvokeRemote.java:129] execute requestId:1a49d896-f56c-4a1c-ad68-1df1d6e181ce uri:push.gettoken transactionId:010194368ttoken20211112201613221340536
11-12 20:16:15.272 25633 25633 I fwkit_profiler_util: [I/fwkit/fwkit_profiler_util 25633:1 ProfilerUtil.java:297] sample upload state has been exist:false
11-12 20:16:15.272 25633  2910 I fwkit_profiler_util: [I/fwkit/fwkit_profiler_util 25633:76094 ProfilerUtil.java:297] sample upload state has been exist:false
11-12 20:16:15.273 25633  2910 I fwkit_msg_fr: [I/fwkit/fwkit_msg_fr 25633:76094 FinderRemote.java:84] findRequest uri: push.gettoken apiLevel: 1
11-12 20:16:15.274 25633  2910 I fwkit_profiler_util: [I/fwkit/fwkit_profiler_util 25633:76094 ProfilerUtil.java:297] sample upload state has been exist:false
11-12 20:16:15.274 25633  2911 I fwkit_CountryUtil: [I/fwkit/fwkit_CountryUtil 25633:76095 CountryUtil.java:69] getCountryCode start.
11-12 20:16:15.274 25633  2910 I fwkit_kac_kitloader: [I/fwkit/fwkit_kac_kitloader 25633:76094 KitLoaderManager.java:213] push_60200301 already exits, no need to reload, cost :0 ms
11-12 20:16:15.275 25633  2911 I fwkit_CountryCodeBean: [I/fwkit/fwkit_CountryCodeBean 25633:76095 CountryCodeBean.java:163] countryCode by ro.hw.country is: cn
11-12 20:16:15.275 25633  2911 I fwkit_CountryCodeBean: [I/fwkit/fwkit_CountryCodeBean 25633:76095 CountryCodeBean.java:112] get issue_country code from VENDOR_COUNTRY
11-12 20:16:15.275 25633  2910 I fwkit_msg_aidl_request: [I/fwkit/fwkit_msg_aidl_request 25633:76094 AIDLRequest.java:124] execute, uri: push.gettoken transactionId: 010194368ttoken20211112201613221340536
11-12 20:16:15.275 25633  2911 I fwkit_CountryUtil: [I/fwkit/fwkit_CountryUtil 25633:76095 CountryUtil.java:74] getCountryCode end, issue_countrycode =  CN
11-12 20:16:15.277 25633  2910 I ScopeManager: [I/HMSCore/ScopeManager 25633:76094 SourceFile:10] checkCertFingerprint, appID:10194368, packageName:com.xingin.xhs
11-12 20:16:15.278 25633  2910 I fwkit_scope_mgr: [I/fwkit/fwkit_scope_mgr 25633:76094 ScopeManager.java:162] checkCertFingerprint result: 0
11-12 20:16:15.278 25633  2910 I fwkit_msg_aidl_request: [I/fwkit/fwkit_msg_aidl_request 25633:76094 AIDLRequest.java:219] permission: com.huawei.android.hms.push.manageToken
11-12 20:16:15.279 25633  2910 I AppScope: [I/HMSCore/AppScope 25633:76094 SourceFile:3] checkPermission, appID:10194368, permission:com.huawei.android.hms.push.manageToken, accountIndex:null, checkExpiredTimeFlag:1
11-12 20:16:15.279 25633  2910 I fwkit_scope_mgr: [I/fwkit/fwkit_scope_mgr 25633:76094 ScopeManager.java:221] checkPermission result: 0
11-12 20:16:15.279 25633  2910 I fwkit_msg_aidl_request: [I/fwkit/fwkit_msg_aidl_request 25633:76094 AIDLRequest.java:141] onRequest start, uri: push.gettoken transactionId: 010194368ttoken20211112201613221340536
11-12 20:16:15.281 25633  2910 I HMSPushLog60200301: [I/PushKit/HMSPushLog60200301 25633:76094 null:64] enter get token request:com.huawei.hms.support.api.entity.push.TokenReq{ pkgName: com.xingin.xhs,isFirstTime: false,scope: null,appId: null,userId: 0},transactionId:010194368ttoken20211112201613221340536
11-12 20:16:15.282 25633  2910 D HMSPushLog60200301: [D/PushKit/HMSPushLog60200301 25633:76094 null:46] get CurUserId:0
11-12 20:16:15.284 25633  2910 D HMSPushLog60200301: [D/PushKit/HMSPushLog60200301 25633:76094 null:22] existFrameworkPush:1
11-12 20:16:15.284 25633  2910 D HMSPushLog60200301: [D/PushKit/HMSPushLog60200301 25633:76094 null:22] existFrameworkPush:1
11-12 20:16:15.284 25633  2910 I HMSPushLog60200301: [I/PushKit/HMSPushLog60200301 25633:76094 null:2] await
11-12 20:16:15.284 25633  2910 I HMSPushLog60200301: [I/PushKit/HMSPushLog60200301 25633:76094 null:29] awaitOnAnyThread timeout:10 unit:SECONDS
11-12 20:16:15.285 25633 26203 I PushKitAppLogManager: PrintWorker poll timeout, shutdown.
11-12 20:16:15.287 25633  2910 W fwkit_kims: [W/fwkit/fwkit_kims 25633:76094 KIMSServiceController.java:1119] Can't find the specific package.
11-12 20:16:15.289  5320  2914 I chatty  : uid=1000(system) IO-pool-thread- expire 9 lines
11-12 20:16:15.296  5320  2914 I PushLog110107300: [IO-pool-thread-4529-24260]Response statusCode: 0
11-12 20:16:15.297 25633  5410 I HMSPushLog60200301: [I/PushKit/HMSPushLog60200301 25633:71648 null:17] setResult:0
11-12 20:16:15.298 25633  2910 I fwkit_msg_request_proxy: [I/fwkit/fwkit_msg_request_proxy 25633:76094 AIDLRequestLocalProxy.java:120] AidlCallback callback
11-12 20:16:15.298 25633  2910 I fwkit_msg_request_proxy: [I/fwkit/fwkit_msg_request_proxy 25633:76094 AIDLRequestLocalProxy.java:143] AidlCallback callback requestId:1a49d896-f56c-4a1c-ad68-1df1d6e181ce, uri:push.gettoken
11-12 20:16:15.298 25633  2910 I fwkit_msg_arw: [I/fwkit/fwkit_msg_arw 25633:76094 AIDLResponseWrapper.java:58] callJson start
11-12 20:16:15.298 25633  2910 E fwkit_msg_arw: [E/fwkit/fwkit_msg_arw 25633:76094 AIDLResponseWrapper.java:63] intent is null
11-12 20:16:15.299 25633  2916 I fwkit_CountryUtil: [I/fwkit/fwkit_CountryUtil 25633:76098 CountryUtil.java:69] getCountryCode start.
11-12 20:16:15.299 25633  2916 I fwkit_CountryCodeBean: [I/fwkit/fwkit_CountryCodeBean 25633:76098 CountryCodeBean.java:163] countryCode by ro.hw.country is: cn
11-12 20:16:15.300 25633  2916 I fwkit_CountryCodeBean: [I/fwkit/fwkit_CountryCodeBean 25633:76098 CountryCodeBean.java:112] get issue_country code from VENDOR_COUNTRY
