11-12 20:16:12.395 19112 19219 W System.err: 	at cn.jpush.android.ag.e.run(Unknown Source:9)
11-12 20:16:12.395 19112 19219 W System.err: 	at java.util.concurrent.ThreadPoolExecutor.runWorker(ThreadPoolExecutor.java:1167)
11-12 20:16:12.395 19112 19219 W System.err: 	at java.util.concurrent.ThreadPoolExecutor$Worker.run(ThreadPoolExecutor.java:641)
11-12 20:16:12.395 19112 19219 W System.err: 	at java.lang.Thread.run(Thread.java:929)
11-12 20:16:12.396 19112 19219 D JIGUANG-JPush: [GeofencePullHelper] stop schedule geofence pull
11-12 20:16:12.398   676  1259 W /system/bin/netd: A binder object at 0x7cd6c93d00 is being transacted on, however, this object is in the same process as its proxy. Transacting with this binder is expensive compared to just calling the corresponding functionality in the same process.
11-12 20:16:12.398   676  1259 I PreDnsController: CanPreDnsQuery,persist.sys.predns is false!
11-12 20:16:12.398  1684  3405 D HwConnectivityServiceEx: set 11596 wlan0 value false
11-12 20:16:12.402 17201 17629 I SOHUPUSH: SocketConnection, socket closed
11-12 20:16:12.402 17201 17629 E SOHUPUSH: PushContext, read stream socket exception, reconnecting
11-12 20:16:12.402 17201 17629 D SOHUPUSH: PushContext, run connect task
11-12 20:16:12.403   676  1259 W /system/bin/netd: A binder object at 0x7cd6c93d00 is being transacted on, however, this object is in the same process as its proxy. Transacting with this binder is expensive compared to just calling the corresponding functionality in the same process.
11-12 20:16:12.403   676  1259 I PreDnsController: CanPreDnsQuery,persist.sys.predns is false!
11-12 20:16:12.404 29866 30034 I imsdk   : TIM: 60    2021-11-12 20:16:12.398/I/29866-30034     /IMSDK       -NativeManager.0                                            /onNetworkStatusChanged Enter; type:3 code:0 errMsg:
11-12 20:16:12.406   770  1214 D AudioPolicyService: getUidState(99969) !cacheIter->second.first, return PROCESS_STATE_UNKNOWN
11-12 20:16:12.406   770  1214 D AudioPolicyService: getUidState(11596) !cacheIter->second.first, return PROCESS_STATE_UNKNOWN
11-12 20:16:12.406  1684  2722 I ActivityManager: App 10759/com.xingin.xhs targets O+, restricted
11-12 20:16:12.406  1684  2722 W ActivityManager: Background start not allowed: service Intent { cmp=com.xingin.xhs/com.xingin.cupid.getui.GeTuiIntentService (has extras) } to com.xingin.xhs/com.xingin.cupid.getui.GeTuiIntentService from pid=30908 uid=10759 pkg=com.xingin.xhs startFg?=false
11-12 20:16:12.407  1684  3396 I ActivityManager: App 11596/com.sohu.newsclient targets O+, restricted
11-12 20:16:12.407  1684  3396 W ActivityManager: Background start not allowed: service Intent { cmp=com.sohu.newsclient/.core.broadcast.ConnectionChangeService } to com.sohu.newsclient/.core.broadcast.ConnectionChangeService from pid=17125 uid=11596 pkg=com.sohu.newsclient startFg?=false
11-12 20:16:12.409 29866 30034 I imsdk   : TIM: 61    2021-11-12 20:16:12.409/I/29866-30034     /IMSDK       -BaseManager.0                                              /onDisconnected, code: 0|descr: 
11-12 20:16:12.410  1684  3396 D HwConnectivityServiceEx: set 10080 wlan0 value false
11-12 20:16:12.417  1684  2017 I HwBatteryService: power_ui state= 1 mQuickChargeStatus=1
11-12 20:16:12.418  1684  2017 I HwBatteryService: handleWirelessTxStatus
11-12 20:16:12.418  1684  2017 I HwBatteryService: switch not open, return, mWirelessTxFlag : 0
11-12 20:16:12.418  1684  2017 W HwBatteryService: need return. Invalid value: -1
11-12 20:16:12.418  1684  2017 D HwBatteryService: setHwChargeTimeRemaining, time = -1 String time: -1
11-12 20:16:12.422  1684  3396 I AlarmManager: remove alarm:Alarm{80058f3 type 0 when 1636719490105 PendingIntent{7557fc5: PendingIntentRecord{7731615 com.xingin.xhs broadcastIntent}}com.xingin.xhs procName com.xingin.xhs:pushservice} according to operation:7ba4c2d
11-12 20:16:12.422  1684  2466 I JobScheduler: pending queue: 1 jobs.
11-12 20:16:12.423  1684  2466 I JobScheduler: About to run job on context 1, job: JobStatus{704a443 #u0a759/1902131808 com.xingin.xhs/com.xingin.cupid.getui.GeTuiIntentService u=0 s=10759 TIME=none:0 READY}
11-12 20:16:12.423  1684  2466 V ActivityManager: startProcess: name=com.xingin.xhs app=null knownToBeDead=true thread=null pid=-1 preloadStatus=-1
11-12 20:16:12.423 20045 20045 I HwBackup: [AutoBackupStaticReciver]: onReceive autoBackup
11-12 20:16:12.424 20045 20045 E HwBackup: [BackupUtils]: false is bopd
11-12 20:16:12.425   770 23888 D AudioPolicyService: getUidState(10200) !cacheIter->second.first, return PROCESS_STATE_UNKNOWN
11-12 20:16:12.426 29866 30034 W imsdk   : TIM: 62    2021-11-12 20:16:12.426/W/29866-30034     /Network     -connmonitor.cpp.105  OnSendStatus                          /no packet sent or recv after 125727ms
11-12 20:16:12.429   728   728 E libc    : Access denied finding property "sys.check.usbupdate"
11-12 20:16:12.429   728   728 W libc    : Unable to set property "sys.check.usbupdate" to "stop": connection failed; errno=13 (Permission denied)
11-12 20:16:12.434 20045 20045 I HwBackup: [AutoBackupNoticeDialogUtils]: localBackup getAutoBackupType = 0
11-12 20:16:12.434 20045 20045 I HwBackup: [AutoBackupStaticReciver]: autoBackupTypeInSettingsDb = 0
11-12 20:16:12.435 20045 20045 E HwBackup: [BackupUtils]: false is bopd
11-12 20:16:12.435 20045 20045 I HwBackup: [AutoBackupStaticReciver]: connect power...0
11-12 20:16:12.435 20045 20045 I HwBackup: [AutoBackupStaticReciver]: Other storage type...
11-12 20:16:12.436  1684  3405 V ActivityManager: startProcess: name=com.huawei.regservice app=null knownToBeDead=true thread=null pid=-1 preloadStatus=-1
11-12 20:16:12.440   677   677 D Zygote  : Forked child process 2420
11-12 20:16:12.449  2420  2420 I chatty  : uid=10759(com.xingin.xhs) expire 22 lines
11-12 20:16:12.450  1684  1827 I ActivityManager: Start proc 2420:com.xingin.xhs/u0a759 for service {com.xingin.xhs/com.xingin.cupid.getui.GeTuiIntentService}
11-12 20:16:12.451  1684  1838 I ActivityManager: App 10759/com.xingin.xhs targets O+, restricted
11-12 20:16:12.452   770 23888 D AudioPolicyService: getUidState(10200) !cacheIter->second.first, return PROCESS_STATE_UNKNOWN
11-12 20:16:12.452  1684  1838 I chatty  : uid=1000(system) ThirdAppHandler expire 1 line
11-12 20:16:12.452  1684  1838 V ActivityManager: startProcess: name=com.xingin.xhs app=ProcessRecord{7d89305 2420:com.xingin.xhs/u0a759} knownToBeDead=true thread=null pid=2420 preloadStatus=0
11-12 20:16:12.455 17201 17699 D SOHUPUSH: SocketConnection, connected
11-12 20:16:12.456 17201 17699 D SOHUPUSH: PushContext, run connect task
11-12 20:16:12.459   676  1259 W /system/bin/netd: A binder object at 0x7cd6c93d00 is being transacted on, however, this object is in the same process as its proxy. Transacting with this binder is expensive compared to just calling the corresponding functionality in the same process.
11-12 20:16:12.459   676  1259 I PreDnsController: CanPreDnsQuery,persist.sys.predns is false!
11-12 20:16:12.462 19112 19112 D SOHUPUSH: GetuiPushMsgService, onReceiveOnlineState, online = false
11-12 20:16:12.463   677   677 D Zygote  : Forked child process 2449
11-12 20:16:12.464  2420  2420 D ActivityThread: Attach thread to application
11-12 20:16:12.465  1684  1827 I ActivityManager: Start proc 2449:com.huawei.regservice/1001 for broadcast {com.huawei.regservice/com.huawei.regservice.BatteryChangeReceiver}
11-12 20:16:12.467 17201 17629 D SOHUPUSH: SocketConnection, connected
11-12 20:16:12.468 17201 17629 D SOHUPUSH: PushContext, run loop read task
11-12 20:16:12.468 17201 17629 D SOHUPUSH: SocketConnection, listening socket server response ...
11-12 20:16:12.473  2449  2449 E awei.regservic: LoadAppImageStartupCache enabled : 1
11-12 20:16:12.475  2449  2449 I awei.regservic: Reinit property: dalvik.vm.checkjni= false
11-12 20:16:12.475  2449  2449 I awei.regservic: ReInitProperties: persist.vm.debug.dumpapi= false
11-12 20:16:12.476  1684  2017 I HwBatteryService: power_ui state= 1 mQuickChargeStatus=1
11-12 20:16:12.476  1684  2017 I HwBatteryService: handleWirelessTxStatus
11-12 20:16:12.476  1684  2017 I HwBatteryService: switch not open, return, mWirelessTxFlag : 0
11-12 20:16:12.476  1684  2017 W HwBatteryService: need return. Invalid value: -1
11-12 20:16:12.476  1684  2017 D HwBatteryService: setHwChargeTimeRemaining, time = -1 String time: -1
11-12 20:16:12.478   770 23888 D AudioPolicyService: getUidState(10759) !cacheIter->second.first, return PROCESS_STATE_UNKNOWN
11-12 20:16:12.478  2449  2449 E awei.regservic: Not starting debugger since process cannot load the jdwp agent.
11-12 20:16:12.481   728   728 E libc    : Access denied finding property "sys.check.usbupdate"
11-12 20:16:12.481   728   728 W libc    : Unable to set property "sys.check.usbupdate" to "stop": connection failed; errno=13 (Permission denied)
11-12 20:16:12.482  1684  2722 E WifiPermissionsUtil: getUidPermission is DENIED and permissionType android.permission.ACCESS_FINE_LOCATIONuid 10035
11-12 20:16:12.489  2449  2449 D ActivityThread: Attach thread to application
11-12 20:16:12.498 29866 29866 D com.qsmy.busniess.push.GeTuiIntentService: onHandleIntent() action = 10007
11-12 20:16:12.505  1684  3396 E WifiPermissionsUtil: getUidPermission is DENIED and permissionType android.permission.ACCESS_FINE_LOCATIONuid 10035
11-12 20:16:12.510 17201 17699 D SOHUPUSH: SocketConnection, connected
11-12 20:16:12.510 17201 17699 D SOHUPUSH: PushContext, run loop read task
11-12 20:16:12.510 17201 17699 D SOHUPUSH: SocketConnection, listening socket server response ...
11-12 20:16:12.511  1684  2722 E WifiPermissionsUtil: getUidPermission is DENIED and permissionType android.permission.ACCESS_COARSE_LOCATIONuid 10080
11-12 20:16:12.515  2420  2448 I ActivityThread: Init compatible state: true
11-12 20:16:12.517  2420  2448 I chatty  : uid=10759(com.xingin.xhs) expire 4 lines
11-12 20:16:12.529  2449  2481 I ActivityThread: Init compatible state: false
11-12 20:16:12.529  2449  2481 D HwFrameworkSecurityPartsFactory: HwFrameworkSecurityPartsFactory in.
11-12 20:16:12.529  2449  2481 I HwFrameworkSecurityPartsFactory: add HwFrameworkSecurityPartsFactory to memory.
11-12 20:16:12.535  1684  5910 I AlarmManager: remove alarm:Alarm{7c079cb type 0 when 1636719372511 PendingIntent{7ba4c2d: PendingIntentRecord{7731615 com.xingin.xhs broadcastIntent}}com.xingin.xhs procName com.xingin.xhs:pushservice} according to operation:7b5d255
11-12 20:16:12.545 17201 17629 I SOHUPUSH: SocketConnection, read data , size=6, original=[0, 0, 0, 0, 79, 75]
11-12 20:16:12.546 17201 17699 I SOHUPUSH: SocketConnection, read data , size=6, original=[0, 0, 0, 0, 79, 75]
11-12 20:16:12.547 17201 17699 W SOHUPUSH: SocketConnection, parse frame type 0 : empty, [OK]
11-12 20:16:12.547 17201 17699 D SOHUPUSH: SocketConnection, listening socket server response ...
11-12 20:16:12.549  1684  2722 I AlarmManager: remove alarm:Alarm{811c5dd type 0 when 1636719490105 PendingIntent{7b5d255: PendingIntentRecord{7731615 com.xingin.xhs broadcastIntent}}com.xingin.xhs procName com.xingin.xhs:pushservice} according to operation:760de91
11-12 20:16:12.550 17201 17629 W SOHUPUSH: SocketConnection, parse frame type 0 : empty, [OK]
11-12 20:16:12.551 17201 17629 D SOHUPUSH: SocketConnection, listening socket server response ...
11-12 20:16:12.555   676  1259 W /system/bin/netd: A binder object at 0x7cd6c93d00 is being transacted on, however, this object is in the same process as its proxy. Transacting with this binder is expensive compared to just calling the corresponding functionality in the same process.
11-12 20:16:12.555   676  1259 I PreDnsController: CanPreDnsQuery,persist.sys.predns is false!
11-12 20:16:12.555  2525  2849 D NpdcpAliveManager: ro.odm.npdcp_alive_cfg_enable is false
11-12 20:16:12.560  2683  2703 I chatty  : uid=1000(system) Binder:2683_1 expire 2 lines
11-12 20:16:12.561  2683  3304 I chatty  : uid=1000(system) AppResMgrHandle expire 3 lines
11-12 20:16:12.583  1684  3405 E WifiPermissionsUtil: getUidPermission is DENIED and permissionType android.permission.ACCESS_FINE_LOCATIONuid 10035
11-12 20:16:12.584  1684  5910 I AlarmManager: remove alarm:Alarm{811c409 type 0 when 1636719490105 PendingIntent{760de91: PendingIntentRecord{7731615 com.xingin.xhs broadcastIntent}}com.xingin.xhs procName com.xingin.xhs:pushservice} according to operation:70f6271
11-12 20:16:12.602  2593  2488 I NetworkKit_ConfigManager: RepTaskHandler|null|com.huawei.hms.network.embedded.h0|b|44|netdiag_enable_report_qoe, use the default value
11-12 20:16:12.624  1684  5910 I AlarmManager: remove alarm:Alarm{811c409 type 0 when 1636719384593 PendingIntent{7260c51: PendingIntentRecord{7731651 com.xingin.xhs broadcastIntent}}com.xingin.xhs procName com.xingin.xhs:pushservice} according to operation:7b62569
11-12 20:16:12.625  1684  2722 E WifiPermissionsUtil: getUidPermission is DENIED and permissionType android.permission.ACCESS_FINE_LOCATIONuid 10035
11-12 20:16:12.627  2593  2488 I NetworkKit_OkRequestTask: RepTaskHandler|null|com.huawei.hms.network.embedded.d4|execute|4|the request has used the okhttp!
11-12 20:16:12.629  1684  2722 E WifiPermissionsUtil: getUidPermission is DENIED and permissionType android.permission.ACCESS_FINE_LOCATIONuid 10035
11-12 20:16:12.630  1684  2722 I AlarmManager: remove alarm:Alarm{811c487 type 0 when 1636719490105 PendingIntent{70f6271: PendingIntentRecord{7731615 com.xingin.xhs broadcastIntent}}com.xingin.xhs procName com.xingin.xhs:pushservice} according to operation:7dfb975
11-12 20:16:12.632   676  1259 W /system/bin/netd: A binder object at 0x7cd6c93d00 is being transacted on, however, this object is in the same process as its proxy. Transacting with this binder is expensive compared to just calling the corresponding functionality in the same process.
11-12 20:16:12.632   676  1259 I PreDnsController: CanPreDnsQuery,persist.sys.predns is false!
11-12 20:16:12.641  2449  2449 I LoadedApk: makePaths: outLibPaths=[/hw_product/region_comm/china/app/HwCmccDm/lib/arm64, /hw_product/region_comm/china/app/HwCmccDm/HwCmccDm.apk!/lib/arm64-v8a, /system/lib64:/hw_product/lib64:/system/product/lib64:/prets/lib64]
11-12 20:16:12.642  2449  2449 D ApplicationLoaders: Returning zygote-cached class loader: /system/framework/android.hidl.base-V1.0-java.jar
11-12 20:16:12.642  2449  2449 D ApplicationLoaders: Returning zygote-cached class loader: /system/framework/android.hidl.manager-V1.0-java.jar
11-12 20:16:12.642  2449  2449 D ApplicationLoaders: Returning zygote-cached class loader: /system/framework/android.hidl.base-V1.0-java.jar
11-12 20:16:12.643  2449  2449 D ApplicationLoaders: createClassLoader zip: /system/framework/org.apache.http.legacy.jar librarySearchPath: /hw_product/region_comm/china/app/HwCmccDm/lib/arm64:/hw_product/region_comm/china/app/HwCmccDm/HwCmccDm.apk!/lib/arm64-v8a:/system/lib64:/hw_product/lib64:/system/product/lib64:/prets/lib64 libraryPermittedPath: /data/user/0/com.huawei.regservice:/hw_product/region_comm/china/app/HwCmccDm:/system/lib64:/hw_product/lib64:/system/product/lib64:/prets/lib64 parent: java.lang.BootClassLoader@b2c39c5 targetSdkVersion: 28 isBundled: true classLoaderName: null sharedLibraries: null
11-12 20:16:12.651  2449  2449 I awei.regservic: The ClassLoaderContext is a special shared library.
11-12 20:16:12.654  1684  5910 I JobScheduler: APP response end time, Completed JobStatus{704a582 #u0a35/200002 com.huawei.appmarket/.service.alarm.control.HiAppPowerConnectChangeService u=0 s=10035 TIME=none:-422ms READY}, reschedule=false
11-12 20:16:12.655   770 23888 D AudioPolicyService: getUidState(10035) !cacheIter->second.first, return PROCESS_STATE_UNKNOWN
11-12 20:16:12.655  1684  2459 I AlarmManager: remove alarm:Alarm{811c5ef type 0 when 1636719384631 PendingIntent{7aea089: PendingIntentRecord{7731651 com.xingin.xhs broadcastIntent}}com.xingin.xhs procName com.xingin.xhs:pushservice} according to operation:7e29109
11-12 20:16:12.658   770 23888 D AudioPolicyService: getUidState(10035) !cacheIter->second.first, return PROCESS_STATE_UNKNOWN
11-12 20:16:12.659  1684  1684 I JobScheduler: Ready to Be Executed: 704a443 #u0a759/1902131808 com.xingin.xhs/com.xingin.cupid.getui.GeTuiIntentService pending=false active=true
11-12 20:16:12.659  1684  1684 I JobScheduler: isComponentUsable: 7a6c209 #u0a21/2009362604 DispatchAlarm:com.google.android.gms component not present
11-12 20:16:12.659  1684  1684 I JobScheduler: isComponentUsable: 778e809 #1001/10 com.huawei.hwvoipservice/.statistical.EventHandler$UploadStaticsJob component not present
11-12 20:16:12.659  1684  1684 I JobScheduler: isComponentUsable: 778e809 #1001/10 com.huawei.hwvoipservice/.statistical.EventHandler$UploadStaticsJob component not present
11-12 20:16:12.659  1684  1684 I JobScheduler: isComponentUsable: 77b6f2b #1000/10101001 com.huawei.hiview/com.huawei.lcagent.service.process.nps.NpsDailyJobService component not present
11-12 20:16:12.659  1684  1684 I JobScheduler: isComponentUsable: 77b6f2b #1000/10101001 com.huawei.hiview/com.huawei.lcagent.service.process.nps.NpsDailyJobService component not present
11-12 20:16:12.660  1684  2459 I ActivityManager: App 10759/com.xingin.xhs targets O+, restricted
11-12 20:16:12.660  1684  2459 W ActivityManager: Background start not allowed: service Intent { cmp=com.xingin.xhs/com.xingin.cupid.getui.GeTuiIntentService (has extras) } to com.xingin.xhs/com.xingin.cupid.getui.GeTuiIntentService from pid=30908 uid=10759 pkg=com.xingin.xhs startFg?=false
11-12 20:16:12.663  1684  2459 I AlarmManager: remove alarm:Alarm{811c499 type 0 when 1636719668299 PendingIntent{7dfb975: PendingIntentRecord{7731615 com.xingin.xhs broadcastIntent}}com.xingin.xhs procName com.xingin.xhs:pushservice} according to operation:7e29181
11-12 20:16:12.668  2449  2449 D ApplicationLoaders: createClassLoader zip: /hw_product/region_comm/china/app/HwCmccDm/HwCmccDm.apk librarySearchPath: /hw_product/region_comm/china/app/HwCmccDm/lib/arm64:/hw_product/region_comm/china/app/HwCmccDm/HwCmccDm.apk!/lib/arm64-v8a:/system/lib64:/hw_product/lib64:/system/product/lib64:/prets/lib64 libraryPermittedPath: /data/user/0/com.huawei.regservice:/hw_product/region_comm/china/app/HwCmccDm:/system/lib64:/hw_product/lib64:/system/product/lib64:/prets/lib64 parent: java.lang.BootClassLoader@b2c39c5 targetSdkVersion: 28 isBundled: true classLoaderName: null sharedLibraries: [dalvik.system.PathClassLoader[DexPathList[[zip file "/system/framework/android.hidl.manager-V1.0-java.jar"],nativeLibraryDirectories=[/system/lib64, /hw_product/lib64, /system/product/lib64, /prets/lib64]]], dalvik.system.PathClassLoader[DexPathList[[zip file "/system/framework/android.hidl.base-V1.0-java.jar"],nativeLibraryDirectories=[/system/lib64, /hw_product/lib64, /system/product/lib64, /prets/lib64]]], dalvik.system.PathClassLoader[DexPathList[[zip file "/system/framework/org.apache.http.legacy.jar"],nativeLibraryDirectories=[/hw_product/region_comm/china/app/HwCmccDm/lib/arm64, /hw_product/region_comm/china/app/HwCmccDm/HwCmccDm.apk!/lib/arm64-v8a, /system/lib64, /hw_product/lib64, /system/product/lib64, /prets/lib64, /system/lib64, /hw_product/lib64, /system/product/lib64, /prets/lib64]]]]
11-12 20:16:12.690  1684  2017 I HwBatteryService: power_ui state= 1 mQuickChargeStatus=1
11-12 20:16:12.690  1684  2017 I HwBatteryService: handleWirelessTxStatus
11-12 20:16:12.690  1684  2017 I HwBatteryService: switch not open, return, mWirelessTxFlag : 0
11-12 20:16:12.690  1684  2017 W HwBatteryService: need return. Invalid value: -1
11-12 20:16:12.690  1684  2017 D HwBatteryService: setHwChargeTimeRemaining, time = -1 String time: -1
11-12 20:16:12.693   728   728 E libc    : Access denied finding property "sys.check.usbupdate"
11-12 20:16:12.693   728   728 W libc    : Unable to set property "sys.check.usbupdate" to "stop": connection failed; errno=13 (Permission denied)
11-12 20:16:12.696  2593  2214 I NetworkKit_NetDetectAndPolicy: RepTaskHandler -->NetworkKit_netdiag_submit_task_0|null|com.huawei.hms.network.embedded.m6|b|50|the time count will reset!
11-12 20:16:12.698  1684  5910 E WifiPermissionsUtil: getUidPermission is DENIED and permissionType android.permission.ACCESS_FINE_LOCATIONuid 10035
11-12 20:16:12.698  2593  2687 I NetworkKit_HianalyticsHelper: RepTaskHandler -->NetworkKit_report_ha_0|null|com.huawei.hms.framework.common.hianalytics.HianalyticsHelper|isEnableReportNoSeed|15|user experience involved needs to be opened
11-12 20:16:12.698  2593  2687 I NetworkKit_DefaultRCEventListener: RepTaskHandler -->NetworkKit_report_ha_0|null|com.huawei.hms.network.embedded.n3|reportData|26|HianalyticsHelper report disable
11-12 20:16:12.708  1684  5910 E WifiPermissionsUtil: getUidPermission is DENIED and permissionType android.permission.ACCESS_FINE_LOCATIONuid 10035
11-12 20:16:12.715  2593  2641 W HiApp.getPushContent: RepTaskHandler{72257} <<< WARN >>> pushContent is null
11-12 20:16:12.715  2593  2641 W HiApp.getPushContent: RepTaskHandler{72257} <<< WARN >>> messages is emptry
11-12 20:16:12.719  1684  5910 E WifiPermissionsUtil: getUidPermission is DENIED and permissionType android.permission.ACCESS_FINE_LOCATIONuid 11596
11-12 20:16:12.768  2449  2449 I awei.regservic: QarthPatchMonintor::Run
11-12 20:16:12.778 19112 19112 D SOHUPUSH: GetuiPushMsgService, onReceiveOnlineState, online = true
11-12 20:16:12.792  1684  5910 E WifiPermissionsUtil: getUidPermission is DENIED and permissionType android.permission.ACCESS_FINE_LOCATIONuid 10035
11-12 20:16:12.809  1684  2459 I AlarmManager: remove alarm:Alarm{79a64e1 type 1 when 1636805316305 PendingIntent{7cf0015: PendingIntentRecord{7ab0bc5 com.huawei.android.hwouc startService}}com.huawei.android.hwouc procName com.huawei.android.hwouc} according to operation:760ea35
11-12 20:16:12.836  1684  2243 I chatty  : uid=1000(system) HuaweiWifiWatch expire 6 lines
11-12 20:16:12.838  1684 12251 D HwConnectivityServiceEx: set 1000 wlan0 value false
11-12 20:16:12.839  1684  5910 V ActivityManager: Successfully start provider ContentProviderRecord{80c6aab u0 com.xyz.qingtian/com.getui.gtc.base.GtcProvider} launchingApp=ProcessRecord{7e0bf59 29866:com.xyz.qingtian/u0a2211} caller pid= 29828
11-12 20:16:12.847  2449  2449 I Process : Sending signal. PID: 2449 SIG: 9
11-12 20:16:12.853  1684  5910 D HwConnectivityServiceEx: set 10080 NULL value false
11-12 20:16:12.860  1684  5910 I HwGeneralService: readProtectArea: callingPid is 27894,callingUid is 10080
11-12 20:16:12.865  1684  2722 I HwGeneralService: readProtectArea: callingPid is 27894,callingUid is 10080
11-12 20:16:12.867   541   541 I         : CheckPropValue: ro.hardware : kirin980
11-12 20:16:12.868   541   541 I         : CheckPropValue: ro.runmode : normal
11-12 20:16:12.868   677   677 I Zygote  : Process 2449 exited due to signal 9 (Killed)
11-12 20:16:12.869  1684  3405 I ActivityManager: Process com.huawei.regservice (pid 2449) has died: fore RCVR
11-12 20:16:12.870  1684  1829 I chatty  : uid=1000(system) ActivityManager expire 1 line
11-12 20:16:12.870  1684  3405 D ActivityManager: cleanUpApplicationRecord app: 2449:com.huawei.regservice/1001, bad: false, restarting: false, allowRestart: true
11-12 20:16:12.870  1684  1797 I HwPowerManagerService: appdie release wakelock, pid = 2449, uid = 1001
11-12 20:16:12.870  1684  2129 W HwAudioServiceEx: SoundEffectState bundle get reserved is invalid
11-12 20:16:12.870   541   541 I OEMINFO_NVM_SERVER: GetValidOeminfoRegion: index is (86).
11-12 20:16:12.870  1684  2129 I HwAudioServiceEx: sendAppKilledIntentForKit, isKitPackageOnPause = false, isKitPackageKill = false, isKitPackageOnResume = false
11-12 20:16:12.872  1684  2049 I chatty  : uid=1000(system) sManagerService expire 1 line
11-12 20:16:12.874  1684  5910 I HwGeneralService: readProtectArea: callingPid is 27894,callingUid is 10080
11-12 20:16:12.881 29260 29260 D Tinker.DefaultAppLike: onTrimMemory level:15
11-12 20:16:12.882 19112 19112 I NewsApplication: onTrimMemory level 80
11-12 20:16:12.885 31231 31231 I Finsky  : [1] pct.onTrimMemory(1): Memory trim requested to level 80
11-12 20:16:12.885  6348  6348 I HwHiAIEngine_AwarenessService: CAWARENESS: onTrimMemory level = 15
11-12 20:16:12.887  6348  6348 I CAWARENESS_AwarenessBinder: onTrim
11-12 20:16:12.889 30171 30171 D Tinker.DefaultAppLike: onTrimMemory level:60
11-12 20:16:12.890 17201 17201 I NewsApplication: onTrimMemory level 60
11-12 20:16:12.892 29866 29866 D Tinker.DefaultAppLike: onTrimMemory level:60
11-12 20:16:12.893 29406 29406 D Tinker.DefaultAppLike: onTrimMemory level:15
11-12 20:16:12.893 31838 31838 I awcn.AppLifeCycle:  onTrimMemory level:60
11-12 20:16:12.894 31838 31838 D Tinker.DefaultAppLike: onTrimMemory level:60
11-12 20:16:12.894 29828 29828 D Tinker.DefaultAppLike: onTrimMemory level:60
11-12 20:16:12.897   541   541 I         : CheckPropValue: ro.hardware : kirin980
11-12 20:16:12.897   541   541 I         : CheckPropValue: ro.runmode : normal
11-12 20:16:12.898  1684  1826 I ActivityManager: App 12197/com.hanweb.android.zhejiang.activity targets O+, restricted
11-12 20:16:12.898  1684  1826 W BroadcastQueue: Background execution not allowed: receiving Intent { act=android.intent.action.ACTION_POWER_CONNECTED flg=0x4000010 (has extras) } to com.hanweb.android.zhejiang.activity/com.igexin.sdk.PushReceiver
11-12 20:16:12.898  1684  1826 I ActivityManager: App 12313/com.shakeyou.app targets O+, restricted
11-12 20:16:12.898  1684  1826 W BroadcastQueue: Background execution not allowed: receiving Intent { act=android.intent.action.ACTION_POWER_CONNECTED flg=0x4000010 (has extras) } to com.shakeyou.app/com.igexin.sdk.PushReceiver
11-12 20:16:12.898  1684  1826 I ActivityManager: App 11596/com.sohu.newsclient targets O+, restricted
11-12 20:16:12.898  1684  1826 W BroadcastQueue: Background execution not allowed: receiving Intent { act=android.intent.action.ACTION_POWER_CONNECTED flg=0x4000010 (has extras) } to com.sohu.newsclient/.core.broadcast.ConnectionChangeReceiver
11-12 20:16:12.898  1684  1826 I ActivityManager: App 11596/com.sohu.newsclient targets O+, restricted
11-12 20:16:12.898  1684  1826 W BroadcastQueue: Background execution not allowed: receiving Intent { act=android.intent.action.ACTION_POWER_CONNECTED flg=0x4000010 (has extras) } to com.sohu.newsclient/com.sohu.push.alive.SystemStateChangeReceiver
11-12 20:16:12.899  1684  1826 I ActivityManager: App 11490/com.tencent.androidqqmail targets O+, restricted
11-12 20:16:12.899  1684  1826 W BroadcastQueue: Background execution not allowed: receiving Intent { act=android.intent.action.ACTION_POWER_CONNECTED flg=0x4000010 (has extras) } to com.tencent.androidqqmail/com.tencent.qqmail.utilities.qmbroadcastreceiver.QMPushReceiver
11-12 20:16:12.899  1684  1826 I ActivityManager: App 10759/com.xingin.xhs targets O+, restricted
11-12 20:16:12.899  1684  1826 W BroadcastQueue: Background execution not allowed: receiving Intent { act=android.intent.action.ACTION_POWER_CONNECTED flg=0x4000010 (has extras) } to com.xingin.xhs/com.igexin.sdk.PushReceiver
11-12 20:16:12.899  1684  2459 V ActivityManager: Successfully start provider ContentProviderRecord{7dcc8ea u0 com.sohu.newsclient/.storage.database.provider.SettingProvider} launchingApp=null caller pid= 17201
11-12 20:16:12.900 31882 31882 D Tinker.DefaultAppLike: onTrimMemory level:60
11-12 20:16:12.900   541   541 I OEMINFO_NVM_SERVER: GetValidOeminfoRegion: index is (57).
11-12 20:16:12.902  1684  1826 I ActivityManager: App 12211/com.xyz.qingtian targets O+, restricted
11-12 20:16:12.902  1684  1826 W BroadcastQueue: Background execution not allowed: receiving Intent { act=android.intent.action.ACTION_POWER_CONNECTED flg=0x4000010 (has extras) } to com.xyz.qingtian/com.igexin.sdk.PushReceiver
11-12 20:16:12.902  1684  1826 V BroadcastQueue: Finished with ordered broadcast BroadcastRecord{7086a8b u-1 android.intent.action.ACTION_POWER_CONNECTED}
11-12 20:16:12.905   541   541 I         : CheckPropValue: ro.hardware : kirin980
11-12 20:16:12.905   541   541 I         : CheckPropValue: ro.runmode : normal
11-12 20:16:12.907   541   541 I OEMINFO_NVM_SERVER: GetValidOeminfoRegion: index is (80).
11-12 20:16:12.908 27894  2505 I chatty  : uid=10080(com.huawei.android.hwouc) expire 2 lines
11-12 20:16:12.909  1684  5910 I HwGeneralService: readProtectArea: callingPid is 27894,callingUid is 10080
11-12 20:16:12.909 29999 29999 D Tinker.DefaultAppLike: onTrimMemory level:60
11-12 20:16:12.910 17756 17756 E HiBoard_11.0.28.320_IntelligentApplication: application is onTrimMemory level 80
11-12 20:16:12.911   541   541 I         : CheckPropValue: ro.hardware : kirin980
11-12 20:16:12.911   541   541 I         : CheckPropValue: ro.runmode : normal
11-12 20:16:12.914   541   541 I OEMINFO_NVM_SERVER: GetValidOeminfoRegion: index is (82).
11-12 20:16:12.916  6197  6197 D Tinker.DefaultAppLike: onTrimMemory level:15
11-12 20:16:12.917 13541 13541 E HiBoard_11.0.28.320_IntelligentApplication: application is onTrimMemory level 80
11-12 20:16:12.917 27894  2504 I chatty  : uid=10080(com.huawei.android.hwouc) expire 2 lines
11-12 20:16:12.923  1684  5910 I chatty  : uid=1000(system) Binder:1684_1F identical 1 line
11-12 20:16:12.926   541   541 I         : CheckPropValue: ro.hardware : kirin980
11-12 20:16:12.926   541   541 I         : CheckPropValue: ro.runmode : normal
11-12 20:16:12.930   541   541 I OEMINFO_NVM_SERVER: GetValidOeminfoRegion: index is (84).
11-12 20:16:12.934 27894 27894 I chatty  : uid=10080(com.huawei.android.hwouc) expire 2 lines
11-12 20:16:12.935  1684  5910 I HwGeneralService: readProtectArea: callingPid is 27894,callingUid is 10080
11-12 20:16:12.939   541   541 I         : CheckPropValue: ro.hardware : kirin980
11-12 20:16:12.939   541   541 I         : CheckPropValue: ro.runmode : normal
11-12 20:16:12.941   541   541 I OEMINFO_NVM_SERVER: GetValidOeminfoRegion: index is (51).
11-12 20:16:12.943 27894  2504 I chatty  : uid=10080(com.huawei.android.hwouc) expire 1 line
11-12 20:16:12.980 27894 27894 I chatty  : uid=10080(com.huawei.android.hwouc) expire 9 lines
11-12 20:16:12.985  2420  2448 I chatty  : uid=10759(com.xingin.xhs) expire 6 lines
11-12 20:16:12.990  4912 29633 E memtrack: Couldn't load memtrack module
11-12 20:16:12.990  4912 29633 W android.os.Debug: failed to get memory consumption info: -1
11-12 20:16:12.993 29866 29866 D com.qsmy.busniess.push.GeTuiIntentService: onHandleIntent() action = 10007
11-12 20:16:12.995 29828 29986 D Assist_HW: pkgInfo.versionCode 60200302 apiVersionCode = 27
11-12 20:16:13.013  2420  2510 I chatty  : uid=10759(com.xingin.xhs) expire 1 line
11-12 20:16:13.037  1684  2722 E WifiPermissionsUtil: getUidPermission is DENIED and permissionType android.permission.ACCESS_COARSE_LOCATIONuid 10080
11-12 20:16:13.038 27894 28100 I chatty  : uid=10080(com.huawei.android.hwouc) pool-1-thread-6 expire 2 lines
11-12 20:16:13.039  1684  2722 I HwGeneralService: readProtectArea: callingPid is 27894,callingUid is 10080
11-12 20:16:13.040  1684  5910 E WifiPermissionsUtil: getUidPermission is DENIED and permissionType android.permission.ACCESS_COARSE_LOCATIONuid 10080
11-12 20:16:13.041 27894 27967 I chatty  : uid=10080(com.huawei.android.hwouc) pool-1-thread-5 expire 1 line
11-12 20:16:13.042   541   541 I         : CheckPropValue: ro.hardware : kirin980
11-12 20:16:13.043   541   541 I         : CheckPropValue: ro.runmode : normal
11-12 20:16:13.046   541   541 I OEMINFO_NVM_SERVER: GetValidOeminfoRegion: index is (46).
11-12 20:16:13.048 27894 28100 I HwOUC   : [pool-1-thread-6-71877]isVerifyOvModeFail oemKey: UPDATE_OVMODE_STATE; baseState: verify_success(CheckUtils:9)
11-12 20:16:13.048  1684  2722 I HwGeneralService: readProtectArea: callingPid is 27894,callingUid is 10080
11-12 20:16:13.050   541   541 I         : CheckPropValue: ro.hardware : kirin980
11-12 20:16:13.050   541   541 I         : CheckPropValue: ro.runmode : normal
11-12 20:16:13.051 27894  2517 E HwOUC   : [A_NORMAL-72148]readProfileToByte error!!(BetaUtil:10)
11-12 20:16:13.052   541   541 I OEMINFO_NVM_SERVER: GetValidOeminfoRegion: index is (105).
11-12 20:16:13.052 27894  2517 E HwOUC   : [A_NORMAL-72148]getUnsignedProfile Exception(ProfileVerifier:11)
11-12 20:16:13.054 27894 28100 I HwOUC   : [pool-1-thread-6-71877]isVerifyOvModeFail oemKey: CUST_OVMODE_STATE; baseState: verify_success(CheckUtils:9)
11-12 20:16:13.054  1684  2722 I HwGeneralService: readProtectArea: callingPid is 27894,callingUid is 10080
11-12 20:16:13.054 27894  2517 I HwOUC   : [A_NORMAL-72148]isPrivacyVersionUpdate savedVersion : 1.0metaVersion : 1.0(BetaUtil:3)
11-12 20:16:13.055  1684  5910 I HwGeneralService: readProtectArea: callingPid is 27894,callingUid is 10080
11-12 20:16:13.056   541   541 I         : CheckPropValue: ro.hardware : kirin980
11-12 20:16:13.057   541   541 I         : CheckPropValue: ro.runmode : normal
11-12 20:16:13.059   541   541 I OEMINFO_NVM_SERVER: GetValidOeminfoRegion: index is (106).
11-12 20:16:13.060 27894 28100 I HwOUC   : [pool-1-thread-6-71877]isVerifyOvModeFail oemKey: PRELOAD_OVMODE_STATE; baseState: verify_success(CheckUtils:9)
11-12 20:16:13.061 27894 28100 I HwOUC   : [pool-1-thread-6-71877]isRootedByUser rootStatus is default;isRooted is false(HwOucUtility:4)
11-12 20:16:13.061   541   541 I         : CheckPropValue: ro.hardware : kirin980
11-12 20:16:13.061   541   541 I         : CheckPropValue: ro.runmode : normal
11-12 20:16:13.062 27894 28100 I HwOUC   : [pool-1-thread-6-71877]mIsHwInitHashCheckFail is ok return false(VersionUtils:3)
11-12 20:16:13.063 32668   485 E memtrack: Couldn't load memtrack module
11-12 20:16:13.063 32668   485 W android.os.Debug: failed to get memory consumption info: -1
11-12 20:16:13.064   541   541 I OEMINFO_NVM_SERVER: GetValidOeminfoRegion: index is (46).
11-12 20:16:13.067 27894  2517 I HwOUC   : [A_NORMAL-72148]isVerifyOvModeFail oemKey: UPDATE_OVMODE_STATE; baseState: verify_success(CheckUtils:9)
11-12 20:16:13.067  1684  5910 I HwGeneralService: readProtectArea: callingPid is 27894,callingUid is 10080
11-12 20:16:13.070   541   541 I         : CheckPropValue: ro.hardware : kirin980
11-12 20:16:13.070   541   541 I         : CheckPropValue: ro.runmode : normal
11-12 20:16:13.071   541   541 I OEMINFO_NVM_SERVER: GetValidOeminfoRegion: index is (105).
11-12 20:16:13.073 27894  2517 I HwOUC   : [A_NORMAL-72148]isVerifyOvModeFail oemKey: CUST_OVMODE_STATE; baseState: verify_success(CheckUtils:9)
11-12 20:16:13.074  1684  2722 I HwGeneralService: readProtectArea: callingPid is 27894,callingUid is 10080
11-12 20:16:13.075   541   541 I         : CheckPropValue: ro.hardware : kirin980
11-12 20:16:13.075   541   541 I         : CheckPropValue: ro.runmode : normal
11-12 20:16:13.077   541   541 I OEMINFO_NVM_SERVER: GetValidOeminfoRegion: index is (106).
11-12 20:16:13.079 27894  2517 I HwOUC   : [A_NORMAL-72148]isVerifyOvModeFail oemKey: PRELOAD_OVMODE_STATE; baseState: verify_success(CheckUtils:9)
11-12 20:16:13.080 27894  2517 I AS_OUC  : [A_NORMAL-72148]isSupportUDID true(UDIDUtil:2)
11-12 20:16:13.082  1684  5910 I HwGeneralService: readProtectArea: callingPid is 27894,callingUid is 10080
11-12 20:16:13.085   541   541 I         : CheckPropValue: ro.hardware : kirin980
11-12 20:16:13.085   541   541 I         : CheckPropValue: ro.runmode : normal
11-12 20:16:13.086   541   541 I OEMINFO_NVM_SERVER: GetValidOeminfoRegion: index is (86).
11-12 20:16:13.090  1684  5910 I chatty  : uid=1000(system) Binder:1684_1F identical 1 line
11-12 20:16:13.091   541   541 I         : CheckPropValue: ro.hardware : kirin980
11-12 20:16:13.091   541   541 I         : CheckPropValue: ro.runmode : normal
11-12 20:16:13.093   541   541 I OEMINFO_NVM_SERVER: GetValidOeminfoRegion: index is (80).
11-12 20:16:13.095  1684  5910 I HwGeneralService: readProtectArea: callingPid is 27894,callingUid is 10080
11-12 20:16:13.095  2420  2420 I chatty  : uid=10759(com.xingin.xhs) expire 8 lines
11-12 20:16:13.097   541   541 I         : CheckPropValue: ro.hardware : kirin980
11-12 20:16:13.097   541   541 I         : CheckPropValue: ro.runmode : normal
11-12 20:16:13.099   541   541 I OEMINFO_NVM_SERVER: GetValidOeminfoRegion: index is (82).
11-12 20:16:13.108   541   541 I         : CheckPropValue: ro.hardware : kirin980
11-12 20:16:13.108   541   541 I         : CheckPropValue: ro.runmode : normal
11-12 20:16:13.111   541   541 I OEMINFO_NVM_SERVER: GetValidOeminfoRegion: index is (48).
11-12 20:16:13.115 27894  2517 I HwOUC   : [A_NORMAL-72148]getDeviceActivateStatus, isActivated true(HwOucUtility:6)
11-12 20:16:13.116 27894  2517 E HwOUC   : [A_NORMAL-72148]method invoke failed: android.hwtheme.HwThemeManagerNative(HwOucUtility:5)
11-12 20:16:13.164    53    53 W migration/7: type=1400 audit(0.0:1803539): avc: granted { setsched } for pid=53 scontext=u:r:kernel:s0 tcontext=u:r:kernel:s0 tclass=process
11-12 20:16:13.168 27894  2517 I CLOUD_OUC: [A_NORMAL-72148]getAppBundleItemList com.huawei.android.tips(LocalExtUtils:11)
11-12 20:16:13.169 27894  2517 I CLOUD_OUC: [A_NORMAL-72148]getAppBundleItemList com.android.mediacenter(LocalExtUtils:11)
11-12 20:16:13.170 27894  2517 I CLOUD_OUC: [A_NORMAL-72148]getAppBundleItemList com.huawei.android.totemweather(LocalExtUtils:11)
11-12 20:16:13.170 27894  2517 I CLOUD_OUC: [A_NORMAL-72148]getAppBundleItemList com.android.calendar(LocalExtUtils:11)
11-12 20:16:13.170 27894  2517 I CLOUD_OUC: [A_NORMAL-72148]getAppBundleItemList com.example.android.notepad(LocalExtUtils:11)
11-12 20:16:13.171 27894  2517 I CLOUD_OUC: [A_NORMAL-72148]getAppBundleItemList com.huawei.meetime(LocalExtUtils:11)
11-12 20:16:13.171 27894  2517 I CLOUD_OUC: [A_NORMAL-72148]getAppBundleItemList com.huawei.ohos.suggestion(LocalExtUtils:11)
11-12 20:16:13.171 27894  2517 I CLOUD_OUC: [A_NORMAL-72148]getInstalledFeature:pushnotificationbox(LocalExtUtils:29)
11-12 20:16:13.171 27894  2517 I CLOUD_OUC: [A_NORMAL-72148]getInstalledFeature not from hota(LocalExtUtils:39)
11-12 20:16:13.176 27894  2517 I CLOUD_OUC: [A_NORMAL-72148]getAppBundleItemList com.huawei.ohos.famanager(LocalExtUtils:11)
11-12 20:16:13.178 19112 19337 D JIGUANG-JPush: [ActionHelper] doAction:msg_time_out
11-12 20:16:13.182 27894  2517 I HwOUC   : [A_NORMAL-72148]get local featureXml size is 0(CheckUtils:251)
11-12 20:16:13.183 27894  2517 I P_OUC   : [A_NORMAL-72148]readHotPatchVersion versionResult: ro.patchversion=patch02(LogControl:3)
11-12 20:16:13.183 27894  2517 E HwOUC   : [A_NORMAL-72148]parseBasePartCouplingXML Exception(CouplingStrategyUtils:27)
11-12 20:16:13.197 27894  2517 E HwOUC   : [A_NORMAL-72148]parseBasePartCouplingXML Exception(CouplingStrategyUtils:27)
11-12 20:16:13.198  2420  2519 I chatty  : uid=10759(com.xingin.xhs) expire 13 lines
11-12 20:16:13.198 32744  1047 E memtrack: Couldn't load memtrack module
11-12 20:16:13.198 32744  1047 W android.os.Debug: failed to get memory consumption info: -1
11-12 20:16:13.199 27894  2517 I HwOUC   : [A_NORMAL-72148]mIsHwInitHashCheckFail is ok return false(VersionUtils:3)
11-12 20:16:13.199 27894  2517 I HwOUC   : [A_NORMAL-72148]isRootedByUserForPay can not rooted by user by payCenter(PayCenterUtils:6)
11-12 20:16:13.200  1684  3396 I HwGeneralService: readProtectArea: callingPid is 27894,callingUid is 10080
11-12 20:16:13.201  2420  2534 I chatty  : uid=10759(com.xingin.xhs) expire 3 lines
11-12 20:16:13.203   541   541 I         : CheckPropValue: ro.hardware : kirin980
11-12 20:16:13.203   541   541 I         : CheckPropValue: ro.runmode : normal
11-12 20:16:13.205   541   541 I OEMINFO_NVM_SERVER: GetValidOeminfoRegion: index is (133).
11-12 20:16:13.205   541   541 E OEMINFO_NVM_SERVER: OeminfoReadValidData: [v8 type] index(133), oeminfo data not find !!!!
11-12 20:16:13.205   541   541 E OEMINFO_NVM_SERVER: OeminfoReadData, index(22) fail to read oeminfo
11-12 20:16:13.205   541   541 E OEMINFO_NVM_SERVER: OinvCmdHandler: pid 748, operation oeminfo_read and ret -1 fail.
11-12 20:16:13.206   748   748 E OEMINFO_NVM_CLIENT: OinvRecvReturn: RET_FAIL return.
11-12 20:16:13.206   748   748 E OEMINFO_NVM_CLIENT: rmt_oeminfo_read: index(22) get data from server fail.
11-12 20:16:13.206  1684  3396 E HwProtectAreaService: nativeReadProtectAreaJava:error ret is -1 !
11-12 20:16:13.223  2420  2553 I chatty  : uid=10759(com.xingin.xhs) expire 3 lines
11-12 20:16:13.226   676  1259 W /system/bin/netd: A binder object at 0x7cd6c93d00 is being transacted on, however, this object is in the same process as its proxy. Transacting with this binder is expensive compared to just calling the corresponding functionality in the same process.
11-12 20:16:13.227   676  1259 I PreDnsController: CanPreDnsQuery,persist.sys.predns is false!
11-12 20:16:13.232  2420  2420 I chatty  : uid=10759(com.xingin.xhs) expire 1 line
11-12 20:16:13.239  1684  1764 I UsbDeviceManager: message update state 
11-12 20:16:13.240  2525  2960 I chatty  : uid=1000(system) UEventObserver expire 13 lines
11-12 20:16:13.243  2420  2527 I chatty  : uid=10759(com.xingin.xhs) HuaweiApiManage expire 12 lines
11-12 20:16:13.245  1684  1684 I chatty  : uid=1000(system) Binder:1684_1C expire 18 lines
11-12 20:16:13.254  2420  2552 I chatty  : uid=10759(com.xingin.xhs) expire 1 line
11-12 20:16:13.255  1684  2722 I PackageManager: Returning preferred activity: com.android.vending/com.google.android.finsky.headless.GmsCoreUpdateActivity
11-12 20:16:13.255  1684  2722 I PackageManager: choose best activity: com.android.vending, com.google.android.finsky.headless.GmsCoreUpdateActivity
11-12 20:16:13.256  2420  2551 I chatty  : uid=10759(com.xingin.xhs) expire 1 line
11-12 20:16:13.257 19143 19143 D MtpReceiver: Debug MTP:ACTION_USB_STATE 
11-12 20:16:13.264    53    53 W migration/7: type=1400 audit(0.0:1803540): avc: granted { setsched } for pid=53 scontext=u:r:kernel:s0 tcontext=u:r:kernel:s0 tclass=process
11-12 20:16:13.267 29092 29092 W ContextImpl: Calling a method in the system process without a qualified user: android.app.ContextImpl.startService:1698 android.content.ContextWrapper.startService:669 android.content.ContextWrapper.startService:669 com.android.settings.deviceinfo.UsbReceiver.startUsbService:344 com.android.settings.deviceinfo.UsbReceiver.onUsbStateReceive:188 
11-12 20:16:13.273  2420  2420 I chatty  : uid=10759(com.xingin.xhs) expire 8 lines
11-12 20:16:13.279 29092 29092 W ContextImpl: Calling a method in the system process without a qualified user: android.app.ContextImpl.startService:1698 android.content.ContextWrapper.startService:669 android.content.ContextWrapper.startService:669 com.android.settings.deviceinfo.UsbReceiver.startUsbService:344 com.android.settings.deviceinfo.UsbReceiver.onUsbStateReceive:240 
11-12 20:16:13.286   770 23888 D AudioPolicyService: getUidState(10014) cacheIter->second.first, return cacheIter->second.second(6)
11-12 20:16:13.286  1684  2459 V BroadcastQueue: Finished with ordered broadcast BroadcastRecord{705138f u-1 android.hardware.usb.action.USB_STATE}
11-12 20:16:13.286 29092 29092 I chatty  : uid=1000(system) com.android.settings expire 21 lines
11-12 20:16:13.286  2420  2551 I chatty  : uid=10759(com.xingin.xhs) expire 2 lines
11-12 20:16:13.295  2420  2565 I chatty  : uid=10759(com.xingin.xhs) AsyncTask #1 -- expire 7 lines
11-12 20:16:13.296  1684  5910 V ActivityManager: Successfully start provider ContentProviderRecord{774f983 u0 com.android.providers.settings/.hwext.HwSettingsProvider} launchingApp=null caller pid= 2420
11-12 20:16:13.311  1684  1764 I UsbDeviceManager: message update state 
11-12 20:16:13.313   541   541 I         : CheckPropValue: ro.hardware : kirin980
11-12 20:16:13.313   541   541 I         : CheckPropValue: ro.runmode : normal
11-12 20:16:13.315  1684  2459 I NotificationService: enqueueNotificationInternal: pkg=com.android.settings id=1000002 notification=Notification(channel=SETTINGS_USB pri=1 contentView=null vibrate=null sound=null tick defaults=0x0 flags=0x2 color=0x00000000 vis=PRIVATE)
11-12 20:16:13.315  1684  2459 I NotificationService: enqueueNotificationInternal Channel Info : pkg=com.android.settings id=1000002 importance =1
11-12 20:16:13.318  2525  2525 I chatty  : uid=1000(system) com.huawei.systemserver expire 1 line
11-12 20:16:13.318  2525  3034 I chatty  : uid=1000(system) EmcomThread expire 5 lines
11-12 20:16:13.322   541   541 I OEMINFO_NVM_SERVER: GetValidOeminfoRegion: index is (12).
11-12 20:16:13.323   541   541 I         : CheckPropValue: ro.hardware : kirin980
11-12 20:16:13.324   541   541 I         : CheckPropValue: ro.runmode : normal
11-12 20:16:13.328 19143 19143 D MtpReceiver: Debug MTP:ACTION_USB_STATE 
11-12 20:16:13.328   770 23888 D AudioPolicyService: getUidState(10014) cacheIter->second.first, return cacheIter->second.second(16)
11-12 20:16:13.328 19143 19143 D MtpReceiver: handleUsbState startService
11-12 20:16:13.328 19143 19143 D MtpReceiver: Debug MTP:srart MTP service 
11-12 20:16:13.329   541   541 I OEMINFO_NVM_SERVER: GetValidOeminfoRegion: index is (12).
11-12 20:16:13.335   980  1061 I HISEC   : [STATIC    ] static check started
11-12 20:16:13.338  2330  2330 I NotificationListener: onNotificationPosted: StatusBarNotification(pkg=com.android.settings user=UserHandle{0} id=1000002 tag=null key=0|com.android.settings|1000002|null|1000: Notification(channel=SETTINGS_USB pri=1 contentView=null vibrate=null sound=null tick defaults=0x0 flags=0x2 color=0x00000000 groupKey=ranker_group1000002 vis=PRIVATE)) important=1, post=1636719373315, when=1636719373294,showWhen=true, vis=0, userid=0, hasFullScreenIntent=false,style=null
11-12 20:16:13.341   770 23888 D AudioPolicyService: getUidState(10014) cacheIter->second.first, return cacheIter->second.second(12)
11-12 20:16:13.343   870   870 I aptouch_daemon: check_idle_status, idle in. 100
11-12 20:16:13.344 19143 19143 D MtpService: starting MTP server in MTP mode with storage /storage/emulated/0 as user 0
11-12 20:16:13.349 29092 29092 W ContextImpl: Calling a method in the system process without a qualified user: android.app.ContextImpl.startService:1698 android.content.ContextWrapper.startService:669 android.content.ContextWrapper.startService:669 com.android.settings.deviceinfo.UsbReceiver.startUsbService:344 com.android.settings.deviceinfo.UsbReceiver.onUsbStateReceive:188 
11-12 20:16:13.353 19143 19143 I MtpService: Couldn't get control FD!
11-12 20:16:13.353 19143 19143 I HWSERVICES: hwnative_get_component_mtpServer  comes...
11-12 20:16:13.354 19143 19143 V MtpServerEx: constructor
11-12 20:16:13.354 19143 19143 I HwMtpServerExJNI: set MtpServerEx 0x7753919200
11-12 20:16:13.354 19143 19143 I HwMtpServerExJNI: Finish to setup MtpServer
11-12 20:16:13.357  2330  2483 E HiEvent.Payload: new JsonPayload exception:Unterminated object at character 79 of {pkg:com.android.settings,id:1000002,tag:"null",channelid:" ",channelname:USB ,isOnGoing:"true",importance:1,isCustomNotification:"false",language:zh,style:"null",isFromPush:"false"}
11-12 20:16:13.358 29092 29092 W ContextImpl: Calling a method in the system process without a qualified user: android.app.ContextImpl.startService:1698 android.content.ContextWrapper.startService:669 android.content.ContextWrapper.startService:669 com.android.settings.deviceinfo.UsbReceiver.startUsbService:344 com.android.settings.deviceinfo.UsbReceiver.onUsbStateReceive:240 
11-12 20:16:13.358   541   541 I         : CheckPropValue: ro.hardware : kirin980
11-12 20:16:13.358   541   541 I         : CheckPropValue: ro.runmode : normal
11-12 20:16:13.359 27894  2517 I HwOUC   : [A_NORMAL-72148]isRootedByUserForPay can not rooted by user by payCenter(PayCenterUtils:6)
11-12 20:16:13.360 27894  2517 I HwOUC   : [A_NORMAL-72148]isRootedByUser rootStatus is default;isRooted is false(HwOucUtility:4)
11-12 20:16:13.360   541   541 I OEMINFO_NVM_SERVER: GetValidOeminfoRegion: index is (101).
11-12 20:16:13.360   541   541 E OEMINFO_NVM_SERVER: OeminfoReadValidData: [v8 type] index(101), oeminfo data not find !!!!
11-12 20:16:13.360 27894  2517 I HwOUC   : [A_NORMAL-72148]mIsHwInitHashCheckFail is ok return false(VersionUtils:3)
11-12 20:16:13.360   541   541 E OEMINFO_NVM_SERVER: OeminfoReadData, index(103) fail to read oeminfo
11-12 20:16:13.360   541   541 E OEMINFO_NVM_SERVER: OinvCmdHandler: pid 980, operation oeminfo_read and ret -1 fail.
11-12 20:16:13.361   980  1061 E OEMINFO_NVM_CLIENT: OinvRecvReturn: RET_FAIL return.
11-12 20:16:13.361   980  1061 E OEMINFO_NVM_CLIENT: rmt_oeminfo_read: index(103) get data from server fail.
11-12 20:16:13.365 27894  2517 I AS_OUC  : [A_NORMAL-72148]isSupportUDID true(UDIDUtil:2)
11-12 20:16:13.371   738 21727 I AudioModuleManager: [AudioModuleGetParameters:71]: list size: 11
11-12 20:16:13.371   738 21727 I audio_hw_usbaudio_hw: [get_typec_parameters:587]: check show hires (false)
11-12 20:16:13.372  1684  2129 I HwAudioServiceEx: HwAudioHandlerEx receive unknown msg
11-12 20:16:13.372  1684  2722 V BroadcastQueue: Finished with ordered broadcast BroadcastRecord{70512a5 u-1 android.hardware.usb.action.USB_STATE}
11-12 20:16:13.373  1684  2459 D HwConnectivityServiceEx: set 12313 wlan0 value false
11-12 20:16:13.376  2330  2330 I NotificationViewHierarchyManager: updateNotificationViews activeNotificationSize=4
11-12 20:16:13.377  2330  2330 D PluginInstanceManager: startListening
11-12 20:16:13.377  2330  2330 I ScrollLayout2: addContainerView StatusBarNotification(pkg=com.android.settings user=UserHandle{0} id=1000002 tag=null key=0|com.android.settings|1000002|null|1000: Notification(channel=SETTINGS_USB pri=1 contentView=null vibrate=null sound=null tick defaults=0x0 flags=0x2 color=0x00000000 groupKey=ranker_group1000002 vis=PRIVATE))
11-12 20:16:13.378  2330  2595 D PluginInstanceManager: queryAll com.android.systemui.action.PLUGIN_NOTIFICATION_MENU_ROW
11-12 20:16:13.378  2330  2330 D PluginInstanceManager: stopListening
