11-12 20:14:03.231  1684  1770 I chatty  : uid=1000(system) android.anim expire 2 lines
11-12 20:14:03.232 29828 29851 I ActivityThread: Init compatible state: true
11-12 20:14:03.242  1684  3401 I chatty  : uid=1000(system) Binder:1684_18 expire 2 lines
11-12 20:14:03.244  1684  2049 I chatty  : uid=1000(system) sManagerService expire 3 lines
11-12 20:14:03.245  1684  3109 I chatty  : uid=1000(system) Binder:1684_13 expire 3 lines
11-12 20:14:03.245  2602  2732 I HwNetworkPolicyManager: getHwUidPolicy uid = 12211 policy = 0
11-12 20:14:03.259  1684  2006 I chatty  : uid=1000(system) Binder:1684_3 expire 11 lines
11-12 20:14:03.262  1684  4701 I chatty  : uid=1000(system) Binder:1684_1E expire 23 lines
11-12 20:14:03.280 29828 29828 E ActivityThread: Failed to find provider info for com.tinker.debug.debugprovider
11-12 20:14:03.284 29828 29828 I ActivityThread: finishPreloaded preloadStatus 0
11-12 20:14:03.284 29828 29828 I RtgSchedEvent: current pid:29828 AppType:-1
11-12 20:14:03.298 29828 29828 V ActivityThread: callActivityOnCreate
11-12 20:14:03.326 29828 29828 D ActivityThread: add activity client record, r= ActivityRecord{20aaed3 token=android.os.BinderProxy@c93455 {com.xyz.qingtian/com.qsmy.busniess.push.activity.GetuiLunachLiveActivity}} token= android.os.BinderProxy@c93455
11-12 20:14:03.327 29828 29828 D ActivityThread: Won't deliver top position change in state=1
11-12 20:14:03.332  2525  2849 I HidataAppQoeP: sendKernelAppUid, Uid = 12211, period = 2000 name = com.xyz.qingtian
11-12 20:14:03.334  1684  2617 I chatty  : uid=1000(system) Binder:1684_A expire 5 lines
11-12 20:14:03.336  1684  1826 I chatty  : uid=1000(system) ActivityManager expire 1 line
11-12 20:14:03.336  2525  2849 I NetworkQoeChr: checkForegroundApp timer end
11-12 20:14:03.344  2525  2849 I SmartDualCardConfig: getAppType,pkgName=com.xyz.qingtian,appType=-1
11-12 20:14:03.345  2525  2849 I SmartDualCardConfig: getAppType,pkgName=com.xyz.qingtian,appType=-1
11-12 20:14:03.345  2525  2849 E SmartDualCardConfig: isAppInBlackList false,items==null
11-12 20:14:03.345  2525  2849 I SmartDualCardSM: onUidStateUpdate,uid=12211,appName=com.xyz.qingtian,state=FOREGROUND
11-12 20:14:03.345  2525  2849 I SmartDualCardConfig: getAppType,pkgName=com.xyz.qingtian,appType=-1
11-12 20:14:03.345  2525  2849 I SmartDualCardSM: updateAppState mAppState=2
11-12 20:14:03.345  2525  2849 I SmartDualCardConfig: addForegroundAppToList,size()=1,uid=12211
11-12 20:14:03.345  2525  2850 E OllieTelephony: sendFullData err:1
11-12 20:14:03.345  2525  2849 I BoosterUtil: getSlaveCardSubId slotId: 1, subId: 3
11-12 20:14:03.356 11614 11614 I RtgSchedEvent: current pid:11614 AppType:28
11-12 20:14:03.359  2525  2849 E SmartDualCardTrafficManager: isCustomerApplyTheTrafficPackage:: customer not set the package!
11-12 20:14:03.359  2525  2849 I BoosterUtil: getSlaveCardSubId slotId: 1, subId: 3
11-12 20:14:03.368  2525  2849 E SmartDualCardTrafficManager: isCustomerApplyTheTrafficPackage:: customer not set the package!
11-12 20:14:03.369  2525  2849 I SmartDualCardSM: isNeedMonitorAppQoe return false
11-12 20:14:03.369  2525  2849 I SmartDualCardSM: resetAppQoeState
11-12 20:14:03.370  2525  2849 I DollieChr: handleForegroundAppUpdateMsg,mAppState=1,scenes=2,mForegroundAppName=
11-12 20:14:03.370  2525  2849 I SmartDualCardSM: IdleState:got msg.what=EVENT_APP_MOVE_FOREGROUND
11-12 20:14:03.371 29866 29866 D ActivityThread: Attach thread to application
11-12 20:14:03.372  2525  2849 I BoosterUtil: getSlaveCardSubId slotId: 1, subId: 3
11-12 20:14:03.379 29866 29885 I ActivityThread: Init compatible state: true
11-12 20:14:03.383  2525  2849 E SmartDualCardTrafficManager: isCustomerApplyTheTrafficPackage:: customer not set the package!
11-12 20:14:03.385  2525  2849 I SmartDualCardConfig: getAppType,pkgName=com.xyz.qingtian,appType=-1
11-12 20:14:03.385  2525  2849 E SmartDualCardConfig: isAppInBlackList false,items==null
11-12 20:14:03.385  2525  2849 I PowerMsgAdapter: addUidChanged uid: 12211
11-12 20:14:03.386  2525  2849 I SmartDualCardSM: IdleState:got msg.what=EVENT_SLAVE_TRAFFIC_FREE_APP_BACKGROUND
11-12 20:14:03.441 29866 29866 E ActivityThread: Failed to find provider info for com.tinker.debug.debugprovider
11-12 20:14:03.702 29828 29828 D ActivityThread: Won't deliver top position change in state=1
11-12 20:14:03.706 11614 11614 D ActivityThread: Won't deliver top position change in state=4
11-12 20:14:03.729  1684  2373 I chatty  : uid=1000(system) Binder:1684_6 expire 1 line
11-12 20:14:03.729  1684  3107 I chatty  : uid=1000(system) Binder:1684_11 expire 1 line
11-12 20:14:03.729  1684  2722 I chatty  : uid=1000(system) Binder:1684_E expire 2 lines
11-12 20:14:03.729  1684  5910 I chatty  : uid=1000(system) Binder:1684_1F expire 1 line
11-12 20:14:03.730 29828 29828 D ActivityThread: Remove activity client record, r= ActivityRecord{20aaed3 token=android.os.BinderProxy@c93455 {com.xyz.qingtian/com.qsmy.busniess.push.activity.GetuiLunachLiveActivity}} token= android.os.BinderProxy@c93455
11-12 20:14:03.732  1684  2722 I chatty  : uid=1000(system) Binder:1684_E expire 5 lines
11-12 20:14:03.748  1684  2006 I chatty  : uid=1000(system) Binder:1684_3 expire 1 line
11-12 20:14:03.751  1684  1826 I chatty  : uid=1000(system) ActivityManager expire 2 lines
11-12 20:14:03.762  1684  3109 I chatty  : uid=1000(system) Binder:1684_13 expire 24 lines
11-12 20:14:03.764  1684  2373 I chatty  : uid=1000(system) Binder:1684_6 expire 8 lines
11-12 20:14:03.771  1684  1768 I chatty  : uid=1000(system) android.display expire 10 lines
11-12 20:14:03.773  2525  2849 I HidataAppQoeP: foregroundUidRemove uid: 12211 name: com.xyz.qingtian
11-12 20:14:03.773  2525  2849 I HidataAppQoeP: sendKernelAppUid, Uid = 0, period = 0 name = null
11-12 20:14:03.774  2525  2849 I SmartDualCardConfig: getAppType,pkgName=com.xyz.qingtian,appType=-1
11-12 20:14:03.775  2525  2849 I SmartDualCardConfig: getAppType,pkgName=com.xyz.qingtian,appType=-1
11-12 20:14:03.775  2525  2849 E SmartDualCardConfig: isAppInBlackList false,items==null
11-12 20:14:03.775  2525  2849 I SmartDualCardSM: onUidStateUpdate,uid=12211,appName=com.xyz.qingtian,state=BACKGROUND
11-12 20:14:03.775  2525  2849 I SmartDualCardConfig: removeAppFromList,after remove,size()=0,uid=12211
11-12 20:14:03.775  2525  2849 I SmartDualCardConfig: getAppType,pkgName=com.xyz.qingtian,appType=-1
11-12 20:14:03.775  2525  2849 I SmartDualCardSM: updateAppState mAppState=1
11-12 20:14:03.776  1684  5914 I chatty  : uid=1000(system) Binder:1684_20 expire 2 lines
11-12 20:14:03.776  2525  2849 I DollieChr: handleForegroundAppUpdateMsg,mAppState=2,scenes=1,mForegroundAppName=com.xyz.qingtian
11-12 20:14:03.776  2525  2849 I SmartDualCardSM: IdleState:got msg.what=EVENT_APP_MOVE_BACKGROUND
11-12 20:14:03.776  2525  2849 I SmartDualCardSM: startAppBackgroundTimer
11-12 20:14:03.776  2525  2849 I SmartDualCardConfig: getAppType,pkgName=com.xyz.qingtian,appType=-1
11-12 20:14:03.776  2525  2849 E SmartDualCardConfig: isAppInBlackList false,items==null
11-12 20:14:03.784  1684  3107 I chatty  : uid=1000(system) Binder:1684_11 expire 22 lines
11-12 20:14:03.786  2525  2850 E OllieTelephony: sendFullData err:1
11-12 20:14:03.793  1684  1684 I chatty  : uid=1000(system) Binder:1684_1C expire 7 lines
11-12 20:14:03.802  1684  2127 I chatty  : uid=1000(system) LocationHander expire 2 lines
11-12 20:14:03.812  1684  3108 I chatty  : uid=1000(system) Binder:1684_12 expire 7 lines
11-12 20:14:03.857  1684  1797 I chatty  : uid=1000(system) HwActivityTaskM expire 5 lines
11-12 20:14:03.857  1684  2129 I chatty  : uid=1000(system) Thread-6 expire 6 lines
11-12 20:14:03.887  1684  1827 I chatty  : uid=1000(system) ActivityManager expire 1 line
11-12 20:14:03.929  2525  2849 I PositionFenceSignalCollect: cell Info change.
11-12 20:14:03.933 29999 29999 D ActivityThread: Attach thread to application
11-12 20:14:03.943  2525  2849 I PositionFenceSignalCollect: cell Info change.
11-12 20:14:03.945  1684  1799 I chatty  : uid=1000(system) HwGameAssistant expire 3 lines
11-12 20:14:03.957  1684  1770 I chatty  : uid=1000(system) android.anim expire 5 lines
11-12 20:14:03.964  1684  2049 I chatty  : uid=1000(system) sManagerService expire 4 lines
11-12 20:14:03.969  1684  2617 I chatty  : uid=1000(system) Binder:1684_A expire 7 lines
11-12 20:14:03.973  1684  6168 I chatty  : uid=1000(system) Binder:1684_21 expire 11 lines
11-12 20:14:03.973  2602  3041 I HwNetworkPolicyManager: getHwUidPolicy uid = 11834 policy = 0
11-12 20:14:03.987 29999 30030 I ActivityThread: Init compatible state: true
11-12 20:14:04.166 29999 29999 I ActivityThread: finishPreloaded preloadStatus 0
11-12 20:14:04.166 29999 29999 I RtgSchedEvent: current pid:29999 AppType:20
11-12 20:14:04.177  1684  2724 I chatty  : uid=1000(system) Binder:1684_10 expire 17 lines
11-12 20:14:04.181 29999 29999 V ActivityThread: callActivityOnCreate
11-12 20:14:04.207  1684  5910 I chatty  : uid=1000(system) Binder:1684_1F expire 7 lines
11-12 20:14:04.255 29999 29999 D ActivityThread: add activity client record, r= ActivityRecord{2bac91c token=android.os.BinderProxy@997dabb {com.zhihu.android/com.zhihu.android.push.getui.GetuiActivity}} token= android.os.BinderProxy@997dabb
11-12 20:14:04.256 29999 29999 D ActivityThread: Won't deliver top position change in state=1
11-12 20:14:04.256 29999 29999 D ActivityThread: Won't deliver top position change in state=1
11-12 20:14:04.282  1684  3405 I chatty  : uid=1000(system) Binder:1684_1B expire 2 lines
11-12 20:14:04.282  2602  3041 I HwNetworkPolicyManager: getHwUidPolicy uid = 12313 policy = 0
11-12 20:14:04.284  2525  2849 I HidataAppQoeP: sendKernelAppUid, Uid = 11834, period = 2000 name = com.zhihu.android
11-12 20:14:04.284  2525  2849 I NetworkQoeChr: checkForegroundApp timer end
11-12 20:14:04.286  1684  4701 I chatty  : uid=1000(system) Binder:1684_1E expire 1 line
11-12 20:14:04.292  2525  2849 I SmartDualCardConfig: getAppType,pkgName=com.zhihu.android,appType=20
11-12 20:14:04.292  2525  2849 I SmartDualCardConfig: getAppType,pkgName=com.zhihu.android,appType=20
11-12 20:14:04.292  2525  2849 E SmartDualCardConfig: isAppInBlackList false,items==null
11-12 20:14:04.292  2525  2849 I SmartDualCardSM: onUidStateUpdate,uid=11834,appName=com.zhihu.android,state=FOREGROUND
11-12 20:14:04.292  2525  2849 I SmartDualCardConfig: getAppType,pkgName=com.zhihu.android,appType=20
11-12 20:14:04.292  2525  2849 I SmartDualCardSM: updateAppState mAppState=2
11-12 20:14:04.292  2525  2849 I SmartDualCardConfig: addForegroundAppToList,size()=1,uid=11834
11-12 20:14:04.293  2525  2849 I BoosterUtil: getSlaveCardSubId slotId: 1, subId: 3
11-12 20:14:04.304  2525  2850 E OllieTelephony: sendFullData err:1
11-12 20:14:04.324  1684 30123 I chatty  : uid=1000(system) Binder:1684_1C expire 2 lines
11-12 20:14:04.331 29260 29260 V ActivityThread: callActivityOnCreate
11-12 20:14:04.335  1684  1768 I chatty  : uid=1000(system) android.display expire 6 lines
11-12 20:14:04.339  1684  3107 I chatty  : uid=1000(system) Binder:1684_11 expire 2 lines
11-12 20:14:04.344  1684  5914 I chatty  : uid=1000(system) Binder:1684_20 expire 1 line
11-12 20:14:04.350  1684  6168 I chatty  : uid=1000(system) Binder:1684_21 expire 1 line
11-12 20:14:04.355  1684  4701 I chatty  : uid=1000(system) Binder:1684_1E expire 1 line
11-12 20:14:04.364  1684  1770 I chatty  : uid=1000(system) android.anim expire 55 lines
11-12 20:14:04.381  1684  1765 I chatty  : uid=1000(system) android.ui expire 7 lines
11-12 20:14:04.381  2330 29753 D HwCommandQueue: CommandQueue, set Launcher StatusBar Color
11-12 20:14:04.385 29260 29260 I RtgSchedEvent: current pid:29260 AppType:-1
11-12 20:14:04.398  1684  3108 I chatty  : uid=1000(system) Binder:1684_12 expire 18 lines
11-12 20:14:04.409  1684  1684 I chatty  : uid=1000(system) Binder:1684_1C expire 1 line
11-12 20:14:04.420  1684  3107 I chatty  : uid=1000(system) Binder:1684_11 expire 27 lines
11-12 20:14:04.421  2525  2849 E SmartDualCardTrafficManager: isCustomerApplyTheTrafficPackage:: customer not set the package!
11-12 20:14:04.421  2525  2849 I BoosterUtil: getSlaveCardSubId slotId: 1, subId: 3
11-12 20:14:04.426  1684  5914 I chatty  : uid=1000(system) Binder:1684_20 expire 4 lines
11-12 20:14:04.435  1684  6168 I chatty  : uid=1000(system) Binder:1684_21 expire 6 lines
11-12 20:14:04.437  1684  2049 I chatty  : uid=1000(system) sManagerService expire 5 lines
11-12 20:14:04.445  1684  2885 I chatty  : uid=1000(system) AdbDebuggingMan expire 1 line
11-12 20:14:04.449  1684  1768 I chatty  : uid=1000(system) android.display expire 1 line
11-12 20:14:04.476  1684  1826 I chatty  : uid=1000(system) ActivityManager expire 3 lines
11-12 20:14:04.485 29260 29260 D ActivityThread: add activity client record, r= ActivityRecord{ad96c86 token=android.os.BinderProxy@401df0a {com.shakeyou.app/com.shakeyou.app.welcome.WelcomeActivity}} token= android.os.BinderProxy@401df0a
11-12 20:14:04.490  2525  2849 E SmartDualCardTrafficManager: isCustomerApplyTheTrafficPackage:: customer not set the package!
11-12 20:14:04.491 29260 29260 E ActivityThread: Failed to find provider info for com.shakeyou.app.leoric.data
11-12 20:14:04.493 29260 29260 E ActivityThread: Failed to find provider info for com.shakeyou.app.leoric.data
11-12 20:14:04.504  2525  2849 I SmartDualCardSM: isNeedMonitorAppQoe return false
11-12 20:14:04.504  2525  2849 I SmartDualCardSM: resetAppQoeState
11-12 20:14:04.511  1684  2722 I chatty  : uid=1000(system) Binder:1684_E expire 4 lines
11-12 20:14:04.511  1684  2043 I chatty  : uid=1000(system) HeartBeatHandle expire 140 lines
11-12 20:14:04.511  1684  4701 I chatty  : uid=1000(system) Binder:1684_1E expire 3 lines
11-12 20:14:04.512  2525  2849 I DollieChr: handleForegroundAppUpdateMsg,mAppState=1,scenes=2,mForegroundAppName=
11-12 20:14:04.512  2525  2849 I SmartDualCardSM: IdleState:got msg.what=EVENT_APP_MOVE_FOREGROUND
11-12 20:14:04.525  2525  2849 I BoosterUtil: getSlaveCardSubId slotId: 1, subId: 3
11-12 20:14:04.525  1684  2724 I chatty  : uid=1000(system) Binder:1684_10 expire 5 lines
11-12 20:14:04.532  1684  5910 I chatty  : uid=1000(system) Binder:1684_1F expire 2 lines
11-12 20:14:04.535  1684  1797 I chatty  : uid=1000(system) HwActivityTaskM expire 5 lines
11-12 20:14:04.535  1684  2129 I chatty  : uid=1000(system) Thread-6 expire 8 lines
11-12 20:14:04.539  1684  2006 I chatty  : uid=1000(system) Binder:1684_3 expire 1 line
11-12 20:14:04.544  1684  2373 I chatty  : uid=1000(system) Binder:1684_6 expire 5 lines
11-12 20:14:04.559  1684  3405 I chatty  : uid=1000(system) Binder:1684_1B expire 3 lines
11-12 20:14:04.570  1684  2623 I chatty  : uid=1000(system) Binder:1684_D expire 2 lines
11-12 20:14:04.582  1684  1799 I chatty  : uid=1000(system) HwGameAssistant expire 2 lines
11-12 20:14:04.591  1684  3109 I chatty  : uid=1000(system) Binder:1684_13 expire 1 line
11-12 20:14:04.593  1684  1708 I chatty  : uid=1000(system) Binder:1684_1 expire 8 lines
11-12 20:14:04.597  2525  2849 E SmartDualCardTrafficManager: isCustomerApplyTheTrafficPackage:: customer not set the package!
11-12 20:14:04.604  2525  2849 I SmartDualCardConfig: getAppType,pkgName=com.zhihu.android,appType=20
11-12 20:14:04.604  2525  2849 E SmartDualCardConfig: isAppInBlackList false,items==null
11-12 20:14:04.605  2525  2849 I PowerMsgAdapter: addUidChanged uid: 11834
11-12 20:14:04.606  1684  2617 I chatty  : uid=1000(system) Binder:1684_A expire 9 lines
11-12 20:14:04.608  2602  3041 I HwNetworkPolicyManager: getHwUidPolicy uid = 11932 policy = 0
11-12 20:14:04.619  2525  2849 I NetworkQoeChr: checkForegroundApp timer end
11-12 20:14:04.623  2525  2849 I SmartDualCardConfig: getAppType,pkgName=com.shakeyou.app,appType=-1
11-12 20:14:04.626 29999 29999 D ActivityThread: Remove activity client record, r= ActivityRecord{2bac91c token=android.os.BinderProxy@997dabb {com.zhihu.android/com.zhihu.android.push.getui.GetuiActivity}} token= android.os.BinderProxy@997dabb
11-12 20:14:04.629  2525  2849 I SmartDualCardConfig: getAppType,pkgName=com.shakeyou.app,appType=-1
11-12 20:14:04.629  2525  2849 E SmartDualCardConfig: isAppInBlackList false,items==null
11-12 20:14:04.629  2525  2849 I SmartDualCardSM: onUidStateUpdate,uid=12313,appName=com.shakeyou.app,state=FOREGROUND
11-12 20:14:04.638  2525  2849 I SmartDualCardConfig: getAppType,pkgName=com.shakeyou.app,appType=-1
11-12 20:14:04.638  2525  2849 I SmartDualCardSM: updateAppState mAppState=2
11-12 20:14:04.638  2525  2849 I SmartDualCardConfig: addForegroundAppToList,size()=2,uid=12313
11-12 20:14:04.639  2525  2849 I BoosterUtil: getSlaveCardSubId slotId: 1, subId: 3
11-12 20:14:04.683  1684  1827 I chatty  : uid=1000(system) ActivityManager expire 1 line
11-12 20:14:04.719  2525  2849 E SmartDualCardTrafficManager: isCustomerApplyTheTrafficPackage:: customer not set the package!
11-12 20:14:04.720  2525  2849 I BoosterUtil: getSlaveCardSubId slotId: 1, subId: 3
11-12 20:14:04.730 30171 30171 D ActivityThread: Attach thread to application
11-12 20:14:04.774 30171 30198 I ActivityThread: Init compatible state: true
11-12 20:14:04.803  2525  2849 E SmartDualCardTrafficManager: isCustomerApplyTheTrafficPackage:: customer not set the package!
11-12 20:14:04.803  1684  2115 I chatty  : uid=1000(system) ConnectivitySer expire 1 line
11-12 20:14:04.820  2525  2849 I SmartDualCardSM: isNeedMonitorAppQoe return false
11-12 20:14:04.820  2525  2849 I SmartDualCardSM: resetAppQoeState
11-12 20:14:04.827 24564 24564 V ActivityThread: callActivityOnCreate
11-12 20:14:04.827  2330 29753 D HwCommandQueue: CommandQueue, set Launcher StatusBar Color
11-12 20:14:04.840  2330  6764 I HwCommandQueue: updateBarBgColor
11-12 20:14:04.840  2330  6764 D HwCommandQueue: CommandQueue, setBarBackgroundColor
11-12 20:14:04.851 24564 24564 I RtgSchedEvent: current pid:24564 AppType:0
11-12 20:14:04.852 24564 24564 D ActivityThread: add activity client record, r= ActivityRecord{d28a932 token=android.os.BinderProxy@35f10b {com.yiyou.ga/com.yiyou.ga.client.getui.LightPushTTCompanyActivity}} token= android.os.BinderProxy@35f10b
11-12 20:14:04.854 24564 24564 D ActivityThread: Won't deliver top position change in state=1
11-12 20:14:04.854 24564 24564 D ActivityThread: Won't deliver top position change in state=1
11-12 20:14:04.856 29260 29260 I RtgSchedEvent: current pid:29260 AppType:-1
11-12 20:14:04.862 29260 29260 D ActivityThread: Won't deliver top position change in state=4
11-12 20:14:04.869  2525  2849 I HidataAppQoeP: foregroundUidRemove uid: 11834 name: com.zhihu.android
11-12 20:14:04.873 24564 24564 D ActivityThread: Remove activity client record, r= ActivityRecord{d28a932 token=android.os.BinderProxy@35f10b {com.yiyou.ga/com.yiyou.ga.client.getui.LightPushTTCompanyActivity}} token= android.os.BinderProxy@35f10b
11-12 20:14:04.879  1684  3401 I chatty  : uid=1000(system) Binder:1684_18 expire 7 lines
11-12 20:14:04.887  2525  2849 I HidataAppQoeP: sendKernelAppUid, Uid = 12313, period = 2000 name = com.shakeyou.app
11-12 20:14:04.888  2525  2849 I HidataAppQoeP: foregroundUidRemove uid: 12313 name: com.shakeyou.app
11-12 20:14:04.897  2525  2849 I SmartDualCardSM: IdleState:got msg.what=EVENT_APP_MOVE_FOREGROUND
11-12 20:14:04.918  2525  2849 I BoosterUtil: getSlaveCardSubId slotId: 1, subId: 3
11-12 20:14:04.933  1684  2129 I chatty  : uid=1000(system) Thread-6 expire 5 lines
11-12 20:14:04.942  1684  1826 I chatty  : uid=1000(system) ActivityManager expire 1 line
11-12 20:14:04.944  1684  2049 I chatty  : uid=1000(system) sManagerService expire 1 line
11-12 20:14:04.945  1684  2724 I chatty  : uid=1000(system) Binder:1684_10 expire 1 line
11-12 20:14:04.948  1684  1768 I chatty  : uid=1000(system) android.display expire 2 lines
11-12 20:14:04.950  1684  6168 I chatty  : uid=1000(system) Binder:1684_21 expire 1 line
11-12 20:14:04.953  1684  2724 I chatty  : uid=1000(system) Binder:1684_10 expire 1 line
11-12 20:14:04.957  1684  2722 I chatty  : uid=1000(system) Binder:1684_E expire 2 lines
11-12 20:14:04.981  2525  2849 E SmartDualCardTrafficManager: isCustomerApplyTheTrafficPackage:: customer not set the package!
11-12 20:14:04.984  1684  3401 I chatty  : uid=1000(system) Binder:1684_18 expire 2 lines
11-12 20:14:04.984  1684  2115 I chatty  : uid=1000(system) ConnectivitySer expire 1 line
11-12 20:14:04.991  2525  2849 I SmartDualCardConfig: getAppType,pkgName=com.shakeyou.app,appType=-1
11-12 20:14:04.991  2525  2849 E SmartDualCardConfig: isAppInBlackList false,items==null
11-12 20:14:04.991  2525  2849 I PowerMsgAdapter: UID hot switch, uid:12313, pkgName:com.shakeyou.app
11-12 20:14:04.992  2525  2849 I SmartDualCardSM: IdleState:got msg.what=EVENT_SLAVE_TRAFFIC_FREE_APP_BACKGROUND
11-12 20:14:05.002  2525  2849 I PositionFenceSignalCollect: wifiDatas size 26 for recognize
11-12 20:14:05.002  2525  2849 I PositionFenceRecognize: RecognizeByWifi:highPrecisionConfirmedFence 2 matchDegree: 0.0 < 0.19826612903225804
11-12 20:14:05.002  2525  2849 I PositionFenceRecognize: RecognizeByWifi:highPrecisionConfirmedFence 4 matchDegree: 0.0 < 0.12381612381612382
11-12 20:14:05.002  2525  2849 I PositionFenceRecognize: RecognizeByWifi:highPrecisionConfirmedFence 6 matchDegree: 0.3076923076923077 < 0.31266937669376693
11-12 20:14:05.002  2525  2849 I PositionFenceRecognize: RecognizeByCellAndServeAp:highPrecisionConfirmedFence 2 matchDegree: 0.3333333333333333
11-12 20:14:05.002  2525  2849 I PositionFenceRecognize: RecognizeByCellAndServeAp:highPrecisionConfirmedFence 4 matchDegree: 0.0 < 0.12381612381612382
11-12 20:14:05.002  2525  2849 I PositionFenceRecognize: RecognizeByCellAndServeAp:highPrecisionConfirmedFence 6 matchDegree: 1.0
11-12 20:14:05.003  1684  2006 I chatty  : uid=1000(system) Binder:1684_3 expire 1 line
11-12 20:14:05.004  2525  2849 I SmartDualCardConfig: getAppType,pkgName=com.zhihu.android,appType=20
11-12 20:14:05.005  2525  2849 I SmartDualCardConfig: getAppType,pkgName=com.zhihu.android,appType=20
11-12 20:14:05.005  2525  2849 E SmartDualCardConfig: isAppInBlackList false,items==null
11-12 20:14:05.005  2525  2849 I SmartDualCardSM: onUidStateUpdate,uid=11834,appName=com.zhihu.android,state=BACKGROUND
11-12 20:14:05.005  2525  2849 I SmartDualCardConfig: removeAppFromList,after remove,size()=1,uid=11834
11-12 20:14:05.005  2525  2849 I SmartDualCardSM: onUidStateUpdate,remaining top app uid=12313
11-12 20:14:05.007  1684  1768 I chatty  : uid=1000(system) android.display expire 5 lines
11-12 20:14:05.009  1684  3401 I chatty  : uid=1000(system) Binder:1684_18 expire 1 line
11-12 20:14:05.011  1684  2724 I chatty  : uid=1000(system) Binder:1684_10 expire 11 lines
11-12 20:14:05.017  2525  2849 I SmartDualCardConfig: getAppType,pkgName=com.shakeyou.app,appType=-1
11-12 20:14:05.017  2525  2849 I SmartDualCardSM: updateAppState mAppState=2
11-12 20:14:05.018  2525  2849 I NetworkQoeChr: checkForegroundApp timer end
11-12 20:14:05.020  2525  2849 I SmartDualCardConfig: getAppType,pkgName=com.shakeyou.app,appType=-1
11-12 20:14:05.020  2525  2849 I SmartDualCardConfig: getAppType,pkgName=com.shakeyou.app,appType=-1
11-12 20:14:05.020  2525  2849 E SmartDualCardConfig: isAppInBlackList false,items==null
11-12 20:14:05.020  2525  2849 I SmartDualCardSM: onUidStateUpdate,uid=12313,appName=com.shakeyou.app,state=FOREGROUND
11-12 20:14:05.021  2525  2849 I SmartDualCardConfig: getAppType,pkgName=com.shakeyou.app,appType=-1
11-12 20:14:05.021  2525  2849 I SmartDualCardSM: updateAppState mAppState=2
11-12 20:14:05.022  2525  2849 I BoosterUtil: getSlaveCardSubId slotId: 1, subId: 3
11-12 20:14:05.025  1684  3109 I chatty  : uid=1000(system) Binder:1684_13 expire 12 lines
11-12 20:14:05.033  1684  1797 I chatty  : uid=1000(system) HwActivityTaskM expire 4 lines
11-12 20:14:05.033  1684  2129 I chatty  : uid=1000(system) Thread-6 expire 9 lines
11-12 20:14:05.040 29260 29260 V ActivityThread: callActivityOnCreate
11-12 20:14:05.055  1684  2049 I chatty  : uid=1000(system) sManagerService expire 3 lines
11-12 20:14:05.081 29260 29260 D ActivityThread: add activity client record, r= ActivityRecord{870d12a token=android.os.BinderProxy@bbd8c5 {com.shakeyou.app/com.shakeyou.app.main.ui.MainActivity}} token= android.os.BinderProxy@bbd8c5
11-12 20:14:05.084  1684  1768 I chatty  : uid=1000(system) android.display expire 9 lines
11-12 20:14:05.102  1684  3401 I chatty  : uid=1000(system) Binder:1684_18 expire 28 lines
11-12 20:14:05.111  1684  2006 I chatty  : uid=1000(system) Binder:1684_3 expire 23 lines
11-12 20:14:05.123  1684  6168 I chatty  : uid=1000(system) Binder:1684_21 expire 10 lines
11-12 20:14:05.126  1684  1765 I chatty  : uid=1000(system) android.ui expire 4 lines
11-12 20:14:05.126  2330 29752 D HwCommandQueue: CommandQueue, set Launcher StatusBar Color
11-12 20:14:05.135  2525  2849 E SmartDualCardTrafficManager: isCustomerApplyTheTrafficPackage:: customer not set the package!
11-12 20:14:05.136  2525  2849 I BoosterUtil: getSlaveCardSubId slotId: 1, subId: 3
11-12 20:14:05.142  1684  3107 I chatty  : uid=1000(system) Binder:1684_11 expire 8 lines
11-12 20:14:05.185  1684  2722 I chatty  : uid=1000(system) Binder:1684_E expire 9 lines
11-12 20:14:05.198  2525  2849 E SmartDualCardTrafficManager: isCustomerApplyTheTrafficPackage:: customer not set the package!
11-12 20:14:05.206  2525  2849 I SmartDualCardSM: isNeedMonitorAppQoe return false
11-12 20:14:05.206  2525  2849 I SmartDualCardSM: resetAppQoeState
11-12 20:14:05.215  2525  2849 I HidataAppQoeP: foregroundUidRemove uid: 11932 name: com.yiyou.ga
11-12 20:14:05.215  2525  2849 I NetworkQoeChr: checkForegroundApp timer end
11-12 20:14:05.221  2525  2849 I SmartDualCardConfig: getAppType,pkgName=com.yiyou.ga,appType=0
11-12 20:14:05.225  2525  2849 I SmartDualCardConfig: getAppType,pkgName=com.yiyou.ga,appType=0
11-12 20:14:05.225  2525  2849 E SmartDualCardConfig: isAppInBlackList false,items==null
11-12 20:14:05.225  2525  2849 I SmartDualCardSM: onUidStateUpdate,uid=11932,appName=com.yiyou.ga,state=FOREGROUND
11-12 20:14:05.229  2525  2849 I SmartDualCardConfig: getAppType,pkgName=com.yiyou.ga,appType=0
11-12 20:14:05.230  2525  2849 I SmartDualCardSM: updateAppState mAppState=2
11-12 20:14:05.230  2525  2849 I SmartDualCardConfig: addForegroundAppToList,size()=2,uid=11932
11-12 20:14:05.231  2525  2849 I BoosterUtil: getSlaveCardSubId slotId: 1, subId: 3
11-12 20:14:05.239  1684  1770 I chatty  : uid=1000(system) android.anim expire 27 lines
11-12 20:14:05.251 29260 29260 I ViewRootImpl: dispatchDetachedFromWindow in doDie
11-12 20:14:05.262  2525  2849 E SmartDualCardTrafficManager: isCustomerApplyTheTrafficPackage:: customer not set the package!
11-12 20:14:05.262  2525  2849 I BoosterUtil: getSlaveCardSubId slotId: 1, subId: 3
11-12 20:14:05.275  2330  6764 D HwCommandQueue: CommandQueue, set Launcher StatusBar Color
11-12 20:14:05.290  2525  2849 E SmartDualCardTrafficManager: isCustomerApplyTheTrafficPackage:: customer not set the package!
11-12 20:14:05.309  2525  2849 I SmartDualCardSM: isNeedMonitorAppQoe return false
11-12 20:14:05.309  2525  2849 I SmartDualCardSM: resetAppQoeState
11-12 20:14:05.312  2525  2849 I PositionFence_PositionFenceManager: notify position fence changed: fenceId 0 recognizeWay: -1
11-12 20:14:05.315  2525  2849 I SmartDualCardConfig: getAppType,pkgName=com.zhihu.android,appType=20
11-12 20:14:05.315  2525  2849 E SmartDualCardConfig: isAppInBlackList false,items==null
11-12 20:14:05.319  2525  2849 I SmartDualCardSM: IdleState:got msg.what=EVENT_APP_MOVE_FOREGROUND
11-12 20:14:05.323  2525  2849 I BoosterUtil: getSlaveCardSubId slotId: 1, subId: 3
11-12 20:14:05.344  1684  4701 I chatty  : uid=1000(system) Binder:1684_1E expire 6 lines
11-12 20:14:05.368  2525  2849 E SmartDualCardTrafficManager: isCustomerApplyTheTrafficPackage:: customer not set the package!
11-12 20:14:05.373  2525  2849 I SmartDualCardConfig: getAppType,pkgName=com.shakeyou.app,appType=-1
11-12 20:14:05.373  2525  2849 E SmartDualCardConfig: isAppInBlackList false,items==null
11-12 20:14:05.377  2525  2849 I SmartDualCardConfig: getAppType,pkgName=com.yiyou.ga,appType=0
11-12 20:14:05.378  2525  2849 I SmartDualCardConfig: getAppType,pkgName=com.yiyou.ga,appType=0
11-12 20:14:05.378  2525  2849 E SmartDualCardConfig: isAppInBlackList false,items==null
11-12 20:14:05.378  2525  2849 I SmartDualCardSM: onUidStateUpdate,uid=11932,appName=com.yiyou.ga,state=BACKGROUND
11-12 20:14:05.378  2525  2849 I SmartDualCardConfig: removeAppFromList,after remove,size()=1,uid=11932
11-12 20:14:05.378  2525  2849 I SmartDualCardSM: onUidStateUpdate,remaining top app uid=12313
11-12 20:14:05.380  2525  2849 I SmartDualCardConfig: getAppType,pkgName=com.shakeyou.app,appType=-1
11-12 20:14:05.380  2525  2849 I SmartDualCardSM: updateAppState mAppState=2
11-12 20:14:05.387  2525  2849 I SmartDualCardSM: IdleState:got msg.what=EVENT_APP_MOVE_FOREGROUND
11-12 20:14:05.401  2525  2849 I BoosterUtil: getSlaveCardSubId slotId: 1, subId: 3
11-12 20:14:05.436  1684  1684 I chatty  : uid=1000(system) Binder:1684_1C expire 2 lines
11-12 20:14:05.539  1684  1827 I chatty  : uid=1000(system) ActivityManager expire 3 lines
11-12 20:14:05.572  2525  2849 E SmartDualCardTrafficManager: isCustomerApplyTheTrafficPackage:: customer not set the package!
11-12 20:14:05.583  2525  2849 I SmartDualCardConfig: getAppType,pkgName=com.yiyou.ga,appType=0
11-12 20:14:05.583  2525  2849 E SmartDualCardConfig: isAppInBlackList false,items==null
11-12 20:14:05.583  2525  2849 I PowerMsgAdapter: addUidChanged uid: 11932
11-12 20:14:05.588  2525  2849 I SmartDualCardConfig: getAppType,pkgName=com.huawei.android.launcher,appType=28
11-12 20:14:05.588  2525  2849 I SmartDualCardSM: onUidStateUpdate isSkip,uid=10079,pkgName=com.huawei.android.launcher,pkgNameByComponentName=com.huawei.android.launcher
11-12 20:14:05.609  2525  2849 I SmartDualCardConfig: getAppType,pkgName=com.yiyou.ga,appType=0
11-12 20:14:05.609  2525  2849 E SmartDualCardConfig: isAppInBlackList false,items==null
11-12 20:14:05.609  2525  2849 I SmartDualCardSM: IdleState:got msg.what=EVENT_SLAVE_TRAFFIC_FREE_APP_BACKGROUND
11-12 20:14:05.609  2525  2849 E Booster_PositionFencePolicyLifeManager: [isPhoneDevice]phone device
11-12 20:14:05.612 30282 30282 D ActivityThread: Attach thread to application
11-12 20:14:05.662  2525  2849 I SmartDualCardConfig: getAppType,pkgName=com.huawei.android.launcher,appType=28
11-12 20:14:05.663  2525  2849 E SmartDualCardConfig: isAppInBlackList false,items==null
11-12 20:14:05.677  1684  1799 I chatty  : uid=1000(system) HwGameAssistant expire 2 lines
11-12 20:14:05.709 30282 30311 I ActivityThread: Init compatible state: true
11-12 20:14:05.719  2602  3270 I HwNetworkPolicyManager: getHwUidPolicy uid = 10759 policy = 0
11-12 20:14:05.742  2525  2849 D NpdcpAliveManager: ro.odm.npdcp_alive_cfg_enable is false
11-12 20:14:05.750  2525  2849 I PositionFenceSignalCollect: wifiDatas size 26 for recognize
11-12 20:14:05.750  2525  2849 I PositionFenceRecognize: RecognizeByWifi:highPrecisionConfirmedFence 2 matchDegree: 0.0 < 0.19826612903225804
11-12 20:14:05.750  2525  2849 I PositionFenceRecognize: RecognizeByWifi:highPrecisionConfirmedFence 4 matchDegree: 0.0 < 0.12381612381612382
11-12 20:14:05.750  2525  2849 I PositionFenceRecognize: RecognizeByWifi:highPrecisionConfirmedFence 6 matchDegree: 0.5384615384615384
11-12 20:14:05.750  2525  2849 I PositionFenceRecognize: RecognizeByWifi: welcome to highPrecisionConfirmedFence6
11-12 20:14:05.750  2525  2849 I PositionFenceRecognize: RecognizeByCellAndServeAp:highPrecisionConfirmedFence 2 matchDegree: 0.3333333333333333
11-12 20:14:05.750  2525  2849 I PositionFenceRecognize: RecognizeByCellAndServeAp:highPrecisionConfirmedFence 4 matchDegree: 0.0 < 0.12381612381612382
11-12 20:14:05.750  2525  2849 I PositionFenceRecognize: RecognizeByCellAndServeAp:highPrecisionConfirmedFence 6 matchDegree: 1.0
11-12 20:14:05.770  2525  2849 I SmartDualCardSM: IdleState:got msg.what=EVENT_SLAVE_TRAFFIC_FREE_APP_BACKGROUND
11-12 20:14:05.770  2525  2849 I PositionFence_PositionFenceManager: notify position fence changed: fenceId 6 recognizeWay: 0
11-12 20:14:05.770  2525  2849 I SmartDualCardSM: IdleState:got msg.what=EVENT_SLAVE_TRAFFIC_FREE_APP_BACKGROUND
11-12 20:14:05.770  2525  2849 I BoosterUtil: getMasterCardSubId slotId: 0, subId: 2
11-12 20:14:05.781  2525  2849 I BoosterUtil: getSlaveCardSubId slotId: 1, subId: 3
11-12 20:14:05.781  2525  2849 E Booster_PositionFencePolicyLifeManager: [isPhoneDevice]phone device
11-12 20:14:05.893  1684  2127 I chatty  : uid=1000(system) LocationHander expire 10 lines
11-12 20:14:05.895  1684  2373 I chatty  : uid=1000(system) Binder:1684_6 expire 5 lines
11-12 20:14:05.993  2525  2849 I PositionFenceSignalCollect: cell Info change.
11-12 20:14:06.009  2525  2849 I PositionFenceSignalCollect: cell Info change.
11-12 20:14:06.078 29866 29866 I ActivityThread: finishPreloaded preloadStatus 0
11-12 20:14:06.314  2525  2849 D NpdcpAliveManager: ro.odm.npdcp_alive_cfg_enable is false
11-12 20:14:06.345  1684  1708 I chatty  : uid=1000(system) Binder:1684_1 expire 2 lines
11-12 20:14:06.447 30282 30542 D HwCustConnectivityManagerImpl: isBlockNetworkRequestByNonAis, INVALID_SUBSCRIPTION_ID
11-12 20:14:06.450  1684  2885 I chatty  : uid=1000(system) AdbDebuggingMan expire 1 line
11-12 20:14:06.455 30282 30542 D HwCustConnectivityManagerImpl: isBlockNetworkRequestByNonAis, INVALID_SUBSCRIPTION_ID
11-12 20:14:06.456  1684  2115 I chatty  : uid=1000(system) ConnectivitySer expire 205 lines
11-12 20:14:06.495  2525  2849 I SmartDualCardSM: IdleState:got msg.what=EVENT_MOVEMENT_STATE_CHANGED
11-12 20:14:06.504  2525  2849 E OllieTelephony: sendFullData err:1
11-12 20:14:06.628 30282 30282 D HwCustConnectivityManagerImpl: isBlockNetworkRequestByNonAis, INVALID_SUBSCRIPTION_ID
11-12 20:14:06.649  1684  2044 I chatty  : uid=1000(system) AlarmManager expire 2 lines
11-12 20:14:06.673 30282 30631 D HwCustConnectivityManagerImpl: isBlockNetworkRequestByNonAis, INVALID_SUBSCRIPTION_ID
11-12 20:14:06.712 30171 30171 I ActivityThread: finishPreloaded preloadStatus 0
11-12 20:14:06.985 30720 30720 D ActivityThread: Attach thread to application
11-12 20:14:07.012 30720 30760 I ActivityThread: Init compatible state: true
11-12 20:14:07.014 30171 30650 D HwCustConnectivityManagerImpl: isBlockNetworkRequestByNonAis, INVALID_SUBSCRIPTION_ID
11-12 20:14:07.165 30282 30282 I ActivityThread: finishPreloaded preloadStatus 0
11-12 20:14:07.171 30282 30282 I RtgSchedEvent: current pid:30282 AppType:14
11-12 20:14:07.191 30282 30282 V ActivityThread: callActivityOnCreate
11-12 20:14:07.213 30720 30720 I ActivityThread: finishPreloaded preloadStatus 0
11-12 20:14:07.251 30282 30282 D ActivityThread: add activity client record, r= ActivityRecord{594df12 token=android.os.BinderProxy@5d404d8 {com.xingin.xhs/com.xingin.cupid.getui.v.ZAct}} token= android.os.BinderProxy@5d404d8
11-12 20:14:07.257 30282 30282 D ActivityThread: Won't deliver top position change in state=1
11-12 20:14:07.270  2525  2849 I NetworkQoeChr: checkForegroundApp timer end
11-12 20:14:07.270 30282 30282 D ActivityThread: Won't deliver top position change in state=1
11-12 20:14:07.271  1684  3108 I chatty  : uid=1000(system) Binder:1684_12 expire 20 lines
11-12 20:14:07.281 29260 29260 D ActivityThread: Won't deliver top position change in state=4
11-12 20:14:07.282  1684  1797 I chatty  : uid=1000(system) HwActivityTaskM expire 2 lines
11-12 20:14:07.283  1684  2129 I chatty  : uid=1000(system) Thread-6 expire 5 lines
11-12 20:14:07.286  2525  2849 I SmartDualCardConfig: getAppType,pkgName=com.xingin.xhs,appType=14
11-12 20:14:07.289 30282 30282 D ActivityThread: Remove activity client record, r= ActivityRecord{594df12 token=android.os.BinderProxy@5d404d8 {com.xingin.xhs/com.xingin.cupid.getui.v.ZAct}} token= android.os.BinderProxy@5d404d8
11-12 20:14:07.291  1684  3107 I chatty  : uid=1000(system) Binder:1684_11 expire 1 line
11-12 20:14:07.296  1684  5910 I chatty  : uid=1000(system) Binder:1684_1F expire 3 lines
11-12 20:14:07.296  1684  2617 I chatty  : uid=1000(system) Binder:1684_A expire 4 lines
11-12 20:14:07.305  2525  2849 I SmartDualCardConfig: getAppType,pkgName=com.xingin.xhs,appType=14
11-12 20:14:07.305  2525  2849 E SmartDualCardConfig: isAppInBlackList false,items==null
11-12 20:14:07.305  2525  2849 I SmartDualCardSM: onUidStateUpdate,uid=10759,appName=com.xingin.xhs,state=FOREGROUND
11-12 20:14:07.307  2525  2849 I SmartDualCardConfig: getAppType,pkgName=com.xingin.xhs,appType=14
11-12 20:14:07.307  2525  2849 I SmartDualCardSM: updateAppState mAppState=2
11-12 20:14:07.307  2525  2849 I SmartDualCardConfig: addForegroundAppToList,size()=2,uid=10759
11-12 20:14:07.308  2525  2849 I BoosterUtil: getSlaveCardSubId slotId: 1, subId: 3
11-12 20:14:07.352  1684  1768 I chatty  : uid=1000(system) android.display expire 5 lines
11-12 20:14:07.361  1684  1826 I chatty  : uid=1000(system) ActivityManager expire 9 lines
11-12 20:14:07.363 30835 30835 D ActivityThread: Attach thread to application
11-12 20:14:07.367  1684  2049 I chatty  : uid=1000(system) sManagerService expire 3 lines
11-12 20:14:07.379 29260 29260 I RtgSchedEvent: current pid:29260 AppType:-1
11-12 20:14:07.388  1684  2115 I chatty  : uid=1000(system) ConnectivitySer expire 215 lines
11-12 20:14:07.391  1684  3401 I chatty  : uid=1000(system) Binder:1684_18 expire 5 lines
11-12 20:14:07.400  1684  4701 I chatty  : uid=1000(system) Binder:1684_1E expire 9 lines
11-12 20:14:07.404  2525  2849 E SmartDualCardTrafficManager: isCustomerApplyTheTrafficPackage:: customer not set the package!
11-12 20:14:07.404  2525  2849 I BoosterUtil: getSlaveCardSubId slotId: 1, subId: 3
11-12 20:14:07.405  1684  1827 I chatty  : uid=1000(system) ActivityManager expire 2 lines
11-12 20:14:07.415 23329 23332 E         : TEEC_CreateHandle: /vendor/preavs/bin/hw/android.hardware.drm@1.2-service.wid
11-12 20:14:07.439  2525  2849 E SmartDualCardTrafficManager: isCustomerApplyTheTrafficPackage:: customer not set the package!
11-12 20:14:07.441  2525  2849 I SmartDualCardSM: isNeedMonitorAppQoe return false
11-12 20:14:07.441  2525  2849 I SmartDualCardSM: resetAppQoeState
11-12 20:14:07.442  2525  2849 I HidataAppQoeP: foregroundUidRemove uid: 10759 name: com.xingin.xhs
11-12 20:14:07.443  2525  2849 I SmartDualCardSM: IdleState:got msg.what=EVENT_APP_MOVE_FOREGROUND
11-12 20:14:07.449 30835 30835 I LoadedApk: makePaths: outLibPaths=[/data/app/com.huawei.meetime-C0_CNiZj0ihU5mge6BJ_2A==/lib/arm64, /data/app/com.huawei.meetime-C0_CNiZj0ihU5mge6BJ_2A==/base.apk!/lib/arm64-v8a, /data/app/com.huawei.meetime-C0_CNiZj0ihU5mge6BJ_2A==/split_hicontacts_fa.apk!/lib/arm64-v8a, /system/priv-app/HwCameraKit/HwCameraKit.apk!/lib/arm64-v8a, /system/lib64:/hw_product/lib64:/system/product/lib64:/prets/lib64]
11-12 20:14:07.450  2525  2849 I BoosterUtil: getSlaveCardSubId slotId: 1, subId: 3
11-12 20:14:07.457 30835 30887 I ActivityThread: Init compatible state: false
11-12 20:14:07.457 30908 30908 D ActivityThread: Attach thread to application
11-12 20:14:07.473  2525  2849 E SmartDualCardTrafficManager: isCustomerApplyTheTrafficPackage:: customer not set the package!
11-12 20:14:07.475 30908 30938 I ActivityThread: Init compatible state: true
11-12 20:14:07.478  2525  2849 I SmartDualCardConfig: getAppType,pkgName=com.xingin.xhs,appType=14
11-12 20:14:07.478  2525  2849 E SmartDualCardConfig: isAppInBlackList false,items==null
11-12 20:14:07.478  2525  2849 I PowerMsgAdapter: addUidChanged uid: 10759
11-12 20:14:07.481  2525  2849 I SmartDualCardConfig: getAppType,pkgName=com.xingin.xhs,appType=14
11-12 20:14:07.481  2525  2849 I SmartDualCardConfig: getAppType,pkgName=com.xingin.xhs,appType=14
11-12 20:14:07.481  2525  2849 E SmartDualCardConfig: isAppInBlackList false,items==null
11-12 20:14:07.481  2525  2849 I SmartDualCardSM: onUidStateUpdate,uid=10759,appName=com.xingin.xhs,state=BACKGROUND
11-12 20:14:07.481  2525  2849 I SmartDualCardConfig: removeAppFromList,after remove,size()=1,uid=10759
11-12 20:14:07.481  2525  2849 I SmartDualCardSM: onUidStateUpdate,remaining top app uid=12313
11-12 20:14:07.482  2525  2849 I SmartDualCardConfig: getAppType,pkgName=com.shakeyou.app,appType=-1
11-12 20:14:07.482  2525  2849 I SmartDualCardSM: updateAppState mAppState=2
11-12 20:14:07.483  2525  2849 D NpdcpAliveManager: ro.odm.npdcp_alive_cfg_enable is false
11-12 20:14:07.486  2525  2849 I SmartDualCardConfig: getAppType,pkgName=com.xingin.xhs,appType=14
11-12 20:14:07.486  2525  2849 E SmartDualCardConfig: isAppInBlackList false,items==null
11-12 20:14:07.499  2525  2849 E OllieTelephony: sendFullData err:1
11-12 20:14:07.499  2525  2849 I SmartDualCardSM: IdleState:got msg.what=EVENT_SLAVE_TRAFFIC_FREE_APP_BACKGROUND
11-12 20:14:07.510  2525  2849 E OllieTelephony: sendFullData err:1
11-12 20:14:07.624 30720 30793 D HwCustConnectivityManagerImpl: isBlockNetworkRequestByNonAis, INVALID_SUBSCRIPTION_ID
11-12 20:14:07.644 30908 30908 I ActivityThread: finishPreloaded preloadStatus 0
11-12 20:14:07.660  1684  2006 I chatty  : uid=1000(system) Binder:1684_3 expire 45 lines
11-12 20:14:07.888  1684  2373 I chatty  : uid=1000(system) Binder:1684_6 expire 16 lines
11-12 20:14:08.151 29260 29260 D ActivityThread: Remove activity client record, r= ActivityRecord{ad96c86 token=android.os.BinderProxy@401df0a {com.shakeyou.app/com.shakeyou.app.welcome.WelcomeActivity}} token= android.os.BinderProxy@401df0a
11-12 20:14:08.151 29260 29260 I ViewRootImpl: dispatchDetachedFromWindow in doDie
11-12 20:14:08.367  2525  2849 D NpdcpAliveManager: ro.odm.npdcp_alive_cfg_enable is false
11-12 20:14:08.368 29260 29260 W HwApsManager: HwApsManagerService, registerCallback, start !
11-12 20:14:08.453  1684  2885 I chatty  : uid=1000(system) AdbDebuggingMan expire 1 line
11-12 20:14:08.841  1684  1684 I chatty  : uid=1000(system) Binder:1684_1C expire 7 lines
11-12 20:14:08.965 30835 30835 I LoadedApk: makePaths: outLibPaths=[/system/product/app/WebViewGoogle/lib/arm64, /system/product/app/WebViewGoogle/WebViewGoogle.apk!/lib/arm64-v8a, /system/product/app/TrichromeLibrary/TrichromeLibrary.apk!/lib/arm64-v8a, /system/lib64:/hw_product/lib64:/system/product/lib64:/prets/lib64]
11-12 20:14:09.198 31158 31158 D ActivityThread: Attach thread to application
11-12 20:14:09.208 31158 31186 E ActivityThread: getApplicationInfo metadata error
11-12 20:14:09.208 31158 31186 I ActivityThread: Init compatible state: false
11-12 20:14:09.221 31158 31158 I LoadedApk: makePaths: outLibPaths=[/system/product/app/WebViewGoogle/lib/arm, /system/product/app/WebViewGoogle/WebViewGoogle.apk!/lib/armeabi-v7a, /system/product/app/TrichromeLibrary/TrichromeLibrary.apk!/lib/armeabi-v7a, /system/lib:/hw_product/lib]
11-12 20:14:09.250 31158 31158 I ActivityThread: finishPreloaded preloadStatus 0
11-12 20:14:09.305 30908 31082 D HwCustConnectivityManagerImpl: isBlockNetworkRequestByNonAis, INVALID_SUBSCRIPTION_ID
11-12 20:14:09.328  1684  1838 I chatty  : uid=1000(system) ThirdAppHandler expire 5 lines
11-12 20:14:09.385  2525  2849 D NpdcpAliveManager: ro.odm.npdcp_alive_cfg_enable is false
11-12 20:14:09.487 30835 30835 D HwCustConnectivityManagerImpl: isBlockNetworkRequestByNonAis, INVALID_SUBSCRIPTION_ID
11-12 20:14:09.491 30835 30835 D HwCustConnectivityManagerImpl: isBlockNetworkRequestByNonAis, INVALID_SUBSCRIPTION_ID
11-12 20:14:09.532  1684  2102 I chatty  : uid=1000(system) NetworkStats expire 18 lines
11-12 20:14:09.561 30171 31152 D HwCustConnectivityManagerImpl: isBlockNetworkRequestByNonAis, INVALID_SUBSCRIPTION_ID
11-12 20:14:09.721  1684  2006 I chatty  : uid=1000(system) Binder:1684_3 expire 18 lines
11-12 20:14:09.740  2602  2964 I HwTrafficStats: network states size = 2
11-12 20:14:09.741  2602  2964 I HwTrafficStats: method call cost = 2
11-12 20:14:09.742  2602  2964 I HwTrafficStats: network states size = 2
11-12 20:14:09.742  2602  2964 I HwTrafficStats: method call cost = 1
11-12 20:14:09.849  1684  2617 I chatty  : uid=1000(system) Binder:1684_A expire 12 lines
11-12 20:14:09.958  1684  1684 I chatty  : uid=1000(system) Binder:1684_1C expire 31 lines
11-12 20:14:09.960 30835 30835 D HwCustConnectivityManagerImpl: isBlockNetworkRequestByNonAis, INVALID_SUBSCRIPTION_ID
11-12 20:14:09.963  1684  2115 I chatty  : uid=1000(system) ConnectivitySer expire 231 lines
11-12 20:14:10.004  1684  4701 I chatty  : uid=1000(system) Binder:1684_1E expire 8 lines
11-12 20:14:10.177  1684  1838 I chatty  : uid=1000(system) ThirdAppHandler expire 1 line
11-12 20:14:10.200  1684  3405 I chatty  : uid=1000(system) Binder:1684_1B expire 1 line
11-12 20:14:10.218 30835 31321 D HwCustConnectivityManagerImpl: isBlockNetworkRequestByNonAis, INVALID_SUBSCRIPTION_ID
11-12 20:14:10.220  1684  2373 I chatty  : uid=1000(system) Binder:1684_6 expire 7 lines
11-12 20:14:10.221  1684  5910 I chatty  : uid=1000(system) Binder:1684_1F expire 18 lines
11-12 20:14:10.263 30835 31321 W PackageParser: Unknown element under <manifest>: queries at /data/app/com.huawei.fastapp-u5Nfu_iMywaQgSXlhswOJQ==/base.apk Binary XML file line #160
11-12 20:14:10.263 30835 31321 W PackageParser: Unknown element under <manifest>: meta-data at /data/app/com.huawei.fastapp-u5Nfu_iMywaQgSXlhswOJQ==/base.apk Binary XML file line #181
11-12 20:14:10.295 30835 31321 W PackageParser: No actions in intent filter at /data/app/com.huawei.fastapp-u5Nfu_iMywaQgSXlhswOJQ==/base.apk Binary XML file line #1811
11-12 20:14:10.386 30835 31321 D SystemConfig: Removed unavailable feature android.hardware.sensor.barometer
11-12 20:14:10.404 30835 31321 W SystemConfig: No directory /product_services/etc/sysconfig, skipping
11-12 20:14:10.404 30835 31321 W SystemConfig: No directory /product_services/etc/permissions, skipping
11-12 20:14:10.405 30835 31321 W SystemConfig: No directory /system/emui/base/sysconfig, skipping
11-12 20:14:10.406 30835 31321 W SystemConfig: No directory /system/emui/china/sysconfig, skipping
11-12 20:14:10.407 30835 31321 W SystemConfig: No directory /vendor/etc/sysconfig, skipping
11-12 20:14:10.410 30835 31321 D SystemConfig: Removed unavailable feature android.hardware.sensor.barometer
11-12 20:14:10.413 30835 31321 W SystemConfig: No directory /odm/cust/all/cn/sysconfig, skipping
11-12 20:14:10.413 30835 31321 W SystemConfig: No directory /odm/cust/all/cn/permissions, skipping
11-12 20:14:10.413 30835 31321 W SystemConfig: No directory /odm/etc/sysconfig, skipping
11-12 20:14:10.414 30835 31321 W SystemConfig: No directory /odm/etc/carrier/46001/sysconfig, skipping
11-12 20:14:10.414 30835 31321 W SystemConfig: No directory /odm/etc/carrier/46001/permissions, skipping
11-12 20:14:10.415 30835 31321 W SystemConfig: No directory /odm/hw_odm/ELE-AL00/sysconfig, skipping
11-12 20:14:10.415 30835 31321 W SystemConfig: No directory /odm/hw_odm/ELE-AL00/permissions, skipping
11-12 20:14:10.415 30835 31321 W SystemConfig: No directory /hw_product/etc/sysconfig, skipping
11-12 20:14:10.420 30835 31321 W SystemConfig: No directory /hw_product/etc/carrier/46001/sysconfig, skipping
11-12 20:14:10.420 30835 31321 W SystemConfig: No directory /hw_product/etc/carrier/46001/permissions, skipping
11-12 20:14:10.420 30835 31321 W SystemConfig: No directory /hw_product/region_comm/china/sysconfig, skipping
11-12 20:14:10.422  2525  2849 D NpdcpAliveManager: ro.odm.npdcp_alive_cfg_enable is false
11-12 20:14:10.423 30835 31321 W SystemConfig: No directory /preas/china/sysconfig, skipping
11-12 20:14:10.427 30835 31321 W SystemConfig: No directory /hw_product/hw_oem/ELE-AL00/sysconfig, skipping
11-12 20:14:10.428 30835 31321 W SystemConfig: No directory /preload/ELE-AL00/all/cn/sysconfig, skipping
11-12 20:14:10.429 30835 31321 W SystemConfig: No directory /cust/global/sysconfig, skipping
11-12 20:14:10.429 30835 31321 W SystemConfig: No directory /cust/global/permissions, skipping
11-12 20:14:10.429 30835 31321 W SystemConfig: No directory /cust/global/carrier/46001/sysconfig, skipping
11-12 20:14:10.429 30835 31321 W SystemConfig: No directory /cust/global/carrier/46001/permissions, skipping
11-12 20:14:10.429 30835 31321 W SystemConfig: No directory /cust/hw/cn/sysconfig, skipping
11-12 20:14:10.429 30835 31321 W SystemConfig: No directory /cust/hw/cn/permissions, skipping
11-12 20:14:10.429 30835 31321 W SystemConfig: No directory /cust/hw/cn/carrier/46001/sysconfig, skipping
11-12 20:14:10.429 30835 31321 W SystemConfig: No directory /cust/hw/cn/carrier/46001/permissions, skipping
11-12 20:14:10.429 30835 31321 W SystemConfig: No directory /version/cust/all/cn/sysconfig, skipping
11-12 20:14:10.430 30835 31321 W SystemConfig: No directory /hw_product/special_cust/ELE-AL00/all/cn/sysconfig, skipping
11-12 20:14:10.430 30835 31321 W SystemConfig: No directory /hw_product/special_cust/ELE-AL00/all/cn/permissions, skipping
11-12 20:14:10.431 30835 31321 W SystemConfig: No directory /version/special_cust/ELE-AL00/all/cn/sysconfig, skipping
11-12 20:14:10.431 30835 31321 W SystemConfig: No directory /version/special_cust/ELE-AL00/all/cn/permissions, skipping
11-12 20:14:10.431 30835 31321 W SystemConfig: No directory /cust/cotalite/sysconfig, skipping
11-12 20:14:10.431 30835 31321 W SystemConfig: No directory /cust/cotalite/permissions, skipping
11-12 20:14:10.431 30835 31321 W SystemConfig: No directory /cust/ecota/sysconfig, skipping
11-12 20:14:10.431 30835 31321 W SystemConfig: No directory /cust/ecota/permissions, skipping
11-12 20:14:10.431 30835 31321 I HwCustSystemConfigImpl: start read overlay feature.
11-12 20:14:10.434 30835 31321 I HwCustSystemConfigImpl: overlay feature take effect.
11-12 20:14:10.454  1684  2885 I chatty  : uid=1000(system) AdbDebuggingMan expire 3 lines
11-12 20:14:10.486  1684  3401 I chatty  : uid=1000(system) Binder:1684_18 expire 8 lines
11-12 20:14:10.568  1684  1826 I chatty  : uid=1000(system) ActivityManager expire 10 lines
